Microchip MPLAB XC8 Compiler V2.20

Linker command line:

-W-3 --edf=C:\Program Files\Microchip\xc8\v2.20\pic\dat\en_msgs.txt -cn \
  -h+dist/default/production\STX0031_PIC.X.production.sym \
  --cmf=dist/default/production\STX0031_PIC.X.production.cmf -z -Q16F1829 \
  -oC:\Users\Administrator\AppData\Local\Temp\s6qg.3 \
  --defsym=__MPLAB_BUILD=1 \
  -Mdist/default/production/STX0031_PIC.X.production.map -E1 \
  -ver=XC8 Compiler --acfsm=1493 -ASTACK=020D8h-023EFh -pstack=STACK \
  -ACODE=00h-07FFhx4 -ASTRCODE=00h-01FFFh -ASTRING=00h-0FFhx32 \
  -ACONST=00h-0FFhx32 -AENTRY=00h-0FFhx32 -ACOMMON=070h-07Fh \
  -ABANK0=020h-06Fh -ABANK1=0A0h-0EFh -ABANK2=0120h-016Fh \
  -ABANK3=01A0h-01EFh -ABANK4=0220h-026Fh -ABANK5=02A0h-02EFh \
  -ABANK6=0320h-036Fh -ABANK7=03A0h-03EFh -ABANK8=0420h-046Fh \
  -ABANK9=04A0h-04EFh -ABANK10=0520h-056Fh -ABANK11=05A0h-05EFh \
  -ABANK12=0620h-064Fh -ABIGRAM=02000h-023EFh \
  -ARAM=020h-06Fh,0A0h-0EFh,0120h-016Fh,01A0h-01EFh,0220h-026Fh,02A0h-02EFh,0320h-036Fh,03A0h-03EFh,0420h-046Fh,04A0h-04EFh,0520h-056Fh,05A0h-05EFh,0620h-064Fh \
  -AABS1=020h-07Fh,0A0h-0EFh,0120h-016Fh,01A0h-01EFh,0220h-026Fh,02A0h-02EFh,0320h-036Fh,03A0h-03EFh,0420h-046Fh,04A0h-04EFh,0520h-056Fh,05A0h-05EFh,0620h-064Fh \
  -ASFR0=00h-01Fh -ASFR1=080h-09Fh -ASFR2=0100h-011Fh -ASFR3=0180h-019Fh \
  -ASFR4=0200h-021Fh -ASFR5=0280h-029Fh -ASFR6=0300h-031Fh \
  -ASFR7=0380h-039Fh -ASFR8=0400h-041Fh -ASFR9=0480h-049Fh \
  -ASFR10=0500h-051Fh -ASFR11=0580h-059Fh -ASFR12=0600h-061Fh \
  -ASFR13=0680h-06EFh -ASFR14=0700h-076Fh -ASFR15=0780h-07EFh \
  -ASFR16=0800h-086Fh -ASFR17=0880h-08EFh -ASFR18=0900h-096Fh \
  -ASFR19=0980h-09EFh -ASFR20=0A00h-0A6Fh -ASFR21=0A80h-0AEFh \
  -ASFR22=0B00h-0B6Fh -ASFR23=0B80h-0BEFh -ASFR24=0C00h-0C6Fh \
  -ASFR25=0C80h-0CEFh -ASFR26=0D00h-0D6Fh -ASFR27=0D80h-0DEFh \
  -ASFR28=0E00h-0E6Fh -ASFR29=0E80h-0EEFh -ASFR30=0F00h-0F6Fh \
  -ASFR31=0F80h-0FEFh -ACONFIG=08007h-08008h -DCONFIG=2 \
  -AIDLOC=08000h-08003h -DIDLOC=2 \
  -preset_vec=00h,intentry=04h,init,end_init -ppowerup=CODE -pcinit=CODE \
  -pfunctab=ENTRY -AEEDATA=00h-0FFh/0F000h -peeprom_data=EEDATA -DEEDATA=2 \
  -DCODE=2 -DSTRCODE=2 -DSTRING=2 -DCONST=2 -DENTRY=2 -k \
  C:\Users\Administrator\AppData\Local\Temp\s6qg.o \
  dist/default/production\STX0031_PIC.X.production.o 

Object code version is 3.11

Machine type is 16F1829



                Name                               Link     Load   Length Selector   Space Scale
C:\Users\Administrator\AppData\Local\Temp\s6qg.o
                end_init                             1B       1B        2        8       0
                reset_vec                             0        0        2        0       0
                config                             8007     8007        2        0       4
dist/default/production\STX0031_PIC.X.production.o
                cinit                                1D       1D       1D        8       0
                intentry                              4        4       17        8       0
                config                             8007     8007        2        0       4
                text57                              D31      D31       56     1A62       0
                text55                              CA0      CA0       3F     1940       0
                text54                              9E1      9E1        B     13C2       0
                text53                              9AA      9AA        1     1354       0
                text52                              9AB      9AB        1     1356       0
                text51                              9D0      9D0        8     13A0       0
                text50                              9EC      9EC        B     13D8       0
                text49                              9AC      9AC        1     1358       0
                text48                              B92      B92       20     1724       0
                text47                              9AD      9AD        1     135A       0
                text46                              9BB      9BB        7     1376       0
                text45                              9D8      9D8        9     13B0       0
                text44                              BD4      BD4       23     17A8       0
                text43                              C62      C62       3E     18C4       0
                text42                              9AE      9AE        1     135C       0
                text41                              9AF      9AF        1     135E       0
                text40                              9B0      9B0        1     1360       0
                text39                              9C2      9C2        7     1384       0
                text38                              A6F      A6F       19     14DE       0
                text37                              A30      A30       13     1460       0
                text36                              AFA      AFA       1E     15F4       0
                text35                               3A       3A      1AF        8       0
                text34                              9B1      9B1        1     1362       0
                text33                                2        2        1        0       0
                text32                              B54      B54       1F     16A8       0
                text31                              67C      67C       EB        8       0
                text30                              F2A      F2A       D6     1E54       0
                text29                              9C9      9C9        7     1392       0
                text28                              A02      A02        F     1404       0
                text27                              C2B      C2B       37     1856       0
                text26                              D87      D87       58     1B0E       0
                text25                              385      385      10F        8       0
                text24                              7E6      7E6       1A        8       0
                text23                              AA3      AA3       1D     1546       0
                text22                              A20      A20       10     1440       0
                text21                              B18      B18       1E     1630       0
                text20                              A43      A43       14     1486       0
                text19                              9B2      9B2        3     1364       0
                text18                              A57      A57       18     14AE       0
                text17                              BB2      BB2       22     1764       0
                text16                              DDF      DDF       59     1BBE       0
                text15                              A11      A11        F     1422       0
                text14                              494      494       FA        8       0
                text13                              AC0      AC0       1D     1580       0
                text12                              ADD      ADD       1D     15BA       0
                text11                              9F7      9F7        B     13EE       0
                text10                              B73      B73       1F     16E6       0
                text9                               1E9      1E9      19C        8       0
                text8                               BF7      BF7       34     17EE       0
                text7                               CDF      CDF       52     19BE       0
                text6                               58E      58E       EE        8       0
                text5                               EAB      EAB       7F     1D56       0
                text4                                 3        3        1        6       0
                text3                               A88      A88       1B     1510       0
                text2                               767      767       7F        8       0
                text1                               B36      B36       1E     166C       0
                maintext                            E38      E38       73     1C70       0
                cstackBANK0                          53       53       1D       20       1
                cstackCOMMON                         70       70        A       70       1
                clrtext                             9B5      9B5        6     136A       0
                bssBANK2                            120      120       38      120       1
                bssBANK1                             A0       A0       47       A0       1
                bssBANK0                             20       20       33       20       1
                bssCOMMON                            7A       7A        1       70       1
                stringtext2                        1011     1011       10     2000       0
                stringtext1                        1000     1000       11     2000       0

TOTAL           Name                               Link     Load   Length     Space
        CLASS   STACK          

        CLASS   CODE           
                end_init                             1B       1B        2         0
                cinit                                1D       1D       1D         0
                intentry                              4        4       17         0
                reset_vec                             0        0        2         0
                text57                              D31      D31       56         0
                text55                              CA0      CA0       3F         0
                text54                              9E1      9E1        B         0
                text53                              9AA      9AA        1         0
                text52                              9AB      9AB        1         0
                text51                              9D0      9D0        8         0
                text50                              9EC      9EC        B         0
                text49                              9AC      9AC        1         0
                text48                              B92      B92       20         0
                text47                              9AD      9AD        1         0
                text46                              9BB      9BB        7         0
                text45                              9D8      9D8        9         0
                text44                              BD4      BD4       23         0
                text43                              C62      C62       3E         0
                text42                              9AE      9AE        1         0
                text41                              9AF      9AF        1         0
                text40                              9B0      9B0        1         0
                text39                              9C2      9C2        7         0
                text38                              A6F      A6F       19         0
                text37                              A30      A30       13         0
                text36                              AFA      AFA       1E         0
                text35                               3A       3A      1AF         0
                text34                              9B1      9B1        1         0
                text33                                2        2        1         0
                text32                              B54      B54       1F         0
                text31                              67C      67C       EB         0
                text30                              F2A      F2A       D6         0
                text29                              9C9      9C9        7         0
                text28                              A02      A02        F         0
                text27                              C2B      C2B       37         0
                text26                              D87      D87       58         0
                text25                              385      385      10F         0
                text24                              7E6      7E6       1A         0
                text23                              AA3      AA3       1D         0
                text22                              A20      A20       10         0
                text21                              B18      B18       1E         0
                text20                              A43      A43       14         0
                text19                              9B2      9B2        3         0
                text18                              A57      A57       18         0
                text17                              BB2      BB2       22         0
                text16                              DDF      DDF       59         0
                text15                              A11      A11        F         0
                text14                              494      494       FA         0
                text13                              AC0      AC0       1D         0
                text12                              ADD      ADD       1D         0
                text11                              9F7      9F7        B         0
                text10                              B73      B73       1F         0
                text9                               1E9      1E9      19C         0
                text8                               BF7      BF7       34         0
                text7                               CDF      CDF       52         0
                text6                               58E      58E       EE         0
                text5                               EAB      EAB       7F         0
                text4                                 3        3        1         0
                text3                               A88      A88       1B         0
                text2                               767      767       7F         0
                text1                               B36      B36       1E         0
                maintext                            E38      E38       73         0
                clrtext                             9B5      9B5        6         0

        CLASS   STRCODE        
                stringtext2                        1011     1011       10         0
                stringtext1                        1000     1000       11         0

        CLASS   STRING         

        CLASS   CONST          

        CLASS   ENTRY          

        CLASS   COMMON         
                cstackCOMMON                         70       70        A         1
                bssCOMMON                            7A       7A        1         1

        CLASS   BANK0          
                cstackBANK0                          53       53       1D         1
                bssBANK0                             20       20       33         1

        CLASS   BANK1          
                bssBANK1                             A0       A0       47         1

        CLASS   BANK2          
                bssBANK2                            120      120       38         1

        CLASS   BANK3          

        CLASS   BANK4          

        CLASS   BANK5          

        CLASS   BANK6          

        CLASS   BANK7          

        CLASS   BANK8          

        CLASS   BANK9          

        CLASS   BANK10         

        CLASS   BANK11         

        CLASS   BANK12         

        CLASS   BIGRAM         

        CLASS   RAM            

        CLASS   ABS1           
                abs_s1                               7E       7E        2         1

        CLASS   SFR0           

        CLASS   SFR1           

        CLASS   SFR2           

        CLASS   SFR3           

        CLASS   SFR4           

        CLASS   SFR5           

        CLASS   SFR6           

        CLASS   SFR7           

        CLASS   SFR8           

        CLASS   SFR9           

        CLASS   SFR10          

        CLASS   SFR11          

        CLASS   SFR12          

        CLASS   SFR13          

        CLASS   SFR14          

        CLASS   SFR15          

        CLASS   SFR16          

        CLASS   SFR17          

        CLASS   SFR18          

        CLASS   SFR19          

        CLASS   SFR20          

        CLASS   SFR21          

        CLASS   SFR22          

        CLASS   SFR23          

        CLASS   SFR24          

        CLASS   SFR25          

        CLASS   SFR26          

        CLASS   SFR27          

        CLASS   SFR28          

        CLASS   SFR29          

        CLASS   SFR30          

        CLASS   SFR31          

        CLASS   CONFIG         
                config                             8007     8007        2         4

        CLASS   IDLOC          

        CLASS   EEDATA         

        CLASS   BANK31         

        CLASS   BANK30         

        CLASS   BANK29         

        CLASS   BANK28         

        CLASS   BANK27         

        CLASS   BANK26         

        CLASS   BANK25         

        CLASS   BANK24         

        CLASS   BANK23         

        CLASS   BANK22         

        CLASS   BANK21         

        CLASS   BANK20         

        CLASS   BANK19         

        CLASS   BANK18         

        CLASS   BANK17         

        CLASS   BANK16         

        CLASS   BANK15         

        CLASS   BANK14         

        CLASS   BANK13         



SEGMENTS        Name                           Load    Length   Top    Selector   Space  Class     Delta

                reset_vec                      000000  000003  000003         0       0  CODE        2
                text4                          000003  000001  000004         6       0  CODE        2
                intentry                       000004  0007FC  000800         8       0  CODE        2
                bssBANK0                       000020  000050  000070        20       1  BANK0       1
                cstackCOMMON                   000070  00000B  00007B        70       1  COMMON      1
                bssBANK1                       0000A0  000047  0000E7        A0       1  BANK1       1
                bssBANK2                       000120  000038  000158       120       1  BANK2       1
                text53                         0009AA  000001  0009AB      1354       0  CODE        2
                text52                         0009AB  000001  0009AC      1356       0  CODE        2
                text49                         0009AC  000001  0009AD      1358       0  CODE        2
                text47                         0009AD  000001  0009AE      135A       0  CODE        2
                text42                         0009AE  000001  0009AF      135C       0  CODE        2
                text41                         0009AF  000001  0009B0      135E       0  CODE        2
                text40                         0009B0  000001  0009B1      1360       0  CODE        2
                text34                         0009B1  000001  0009B2      1362       0  CODE        2
                text19                         0009B2  000003  0009B5      1364       0  CODE        2
                clrtext                        0009B5  000006  0009BB      136A       0  CODE        2
                text46                         0009BB  000007  0009C2      1376       0  CODE        2
                text39                         0009C2  000007  0009C9      1384       0  CODE        2
                text29                         0009C9  000007  0009D0      1392       0  CODE        2
                text51                         0009D0  000008  0009D8      13A0       0  CODE        2
                text45                         0009D8  000009  0009E1      13B0       0  CODE        2
                text54                         0009E1  00000B  0009EC      13C2       0  CODE        2
                text50                         0009EC  00000B  0009F7      13D8       0  CODE        2
                text11                         0009F7  00000B  000A02      13EE       0  CODE        2
                text28                         000A02  00000F  000A11      1404       0  CODE        2
                text15                         000A11  00000F  000A20      1422       0  CODE        2
                text22                         000A20  000010  000A30      1440       0  CODE        2
                text37                         000A30  000013  000A43      1460       0  CODE        2
                text20                         000A43  000014  000A57      1486       0  CODE        2
                text18                         000A57  000018  000A6F      14AE       0  CODE        2
                text38                         000A6F  000019  000A88      14DE       0  CODE        2
                text3                          000A88  00001B  000AA3      1510       0  CODE        2
                text23                         000AA3  00001D  000AC0      1546       0  CODE        2
                text13                         000AC0  00001D  000ADD      1580       0  CODE        2
                text12                         000ADD  00001D  000AFA      15BA       0  CODE        2
                text36                         000AFA  00001E  000B18      15F4       0  CODE        2
                text21                         000B18  00001E  000B36      1630       0  CODE        2
                text1                          000B36  00001E  000B54      166C       0  CODE        2
                text32                         000B54  00001F  000B73      16A8       0  CODE        2
                text10                         000B73  00001F  000B92      16E6       0  CODE        2
                text48                         000B92  000020  000BB2      1724       0  CODE        2
                text17                         000BB2  000022  000BD4      1764       0  CODE        2
                text44                         000BD4  000023  000BF7      17A8       0  CODE        2
                text8                          000BF7  000034  000C2B      17EE       0  CODE        2
                text27                         000C2B  000037  000C62      1856       0  CODE        2
                text43                         000C62  00003E  000CA0      18C4       0  CODE        2
                text55                         000CA0  00003F  000CDF      1940       0  CODE        2
                text7                          000CDF  000052  000D31      19BE       0  CODE        2
                text57                         000D31  000056  000D87      1A62       0  CODE        2
                text26                         000D87  000058  000DDF      1B0E       0  CODE        2
                text16                         000DDF  000059  000E38      1BBE       0  CODE        2
                maintext                       000E38  000073  000EAB      1C70       0  CODE        2
                text5                          000EAB  00007F  000F2A      1D56       0  CODE        2
                text30                         000F2A  0000D6  001000      1E54       0  CODE        2
                stringtext1                    001000  000021  001021      2000       0  STRCODE     2


UNUSED ADDRESS RANGES

        Name                Unused          Largest block    Delta
        BANK1            000E7-000EF               9           1
        BANK10           00520-0056F              50           1
        BANK11           005A0-005EF              50           1
        BANK12           00620-0064F              30           1
        BANK2            00158-0016F              18           1
        BANK3            001A0-001EF              50           1
        BANK4            00220-0026F              50           1
        BANK5            002A0-002EF              50           1
        BANK6            00320-0036F              50           1
        BANK7            003A0-003EF              50           1
        BANK8            00420-0046F              50           1
        BANK9            004A0-004EF              50           1
        BIGRAM           02000-023EF             3F0           1
        CODE             00800-009A9             1AA           2
                         01021-01FFF             7DF
        COMMON           0007B-0007D               3           1
        CONST            00800-009A9             100           2
                         01021-01FFF             100
        EEDATA           0F000-0F0FF             100           2
        ENTRY            00800-009A9             100           2
                         01021-01FFF             100
        IDLOC            08000-08003               4           2
        RAM              000E7-000EF               9           1
                         00158-0016F              18
                         001A0-001EF              50
                         00220-0026F              50
                         002A0-002EF              50
                         00320-0036F              50
                         003A0-003EF              50
                         00420-0046F              50
                         004A0-004EF              50
                         00520-0056F              50
                         005A0-005EF              50
                         00620-0064F              30
        SFR0             00000-0001F              20           1
        SFR1             00080-0009F              20           1
        SFR10            00500-0051F              20           1
        SFR11            00580-0059F              20           1
        SFR12            00600-0061F              20           1
        SFR13            00680-006EF              70           1
        SFR14            00700-0076F              70           1
        SFR15            00780-007EF              70           1
        SFR16            00800-0086F              70           1
        SFR17            00880-008EF              70           1
        SFR18            00900-0096F              70           1
        SFR19            00980-009EF              70           1
        SFR2             00100-0011F              20           1
        SFR20            00A00-00A6F              70           1
        SFR21            00A80-00AEF              70           1
        SFR22            00B00-00B6F              70           1
        SFR23            00B80-00BEF              70           1
        SFR24            00C00-00C6F              70           1
        SFR25            00C80-00CEF              70           1
        SFR26            00D00-00D6F              70           1
        SFR27            00D80-00DEF              70           1
        SFR28            00E00-00E6F              70           1
        SFR29            00E80-00EEF              70           1
        SFR3             00180-0019F              20           1
        SFR30            00F00-00F6F              70           1
        SFR31            00F80-00FEF              70           1
        SFR4             00200-0021F              20           1
        SFR5             00280-0029F              20           1
        SFR6             00300-0031F              20           1
        SFR7             00380-0039F              20           1
        SFR8             00400-0041F              20           1
        SFR9             00480-0049F              20           1
        STACK            020D8-023EF             318           1
        STRCODE          00800-009A9             1AA           2
                         01021-01FFF             FDF
        STRING           00800-009A9             100           2
                         01021-01FFF             100

                                  Symbol Table

?_SetFixedLengthCode                        cstackCOMMON 00073
?___lmul                                    cstackBANK0  00053
?_atol_de                                   cstackBANK0  0005B
Delayus@timer                               cstackCOMMON 00074
Delayus@x                                   cstackCOMMON 00075
SendTxData@def_preamble                     cstackBANK0  00063
SendTxData@i                                cstackBANK0  00062
SetFixedLengthCode@code                     cstackCOMMON 00077
SetFixedLengthCode@data                     cstackCOMMON 00076
SetFixedLengthCode@i                        cstackCOMMON 00079
SetTxData@Control_code_set                  cstackBANK0  00057
SetTxData@ID_data_set                       cstackBANK0  00053
SetTxData@count_set                         cstackBANK0  0005D
SetTxData@unii                              cstackBANK0  0005E
SetTxData@unij                              cstackBANK0  0005B
SetTxData@unik                              cstackBANK0  00059
WriteByteToFLASH@Addr                       cstackCOMMON 00073
WriteByteToFLASH@Dat                        cstackCOMMON 00077
_AD_DATA_BUFF                               bssBANK1     000C8
_AD_control                                 text55       00CA0
_ANSELA                                     (abs)        0018C
_ANSELB                                     (abs)        0018D
_ANSELC                                     (abs)        0018E
_BASE_TIME_BEEP_off                         bssBANK0     00040
_BASE_TIME_BEEP_on                          bssBANK1     000C4
_BAT_Voltage_value                          bssBANK1     000B0
_BAT_out                                    bssBANK0     0004C
_ClearWDT                                   text42       009AE
_Control_code                               bssBANK0     0004E
_Default_adf7012_value                      stringtext2  01011
_Delayus                                    text28       00A02
_EXIT_init                                  text54       009E1
_EXTI_PORTA1                                text57       00D31
_FVRRDY                                     (abs)        008BE
_GIE                                        (abs)        0005F
_HFIOFR                                     (abs)        004D4
_ID_INT_CODE                                bssBANK0     00051
_ID_data                                    bssBANK1     000BC
_ID_data_add                                bssBANK1     000B8
_INTCONbits                                 (abs)        0000B
_IOCAF                                      (abs)        00393
_IOCAN                                      (abs)        00392
_IOCAP                                      (abs)        00391
_IOCIE                                      (abs)        0005B
_IOCIF                                      (abs)        00058
_ISR                                        intentry     00004
_InitialFlashReg                            text53       009AA
_KeyOpt_EEPROM_write                        text38       00A6F
_LockFlash                                  text41       009AF
_OSCCON                                     (abs)        00099
_PEIE                                       (abs)        0005E
_PR2                                        (abs)        0001B
_RA2                                        (abs)        00062
_RA3                                        (abs)        00063
_RA4                                        (abs)        00064
_RA5                                        (abs)        00065
_RAM_BAT_AVG                                bssBANK1     000E5
_RAM_BAT_CNT                                bssBANK0     0004D
_RAM_BAT_SUM                                bssBANK1     000B4
_RAM_OP1                                    bssBANK0     00052
_RAM_OP2                                    bssBANK0     0003B
_RAM_OP3                                    bssCOMMON    0007A
_RAM_RegSW                                  bssBANK0     00044
_RAM_SW                                     bssBANK0     00043
_RB4                                        (abs)        0006C
_RB5                                        (abs)        0006D
_RB6                                        (abs)        0006E
_RB7                                        (abs)        0006F
_RC0                                        (abs)        00070
_RC2                                        (abs)        00072
_RC3                                        (abs)        00073
_RC4                                        (abs)        00074
_RC5                                        (abs)        00075
_RC6                                        (abs)        00076
_RC7                                        (abs)        00077
_ROM_adf7012_value                          bssBANK1     000CC
_SIO_DATA                                   bssBANK2     00148
_SIO_buff                                   bssBANK1     000A0
_SIO_cnt                                    bssBANK0     00034
_START_AD_SAMPLER                           text52       009AB
_SendTxData                                 text30       00F2A
_SetFixedLengthCode                         text32       00B54
_SetTxData                                  text31       0067C
_SysClock_Init                              text51       009D0
_T2CON                                      (abs)        0001C
_TB_100ms                                   bssBANK0     0004A
_TB_51s                                     bssBANK0     00049
_TB_5s                                      bssBANK0     00048
_TB_sum_5s                                  bssBANK0     00038
_TEST_No                                    bssBANK0     00036
_TIM4_Init                                  text50       009EC
_TIME_10s                                   bssBANK0     00020
_TIME_2s_RestTX                             bssBANK0     00042
_TIME_BEEP_freq                             bssBANK0     0003E
_TIME_BEEP_off                              bssBANK0     0003F
_TIME_BEEP_on                               bssBANK1     000C2
_TIME_Once_twice_switch                     bssBANK0     00022
_TIME_power_on_AD                           bssBANK0     00030
_TMR2                                       (abs)        0001A
_TMR2IE                                     (abs)        00489
_TMR2IF                                     (abs)        00089
_TRISA                                      (abs)        0008C
_TRISB                                      (abs)        0008D
_TRISC                                      (abs)        0008E
_UART1_INIT                                 text49       009AC
_UART1_end                                  text4        00003
_UnlockFlash                                text40       009B0
_VHF_GPIO_INIT                              text48       00B92
_WDT_init                                   text47       009AD
_WPUA                                       (abs)        0020C
_WPUB                                       (abs)        0020D
_WPUC                                       (abs)        0020E
_WriteByteToFLASH                           text39       009C2
__ClearSpecialMultiKeyState                 text46       009BB
__DupliFuncClear                            text37       00A30
__DupliFuncSetMode                          text35       0003A
__DupliFuncSetMode@m_KeyOpt                 cstackCOMMON 00079
__FuncAutoTxStart                           text34       009B1
__FuncAutoTxStop                            text33       00002
__FuncCloseReg                              text23       00AA3
__FuncNoPush                                text22       00A20
__FuncOpenReg                               text21       00B18
__FuncOpenStop                              text20       00A43
__FuncReg                                   text16       00DDF
__FuncStop                                  text14       00494
__FuncStopReg                               text13       00AC0
__FuncVentReg                               text12       00ADD
__GetNoPushState                            text15       00A11
__GetRegMode                                text19       009B2
__Habs1                                     abs1         00000
__Hbank0                                    bank0        00000
__Hbank1                                    bank1        00000
__Hbank10                                   bank10       00000
__Hbank11                                   bank11       00000
__Hbank12                                   bank12       00000
__Hbank13                                   bank13       00000
__Hbank14                                   bank14       00000
__Hbank15                                   bank15       00000
__Hbank16                                   bank16       00000
__Hbank17                                   bank17       00000
__Hbank18                                   bank18       00000
__Hbank19                                   bank19       00000
__Hbank2                                    bank2        00000
__Hbank20                                   bank20       00000
__Hbank21                                   bank21       00000
__Hbank22                                   bank22       00000
__Hbank23                                   bank23       00000
__Hbank24                                   bank24       00000
__Hbank25                                   bank25       00000
__Hbank26                                   bank26       00000
__Hbank27                                   bank27       00000
__Hbank28                                   bank28       00000
__Hbank29                                   bank29       00000
__Hbank3                                    bank3        00000
__Hbank30                                   bank30       00000
__Hbank31                                   bank31       00000
__Hbank4                                    bank4        00000
__Hbank5                                    bank5        00000
__Hbank6                                    bank6        00000
__Hbank7                                    bank7        00000
__Hbank8                                    bank8        00000
__Hbank9                                    bank9        00000
__Hbigram                                   bigram       00000
__HbssBANK0                                 bssBANK0     00000
__HbssBANK1                                 bssBANK1     00000
__HbssBANK2                                 bssBANK2     00000
__HbssCOMMON                                bssCOMMON    00000
__Hcinit                                    cinit        0003A
__Hclrtext                                  clrtext      00000
__Hcode                                     code         00000
__Hcommon                                   common       00000
__Hconfig                                   config       08009
__HcstackBANK0                              cstackBANK0  00000
__HcstackCOMMON                             cstackCOMMON 00000
__Heeprom_data                              eeprom_data  00000
__Hend_init                                 end_init     0001D
__Hfunctab                                  functab      00000
__Hinit                                     init         0001B
__Hintentry                                 intentry     0001B
__Hmaintext                                 maintext     00000
__Hpowerup                                  powerup      00000
__Hram                                      ram          00000
__Hreset_vec                                reset_vec    00002
__Hsfr0                                     sfr0         00000
__Hsfr1                                     sfr1         00000
__Hsfr10                                    sfr10        00000
__Hsfr11                                    sfr11        00000
__Hsfr12                                    sfr12        00000
__Hsfr13                                    sfr13        00000
__Hsfr14                                    sfr14        00000
__Hsfr15                                    sfr15        00000
__Hsfr16                                    sfr16        00000
__Hsfr17                                    sfr17        00000
__Hsfr18                                    sfr18        00000
__Hsfr19                                    sfr19        00000
__Hsfr2                                     sfr2         00000
__Hsfr20                                    sfr20        00000
__Hsfr21                                    sfr21        00000
__Hsfr22                                    sfr22        00000
__Hsfr23                                    sfr23        00000
__Hsfr24                                    sfr24        00000
__Hsfr25                                    sfr25        00000
__Hsfr26                                    sfr26        00000
__Hsfr27                                    sfr27        00000
__Hsfr28                                    sfr28        00000
__Hsfr29                                    sfr29        00000
__Hsfr3                                     sfr3         00000
__Hsfr30                                    sfr30        00000
__Hsfr31                                    sfr31        00000
__Hsfr4                                     sfr4         00000
__Hsfr5                                     sfr5         00000
__Hsfr6                                     sfr6         00000
__Hsfr7                                     sfr7         00000
__Hsfr8                                     sfr8         00000
__Hsfr9                                     sfr9         00000
__Hspace_0                                  (abs)        01021
__Hspace_1                                  (abs)        00158
__Hspace_2                                  (abs)        00000
__Hspace_3                                  (abs)        00000
__Hspace_4                                  (abs)        10010
__Hstack                                    stack        00000
__Hstrings                                  strings      00000
__Hstringtext1                              stringtext1  00000
__Hstringtext2                              stringtext2  00000
__Htext                                     text         00000
__IdClear                                   text18       00A57
__IdClear@i                                 cstackCOMMON 00074
__Init_RAM                                  text44       00BD4
__KeyInTx                                   text9        001E9
__KeyInTx@i                                 cstackBANK0  0006E
__Labs1                                     abs1         00000
__Lbank0                                    bank0        00000
__Lbank1                                    bank1        00000
__Lbank10                                   bank10       00000
__Lbank11                                   bank11       00000
__Lbank12                                   bank12       00000
__Lbank13                                   bank13       00000
__Lbank14                                   bank14       00000
__Lbank15                                   bank15       00000
__Lbank16                                   bank16       00000
__Lbank17                                   bank17       00000
__Lbank18                                   bank18       00000
__Lbank19                                   bank19       00000
__Lbank2                                    bank2        00000
__Lbank20                                   bank20       00000
__Lbank21                                   bank21       00000
__Lbank22                                   bank22       00000
__Lbank23                                   bank23       00000
__Lbank24                                   bank24       00000
__Lbank25                                   bank25       00000
__Lbank26                                   bank26       00000
__Lbank27                                   bank27       00000
__Lbank28                                   bank28       00000
__Lbank29                                   bank29       00000
__Lbank3                                    bank3        00000
__Lbank30                                   bank30       00000
__Lbank31                                   bank31       00000
__Lbank4                                    bank4        00000
__Lbank5                                    bank5        00000
__Lbank6                                    bank6        00000
__Lbank7                                    bank7        00000
__Lbank8                                    bank8        00000
__Lbank9                                    bank9        00000
__Lbigram                                   bigram       00000
__LbssBANK0                                 bssBANK0     00000
__LbssBANK1                                 bssBANK1     00000
__LbssBANK2                                 bssBANK2     00000
__LbssCOMMON                                bssCOMMON    00000
__Lcinit                                    cinit        0001D
__Lclrtext                                  clrtext      00000
__Lcode                                     code         00000
__Lcommon                                   common       00000
__Lconfig                                   config       00000
__LcstackBANK0                              cstackBANK0  00000
__LcstackCOMMON                             cstackCOMMON 00000
__Leeprom_data                              eeprom_data  00000
__Lend_init                                 end_init     0001B
__Lfunctab                                  functab      00000
__Linit                                     init         0001B
__Lintentry                                 intentry     00004
__Lmaintext                                 maintext     00000
__Lpowerup                                  powerup      00000
__Lram                                      ram          00000
__Lreset_vec                                reset_vec    00000
__Lsfr0                                     sfr0         00000
__Lsfr1                                     sfr1         00000
__Lsfr10                                    sfr10        00000
__Lsfr11                                    sfr11        00000
__Lsfr12                                    sfr12        00000
__Lsfr13                                    sfr13        00000
__Lsfr14                                    sfr14        00000
__Lsfr15                                    sfr15        00000
__Lsfr16                                    sfr16        00000
__Lsfr17                                    sfr17        00000
__Lsfr18                                    sfr18        00000
__Lsfr19                                    sfr19        00000
__Lsfr2                                     sfr2         00000
__Lsfr20                                    sfr20        00000
__Lsfr21                                    sfr21        00000
__Lsfr22                                    sfr22        00000
__Lsfr23                                    sfr23        00000
__Lsfr24                                    sfr24        00000
__Lsfr25                                    sfr25        00000
__Lsfr26                                    sfr26        00000
__Lsfr27                                    sfr27        00000
__Lsfr28                                    sfr28        00000
__Lsfr29                                    sfr29        00000
__Lsfr3                                     sfr3         00000
__Lsfr30                                    sfr30        00000
__Lsfr31                                    sfr31        00000
__Lsfr4                                     sfr4         00000
__Lsfr5                                     sfr5         00000
__Lsfr6                                     sfr6         00000
__Lsfr7                                     sfr7         00000
__Lsfr8                                     sfr8         00000
__Lsfr9                                     sfr9         00000
__Lspace_0                                  (abs)        00000
__Lspace_1                                  (abs)        00000
__Lspace_2                                  (abs)        00000
__Lspace_3                                  (abs)        00000
__Lspace_4                                  (abs)        00000
__Lstack                                    stack        00000
__Lstrings                                  strings      00000
__Lstringtext1                              stringtext1  00000
__Lstringtext2                              stringtext2  00000
__Ltext                                     text         00000
__Pass3secKey                               text24       007E6
__Pass3secKey@req                           cstackBANK0  0006A
__RegistrationMode                          text6        0058E
__ReqBuzzer                                 text36       00AFA
__ReqBuzzer@BEEP_freq_SET                   cstackCOMMON 00076
__ReqBuzzer@BEEP_off_SET                    cstackCOMMON 00075
__ReqBuzzer@BEEP_on_SET                     cstackCOMMON 00073
__ReqTxdEdit                                text25       00385
__ReqTxdEdit@buzreq                         cstackBANK0  00064
__ReqTxdEdit@time_key                       cstackBANK0  00069
__ReqTxdEdit@txreq                          cstackBANK0  00068
__S0                                        (abs)        01021
__S1                                        (abs)        00158
__S2                                        (abs)        00000
__S3                                        (abs)        00000
__SetKeyChatterCount                        text45       009D8
__SetRegistrationMode                       text17       00BB2
__SetRegistrationMode@mode                  cstackCOMMON 00079
__SwIn                                      text11       009F7
__SwIn@sw                                   cstackCOMMON 00073
___int_sp                                   stack        00000
___latbits                                  (abs)        00002
___lmul                                     text8        00BF7
___lmul@multiplicand                        cstackBANK0  00057
___lmul@multiplier                          cstackBANK0  00053
___lmul@product                             cstackCOMMON 00073
___sp                                       stack        00000
___stackhi                                  (abs)        023EF
___stacklo                                  (abs)        020D8
__end_of_AD_control                         text55       00CDF
__end_of_ClearWDT                           text42       009AF
__end_of_Default_adf7012_value              stringtext2  01021
__end_of_Delayus                            text28       00A11
__end_of_EXIT_init                          text54       009EC
__end_of_EXTI_PORTA1                        text57       00D87
__end_of_ISR                                intentry     0001B
__end_of_InitialFlashReg                    text53       009AB
__end_of_KeyOpt_EEPROM_write                text38       00A88
__end_of_LockFlash                          text41       009B0
__end_of_START_AD_SAMPLER                   text52       009AC
__end_of_SendTxData                         text30       01000
__end_of_SetFixedLengthCode                 text32       00B73
__end_of_SetTxData                          text31       00767
__end_of_SysClock_Init                      text51       009D8
__end_of_TIM4_Init                          text50       009F7
__end_of_UART1_INIT                         text49       009AD
__end_of_UART1_end                          text4        00004
__end_of_UnlockFlash                        text40       009B1
__end_of_VHF_GPIO_INIT                      text48       00BB2
__end_of_WDT_init                           text47       009AE
__end_of_WriteByteToFLASH                   text39       009C9
__end_of__ClearSpecialMultiKeyState         text46       009C2
__end_of__DupliFuncClear                    text37       00A43
__end_of__DupliFuncSetMode                  text35       001E9
__end_of__FuncAutoTxStart                   text34       009B2
__end_of__FuncAutoTxStop                    text33       00003
__end_of__FuncCloseReg                      text23       00AC0
__end_of__FuncNoPush                        text22       00A30
__end_of__FuncOpenReg                       text21       00B36
__end_of__FuncOpenStop                      text20       00A57
__end_of__FuncReg                           text16       00E38
__end_of__FuncStop                          text14       0058E
__end_of__FuncStopReg                       text13       00ADD
__end_of__FuncVentReg                       text12       00AFA
__end_of__GetNoPushState                    text15       00A20
__end_of__GetRegMode                        text19       009B5
__end_of__IdClear                           text18       00A6F
__end_of__Init_RAM                          text44       00BF7
__end_of__KeyInTx                           text9        00385
__end_of__Pass3secKey                       text24       00800
__end_of__RegistrationMode                  text6        0067C
__end_of__ReqBuzzer                         text36       00B18
__end_of__ReqTxdEdit                        text25       00494
__end_of__SetKeyChatterCount                text45       009E1
__end_of__SetRegistrationMode               text17       00BD4
__end_of__SwIn                              text11       00A02
__end_of___lmul                             text8        00C2B
__end_of__initialization                    cinit        00036
__end_of_atol_de                            text7        00D31
__end_of_ct_KeyDataTable                    stringtext1  01011
__end_of_dd_set_ADF7021_Power_on            text29       009D0
__end_of_dd_set_ADF7021_Power_on_Init       text10       00B92
__end_of_dd_set_ADF7021_Power_on_test       text3        00AA3
__end_of_dd_set_TX_mode                     text26       00DDF
__end_of_dd_write_7021_reg                  text27       00C62
__end_of_eeprom_sys_load                    text43       00CA0
__end_of_key_check                          text5        00F2A
__end_of_main                               maintext     00EAB
__end_of_test_mode_control                  text2        007E6
__end_of_time_control                       text1        00B54
__initialization                            cinit        0001D
__pbssBANK0                                 bssBANK0     00020
__pbssBANK1                                 bssBANK1     000A0
__pbssBANK2                                 bssBANK2     00120
__pbssCOMMON                                bssCOMMON    0007A
__pcstackBANK0                              cstackBANK0  00053
__pcstackCOMMON                             cstackCOMMON 00070
__pintentry                                 intentry     00004
__pmaintext                                 maintext     00E38
__pstringtext1                              stringtext1  01000
__pstringtext2                              stringtext2  01011
__ptext1                                    text1        00B36
__ptext10                                   text10       00B73
__ptext11                                   text11       009F7
__ptext12                                   text12       00ADD
__ptext13                                   text13       00AC0
__ptext14                                   text14       00494
__ptext15                                   text15       00A11
__ptext16                                   text16       00DDF
__ptext17                                   text17       00BB2
__ptext18                                   text18       00A57
__ptext19                                   text19       009B2
__ptext2                                    text2        00767
__ptext20                                   text20       00A43
__ptext21                                   text21       00B18
__ptext22                                   text22       00A20
__ptext23                                   text23       00AA3
__ptext24                                   text24       007E6
__ptext25                                   text25       00385
__ptext26                                   text26       00D87
__ptext27                                   text27       00C2B
__ptext28                                   text28       00A02
__ptext29                                   text29       009C9
__ptext3                                    text3        00A88
__ptext30                                   text30       00F2A
__ptext31                                   text31       0067C
__ptext32                                   text32       00B54
__ptext33                                   text33       00002
__ptext34                                   text34       009B1
__ptext35                                   text35       0003A
__ptext36                                   text36       00AFA
__ptext37                                   text37       00A30
__ptext38                                   text38       00A6F
__ptext39                                   text39       009C2
__ptext4                                    text4        00003
__ptext40                                   text40       009B0
__ptext41                                   text41       009AF
__ptext42                                   text42       009AE
__ptext43                                   text43       00C62
__ptext44                                   text44       00BD4
__ptext45                                   text45       009D8
__ptext46                                   text46       009BB
__ptext47                                   text47       009AD
__ptext48                                   text48       00B92
__ptext49                                   text49       009AC
__ptext5                                    text5        00EAB
__ptext50                                   text50       009EC
__ptext51                                   text51       009D0
__ptext52                                   text52       009AB
__ptext53                                   text53       009AA
__ptext54                                   text54       009E1
__ptext55                                   text55       00CA0
__ptext57                                   text57       00D31
__ptext6                                    text6        0058E
__ptext7                                    text7        00CDF
__ptext8                                    text8        00BF7
__ptext9                                    text9        001E9
__size_of_AD_control                        (abs)        00000
__size_of_ClearWDT                          (abs)        00000
__size_of_Delayus                           (abs)        00000
__size_of_EXIT_init                         (abs)        00000
__size_of_EXTI_PORTA1                       (abs)        00000
__size_of_ISR                               (abs)        00000
__size_of_InitialFlashReg                   (abs)        00000
__size_of_KeyOpt_EEPROM_write               (abs)        00000
__size_of_LockFlash                         (abs)        00000
__size_of_START_AD_SAMPLER                  (abs)        00000
__size_of_SendTxData                        (abs)        00000
__size_of_SetFixedLengthCode                (abs)        00000
__size_of_SetTxData                         (abs)        00000
__size_of_SysClock_Init                     (abs)        00000
__size_of_TIM4_Init                         (abs)        00000
__size_of_UART1_INIT                        (abs)        00000
__size_of_UART1_end                         (abs)        00000
__size_of_UnlockFlash                       (abs)        00000
__size_of_VHF_GPIO_INIT                     (abs)        00000
__size_of_WDT_init                          (abs)        00000
__size_of_WriteByteToFLASH                  (abs)        00000
__size_of__ClearSpecialMultiKeyState        (abs)        00000
__size_of__DupliFuncClear                   (abs)        00000
__size_of__DupliFuncSetMode                 (abs)        00000
__size_of__FuncAutoTxStart                  (abs)        00000
__size_of__FuncAutoTxStop                   (abs)        00000
__size_of__FuncCloseReg                     (abs)        00000
__size_of__FuncNoPush                       (abs)        00000
__size_of__FuncOpenReg                      (abs)        00000
__size_of__FuncOpenStop                     (abs)        00000
__size_of__FuncReg                          (abs)        00000
__size_of__FuncStop                         (abs)        00000
__size_of__FuncStopReg                      (abs)        00000
__size_of__FuncVentReg                      (abs)        00000
__size_of__GetNoPushState                   (abs)        00000
__size_of__GetRegMode                       (abs)        00000
__size_of__IdClear                          (abs)        00000
__size_of__Init_RAM                         (abs)        00000
__size_of__KeyInTx                          (abs)        00000
__size_of__Pass3secKey                      (abs)        00000
__size_of__RegistrationMode                 (abs)        00000
__size_of__ReqBuzzer                        (abs)        00000
__size_of__ReqTxdEdit                       (abs)        00000
__size_of__SetKeyChatterCount               (abs)        00000
__size_of__SetRegistrationMode              (abs)        00000
__size_of__SwIn                             (abs)        00000
__size_of___lmul                            (abs)        00000
__size_of_atol_de                           (abs)        00000
__size_of_dd_set_ADF7021_Power_on           (abs)        00000
__size_of_dd_set_ADF7021_Power_on_Init      (abs)        00000
__size_of_dd_set_ADF7021_Power_on_test      (abs)        00000
__size_of_dd_set_TX_mode                    (abs)        00000
__size_of_dd_write_7021_reg                 (abs)        00000
__size_of_eeprom_sys_load                   (abs)        00000
__size_of_key_check                         (abs)        00000
__size_of_main                              (abs)        00000
__size_of_test_mode_control                 (abs)        00000
__size_of_time_control                      (abs)        00000
_atol_de                                    text7        00CDF
_ct_KeyDataTable                            stringtext1  01000
_dd_set_ADF7021_Power_on                    text29       009C9
_dd_set_ADF7021_Power_on_Init               text10       00B73
_dd_set_ADF7021_Power_on_test               text3        00A88
_dd_set_TX_mode                             text26       00D87
_dd_write_7021_reg                          text27       00C2B
_eeprom_sys_load                            text43       00C62
_key_Value                                  bssBANK1     000C0
_key_check                                  text5        00EAB
_m_ChatterCount                             bssBANK1     000C6
_m_KeyCloseCount                            bssBANK0     00039
_m_KeyCount                                 bssBANK0     0003C
_m_KeyDupli1stTimer                         bssBANK0     00026
_m_KeyDupliSetTimeout                       bssBANK0     00028
_m_KeyNew                                   bssBANK0     00047
_m_KeyNo                                    bssBANK0     0003D
_m_KeyOld                                   bssBANK0     00046
_m_KeyOpenCount                             bssBANK0     0003A
_m_KeyOptSetMode                            bssBANK0     00041
_m_KindOfKey                                bssBANK0     00045
_m_RFNormalBuf                              bssBANK2     00120
_m_RegDigit                                 bssBANK0     00037
_m_RegID                                    bssBANK1     000DC
_m_RegMode                                  bssBANK0     0004F
_m_TimerKey                                 bssBANK0     0002E
_m_TimerKeyMonitor                          bssBANK0     0002C
_m_TimerRegMode                             bssBANK0     0002A
_main                                       maintext     00E38
_rom_KeyOpt                                 bssBANK0     0004B
_test_mode_control                          text2        00767
_time_control                               text1        00B36
_time_led                                   bssBANK0     00024
_txphase                                    bssBANK0     00032
_txphase_Repeat                             bssBANK0     00050
_txphase_end                                bssBANK1     000CA
atol_de@i                                   cstackBANK0  00069
atol_de@j                                   cstackBANK0  00063
atol_de@m_ID                                cstackBANK0  00065
atol_de@m_RegID_x                           cstackBANK0  00064
btemp                                       (abs)        0007E
clear_ram0                                  clrtext      009B5
dd_set_ADF7021_Power_on_Init@register_value cstackBANK0  00053
dd_set_TX_mode@register_value               cstackBANK0  00053
dd_write_7021_reg@byte                      cstackCOMMON 00076
dd_write_7021_reg@i                         cstackCOMMON 00077
dd_write_7021_reg@j                         cstackCOMMON 00075
dd_write_7021_reg@reg_bytes                 cstackCOMMON 00078
eeprom_sys_load@i                           cstackBANK0  00053
end_of_initialization                       cinit        00036
int$flags                                   (abs)        0007E
intlevel0                                   functab      00000
intlevel1                                   functab      00000
intlevel2                                   functab      00000
intlevel3                                   functab      00000
intlevel4                                   functab      00000
intlevel5                                   functab      00000
reset_vec                                   reset_vec    00000
start                                       init         0001B
start_initialization                        cinit        0001D
wtemp0                                      (abs)        0007E


FUNCTION INFORMATION:

 *************** function _main *****************
 Defined at:
		line 62 in file "../Projects/src/main.c"
 Parameters:    Size  Location     Type
		None
 Auto vars:     Size  Location     Type
		None
 Return value:  Size  Location     Type
                  1    wreg      void 
 Registers used:
		wreg, fsr0l, fsr0h, fsr1l, fsr1h, status,2, status,0, pclath, cstack
 Tracked objects:
		On entry : 
		On exit  : 
		Unchanged: 
 Data sizes:     COMMON   BANK0   BANK1   BANK2   BANK3   BANK4   BANK5   BANK6   BANK7   BANK8   BANK9  BANK10  BANK11  BANK12
      Params:         0       0       0       0       0       0       0       0       0       0       0       0       0       0
      Locals:         0       0       0       0       0       0       0       0       0       0       0       0       0       0
      Temps:          0       0       0       0       0       0       0       0       0       0       0       0       0       0
      Totals:         0       0       0       0       0       0       0       0       0       0       0       0       0       0
Total ram usage:        0 bytes
 Hardware stack levels required when called:   10
 This function calls:
		_AD_control
		_ClearWDT
		_EXIT_init
		_InitialFlashReg
		_START_AD_SAMPLER
		_SysClock_Init
		_TIM4_Init
		_UART1_INIT
		_VHF_GPIO_INIT
		_WDT_init
		__Init_RAM
		_eeprom_sys_load
		_key_check
		_test_mode_control
		_time_control
 This function is called by:
		Startup code after reset
 This function uses a non-reentrant model


 *************** function _time_control *****************
 Defined at:
		line 79 in file "../Projects/src/key_and_Other.c"
 Parameters:    Size  Location     Type
		None
 Auto vars:     Size  Location     Type
		None
 Return value:  Size  Location     Type
                  1    wreg      void 
 Registers used:
		wreg, status,2, status,0
 Tracked objects:
		On entry : 
		On exit  : 
		Unchanged: 
 Data sizes:     COMMON   BANK0   BANK1   BANK2   BANK3   BANK4   BANK5   BANK6   BANK7   BANK8   BANK9  BANK10  BANK11  BANK12
      Params:         0       0       0       0       0       0       0       0       0       0       0       0       0       0
      Locals:         0       0       0       0       0       0       0       0       0       0       0       0       0       0
      Temps:          0       0       0       0       0       0       0       0       0       0       0       0       0       0
      Totals:         0       0       0       0       0       0       0       0       0       0       0       0       0       0
Total ram usage:        0 bytes
 Hardware stack levels used:    1
 Hardware stack levels required when called:    2
 This function calls:
		Nothing
 This function is called by:
		_main
 This function uses a non-reentrant model


 *************** function _test_mode_control *****************
 Defined at:
		line 1328 in file "../Projects/src/key_and_Other.c"
 Parameters:    Size  Location     Type
		None
 Auto vars:     Size  Location     Type
		None
 Return value:  Size  Location     Type
                  1    wreg      void 
 Registers used:
		wreg, fsr1l, fsr1h, status,2, status,0, pclath, cstack
 Tracked objects:
		On entry : 
		On exit  : 
		Unchanged: 
 Data sizes:     COMMON   BANK0   BANK1   BANK2   BANK3   BANK4   BANK5   BANK6   BANK7   BANK8   BANK9  BANK10  BANK11  BANK12
      Params:         0       0       0       0       0       0       0       0       0       0       0       0       0       0
      Locals:         0       0       0       0       0       0       0       0       0       0       0       0       0       0
      Temps:          1       0       0       0       0       0       0       0       0       0       0       0       0       0
      Totals:         1       0       0       0       0       0       0       0       0       0       0       0       0       0
Total ram usage:        1 bytes
 Hardware stack levels used:    1
 Hardware stack levels required when called:    4
 This function calls:
		_ClearWDT
		_Delayus
		_UART1_end
		_dd_set_ADF7021_Power_on_test
		_dd_set_TX_mode
 This function is called by:
		_main
 This function uses a non-reentrant model


 *************** function _dd_set_ADF7021_Power_on_test *****************
 Defined at:
		line 99 in file "../Projects/src/adf7012.c"
 Parameters:    Size  Location     Type
		None
 Auto vars:     Size  Location     Type
		None
 Return value:  Size  Location     Type
                  1    wreg      void 
 Registers used:
		wreg, status,2, status,0, pclath, cstack
 Tracked objects:
		On entry : 
		On exit  : 
		Unchanged: 
 Data sizes:     COMMON   BANK0   BANK1   BANK2   BANK3   BANK4   BANK5   BANK6   BANK7   BANK8   BANK9  BANK10  BANK11  BANK12
      Params:         0       0       0       0       0       0       0       0       0       0       0       0       0       0
      Locals:         0       0       0       0       0       0       0       0       0       0       0       0       0       0
      Temps:          0       0       0       0       0       0       0       0       0       0       0       0       0       0
      Totals:         0       0       0       0       0       0       0       0       0       0       0       0       0       0
Total ram usage:        0 bytes
 Hardware stack levels used:    1
 Hardware stack levels required when called:    3
 This function calls:
		_Delayus
 This function is called by:
		_test_mode_control
 This function uses a non-reentrant model


 *************** function _UART1_end *****************
 Defined at:
		line 25 in file "../Projects/src/uart.c"
 Parameters:    Size  Location     Type
		None
 Auto vars:     Size  Location     Type
		None
 Return value:  Size  Location     Type
                  1    wreg      void 
 Registers used:
		None
 Tracked objects:
		On entry : 
		On exit  : 
		Unchanged: 
 Data sizes:     COMMON   BANK0   BANK1   BANK2   BANK3   BANK4   BANK5   BANK6   BANK7   BANK8   BANK9  BANK10  BANK11  BANK12
      Params:         0       0       0       0       0       0       0       0       0       0       0       0       0       0
      Locals:         0       0       0       0       0       0       0       0       0       0       0       0       0       0
      Temps:          0       0       0       0       0       0       0       0       0       0       0       0       0       0
      Totals:         0       0       0       0       0       0       0       0       0       0       0       0       0       0
Total ram usage:        0 bytes
 Hardware stack levels used:    1
 Hardware stack levels required when called:    2
 This function calls:
		Nothing
 This function is called by:
		_test_mode_control
 This function uses a non-reentrant model


 *************** function _key_check *****************
 Defined at:
		line 22 in file "../Projects/src/key_and_Other.c"
 Parameters:    Size  Location     Type
		None
 Auto vars:     Size  Location     Type
		None
 Return value:  Size  Location     Type
                  1    wreg      void 
 Registers used:
		wreg, fsr0l, fsr0h, fsr1l, fsr1h, status,2, status,0, pclath, cstack
 Tracked objects:
		On entry : 
		On exit  : 
		Unchanged: 
 Data sizes:     COMMON   BANK0   BANK1   BANK2   BANK3   BANK4   BANK5   BANK6   BANK7   BANK8   BANK9  BANK10  BANK11  BANK12
      Params:         0       0       0       0       0       0       0       0       0       0       0       0       0       0
      Locals:         0       0       0       0       0       0       0       0       0       0       0       0       0       0
      Temps:          0       1       0       0       0       0       0       0       0       0       0       0       0       0
      Totals:         0       1       0       0       0       0       0       0       0       0       0       0       0       0
Total ram usage:        1 bytes
 Hardware stack levels used:    1
 Hardware stack levels required when called:    9
 This function calls:
		_ClearWDT
		__DupliFuncSetMode
		__KeyInTx
		__RegistrationMode
 This function is called by:
		_main
 This function uses a non-reentrant model


 *************** function __RegistrationMode *****************
 Defined at:
		line 1099 in file "../Projects/src/key_and_Other.c"
 Parameters:    Size  Location     Type
		None
 Auto vars:     Size  Location     Type
		None
 Return value:  Size  Location     Type
                  1    wreg      void 
 Registers used:
		wreg, fsr0l, fsr0h, fsr1l, fsr1h, status,2, status,0, pclath, cstack
 Tracked objects:
		On entry : 
		On exit  : 
		Unchanged: 
 Data sizes:     COMMON   BANK0   BANK1   BANK2   BANK3   BANK4   BANK5   BANK6   BANK7   BANK8   BANK9  BANK10  BANK11  BANK12
      Params:         0       0       0       0       0       0       0       0       0       0       0       0       0       0
      Locals:         0       0       0       0       0       0       0       0       0       0       0       0       0       0
      Temps:          0       2       0       0       0       0       0       0       0       0       0       0       0       0
      Totals:         0       2       0       0       0       0       0       0       0       0       0       0       0       0
Total ram usage:        2 bytes
 Hardware stack levels used:    1
 Hardware stack levels required when called:    6
 This function calls:
		__GetRegMode
		__IdClear
		__ReqBuzzer
		__ReqTxdEdit
		_atol_de
 This function is called by:
		_key_check
 This function uses a non-reentrant model


 *************** function _atol_de *****************
 Defined at:
		line 1200 in file "../Projects/src/key_and_Other.c"
 Parameters:    Size  Location     Type
  m_RegID_x       1    wreg     PTR unsigned char 
		 -> m_RegID(9), 
 Auto vars:     Size  Location     Type
  m_RegID_x       1   17[BANK0 ] PTR unsigned char 
		 -> m_RegID(9), 
  m_ID            4   18[BANK0 ] unsigned long 
  i               1   22[BANK0 ] unsigned char 
  j               1   16[BANK0 ] unsigned char 
 Return value:  Size  Location     Type
                  4    8[BANK0 ] unsigned long 
 Registers used:
		wreg, fsr1l, fsr1h, status,2, status,0, pclath, cstack
 Tracked objects:
		On entry : 
		On exit  : 
		Unchanged: 
 Data sizes:     COMMON   BANK0   BANK1   BANK2   BANK3   BANK4   BANK5   BANK6   BANK7   BANK8   BANK9  BANK10  BANK11  BANK12
      Params:         0       4       0       0       0       0       0       0       0       0       0       0       0       0
      Locals:         0       7       0       0       0       0       0       0       0       0       0       0       0       0
      Temps:          0       4       0       0       0       0       0       0       0       0       0       0       0       0
      Totals:         0      15       0       0       0       0       0       0       0       0       0       0       0       0
Total ram usage:       15 bytes
 Hardware stack levels used:    1
 Hardware stack levels required when called:    3
 This function calls:
		___lmul
 This function is called by:
		__RegistrationMode
 This function uses a non-reentrant model


 *************** function ___lmul *****************
 Defined at:
		line 15 in file "C:\Program Files\Microchip\xc8\v2.20\pic\sources\c99\common\Umul32.c"
 Parameters:    Size  Location     Type
  multiplier      4    0[BANK0 ] unsigned long 
  multiplicand    4    4[BANK0 ] unsigned long 
 Auto vars:     Size  Location     Type
  product         4    3[COMMON] unsigned long 
 Return value:  Size  Location     Type
                  4    0[BANK0 ] unsigned long 
 Registers used:
		wreg, status,2, status,0
 Tracked objects:
		On entry : 
		On exit  : 
		Unchanged: 
 Data sizes:     COMMON   BANK0   BANK1   BANK2   BANK3   BANK4   BANK5   BANK6   BANK7   BANK8   BANK9  BANK10  BANK11  BANK12
      Params:         0       8       0       0       0       0       0       0       0       0       0       0       0       0
      Locals:         4       0       0       0       0       0       0       0       0       0       0       0       0       0
      Temps:          0       0       0       0       0       0       0       0       0       0       0       0       0       0
      Totals:         4       8       0       0       0       0       0       0       0       0       0       0       0       0
Total ram usage:       12 bytes
 Hardware stack levels used:    1
 Hardware stack levels required when called:    2
 This function calls:
		Nothing
 This function is called by:
		_atol_de
 This function uses a non-reentrant model


 *************** function __KeyInTx *****************
 Defined at:
		line 151 in file "../Projects/src/key_and_Other.c"
 Parameters:    Size  Location     Type
		None
 Auto vars:     Size  Location     Type
  i               1   27[BANK0 ] unsigned char 
 Return value:  Size  Location     Type
                  1    wreg      void 
 Registers used:
		wreg, fsr0l, fsr0h, fsr1l, fsr1h, status,2, status,0, pclath, cstack
 Tracked objects:
		On entry : 
		On exit  : 
		Unchanged: 
 Data sizes:     COMMON   BANK0   BANK1   BANK2   BANK3   BANK4   BANK5   BANK6   BANK7   BANK8   BANK9  BANK10  BANK11  BANK12
      Params:         0       0       0       0       0       0       0       0       0       0       0       0       0       0
      Locals:         0       1       0       0       0       0       0       0       0       0       0       0       0       0
      Temps:          0       2       0       0       0       0       0       0       0       0       0       0       0       0
      Totals:         0       3       0       0       0       0       0       0       0       0       0       0       0       0
Total ram usage:        3 bytes
 Hardware stack levels used:    1
 Hardware stack levels required when called:    8
 This function calls:
		__ClearSpecialMultiKeyState
		__DupliFuncClear
		__FuncAutoTxStart
[...]
		wreg, status,2
 Tracked objects:
		On entry : 
		On exit  : 
		Unchanged: 
 Data sizes:     COMMON   BANK0   BANK1   BANK2   BANK3   BANK4   BANK5   BANK6   BANK7   BANK8   BANK9  BANK10  BANK11  BANK12
      Params:         0       0       0       0       0       0       0       0       0       0       0       0       0       0
      Locals:         0       0       0       0       0       0       0       0       0       0       0       0       0       0
      Temps:          0       0       0       0       0       0       0       0       0       0       0       0       0       0
      Totals:         0       0       0       0       0       0       0       0       0       0       0       0       0       0
Total ram usage:        0 bytes
 Hardware stack levels used:    1
 Hardware stack levels required when called:    2
 This function calls:
		Nothing
 This function is called by:
		__Init_RAM
		__KeyInTx
 This function uses a non-reentrant model


 *************** function __ClearSpecialMultiKeyState *****************
 Defined at:
		line 647 in file "../Projects/src/key_and_Other.c"
 Parameters:    Size  Location     Type
		None
 Auto vars:     Size  Location     Type
		None
 Return value:  Size  Location     Type
                  1    wreg      void 
 Registers used:
		None
 Tracked objects:
		On entry : 
		On exit  : 
		Unchanged: 
 Data sizes:     COMMON   BANK0   BANK1   BANK2   BANK3   BANK4   BANK5   BANK6   BANK7   BANK8   BANK9  BANK10  BANK11  BANK12
      Params:         0       0       0       0       0       0       0       0       0       0       0       0       0       0
      Locals:         0       0       0       0       0       0       0       0       0       0       0       0       0       0
      Temps:          0       0       0       0       0       0       0       0       0       0       0       0       0       0
      Totals:         0       0       0       0       0       0       0       0       0       0       0       0       0       0
Total ram usage:        0 bytes
 Hardware stack levels used:    1
 Hardware stack levels required when called:    2
 This function calls:
		Nothing
 This function is called by:
		__Init_RAM
		__KeyInTx
		__FuncOpenStop
		__FuncReg
		__FuncNoPush
		__GetNoPushState
 This function uses a non-reentrant model


 *************** function _WDT_init *****************
 Defined at:
		line 21 in file "../Projects/src/initial.c"
 Parameters:    Size  Location     Type
		None
 Auto vars:     Size  Location     Type
		None
 Return value:  Size  Location     Type
                  1    wreg      void 
 Registers used:
		None
 Tracked objects:
		On entry : 
		On exit  : 
		Unchanged: 
 Data sizes:     COMMON   BANK0   BANK1   BANK2   BANK3   BANK4   BANK5   BANK6   BANK7   BANK8   BANK9  BANK10  BANK11  BANK12
      Params:         0       0       0       0       0       0       0       0       0       0       0       0       0       0
      Locals:         0       0       0       0       0       0       0       0       0       0       0       0       0       0
      Temps:          0       0       0       0       0       0       0       0       0       0       0       0       0       0
      Totals:         0       0       0       0       0       0       0       0       0       0       0       0       0       0
Total ram usage:        0 bytes
 Hardware stack levels used:    1
 Hardware stack levels required when called:    2
 This function calls:
		Nothing
 This function is called by:
		_main
 This function uses a non-reentrant model


 *************** function _VHF_GPIO_INIT *****************
 Defined at:
		line 45 in file "../Projects/src/initial.c"
 Parameters:    Size  Location     Type
		None
 Auto vars:     Size  Location     Type
		None
 Return value:  Size  Location     Type
                  1    wreg      void 
 Registers used:
		wreg, status,2
 Tracked objects:
		On entry : 
		On exit  : 
		Unchanged: 
 Data sizes:     COMMON   BANK0   BANK1   BANK2   BANK3   BANK4   BANK5   BANK6   BANK7   BANK8   BANK9  BANK10  BANK11  BANK12
      Params:         0       0       0       0       0       0       0       0       0       0       0       0       0       0
      Locals:         0       0       0       0       0       0       0       0       0       0       0       0       0       0
      Temps:          0       0       0       0       0       0       0       0       0       0       0       0       0       0
      Totals:         0       0       0       0       0       0       0       0       0       0       0       0       0       0
Total ram usage:        0 bytes
 Hardware stack levels used:    1
 Hardware stack levels required when called:    2
 This function calls:
		Nothing
 This function is called by:
		_main
 This function uses a non-reentrant model


 *************** function _UART1_INIT *****************
 Defined at:
		line 22 in file "../Projects/src/uart.c"
 Parameters:    Size  Location     Type
		None
 Auto vars:     Size  Location     Type
		None
 Return value:  Size  Location     Type
                  1    wreg      void 
 Registers used:
		None
 Tracked objects:
		On entry : 
		On exit  : 
		Unchanged: 
 Data sizes:     COMMON   BANK0   BANK1   BANK2   BANK3   BANK4   BANK5   BANK6   BANK7   BANK8   BANK9  BANK10  BANK11  BANK12
      Params:         0       0       0       0       0       0       0       0       0       0       0       0       0       0
      Locals:         0       0       0       0       0       0       0       0       0       0       0       0       0       0
      Temps:          0       0       0       0       0       0       0       0       0       0       0       0       0       0
      Totals:         0       0       0       0       0       0       0       0       0       0       0       0       0       0
Total ram usage:        0 bytes
 Hardware stack levels used:    1
 Hardware stack levels required when called:    2
 This function calls:
		Nothing
 This function is called by:
		_main
 This function uses a non-reentrant model


 *************** function _TIM4_Init *****************
 Defined at:
		line 38 in file "../Projects/src/Timer.c"
 Parameters:    Size  Location     Type
		None
 Auto vars:     Size  Location     Type
		None
 Return value:  Size  Location     Type
                  1    wreg      void 
 Registers used:
		wreg, status,2
 Tracked objects:
		On entry : 
		On exit  : 
		Unchanged: 
 Data sizes:     COMMON   BANK0   BANK1   BANK2   BANK3   BANK4   BANK5   BANK6   BANK7   BANK8   BANK9  BANK10  BANK11  BANK12
      Params:         0       0       0       0       0       0       0       0       0       0       0       0       0       0
      Locals:         0       0       0       0       0       0       0       0       0       0       0       0       0       0
      Temps:          0       0       0       0       0       0       0       0       0       0       0       0       0       0
      Totals:         0       0       0       0       0       0       0       0       0       0       0       0       0       0
Total ram usage:        0 bytes
 Hardware stack levels used:    1
 Hardware stack levels required when called:    2
 This function calls:
		Nothing
 This function is called by:
		_main
 This function uses a non-reentrant model


 *************** function _SysClock_Init *****************
 Defined at:
		line 31 in file "../Projects/src/initial.c"
 Parameters:    Size  Location     Type
		None
 Auto vars:     Size  Location     Type
		None
 Return value:  Size  Location     Type
                  1    wreg      void 
 Registers used:
		wreg
 Tracked objects:
		On entry : 
		On exit  : 
		Unchanged: 
 Data sizes:     COMMON   BANK0   BANK1   BANK2   BANK3   BANK4   BANK5   BANK6   BANK7   BANK8   BANK9  BANK10  BANK11  BANK12
      Params:         0       0       0       0       0       0       0       0       0       0       0       0       0       0
      Locals:         0       0       0       0       0       0       0       0       0       0       0       0       0       0
      Temps:          0       0       0       0       0       0       0       0       0       0       0       0       0       0
      Totals:         0       0       0       0       0       0       0       0       0       0       0       0       0       0
Total ram usage:        0 bytes
 Hardware stack levels used:    1
 Hardware stack levels required when called:    2
 This function calls:
		Nothing
 This function is called by:
		_main
 This function uses a non-reentrant model


 *************** function _START_AD_SAMPLER *****************
 Defined at:
		line 21 in file "../Projects/src/ad.c"
 Parameters:    Size  Location     Type
		None
 Auto vars:     Size  Location     Type
		None
 Return value:  Size  Location     Type
                  1    wreg      void 
 Registers used:
		None
 Tracked objects:
		On entry : 
		On exit  : 
		Unchanged: 
 Data sizes:     COMMON   BANK0   BANK1   BANK2   BANK3   BANK4   BANK5   BANK6   BANK7   BANK8   BANK9  BANK10  BANK11  BANK12
      Params:         0       0       0       0       0       0       0       0       0       0       0       0       0       0
      Locals:         0       0       0       0       0       0       0       0       0       0       0       0       0       0
      Temps:          0       0       0       0       0       0       0       0       0       0       0       0       0       0
      Totals:         0       0       0       0       0       0       0       0       0       0       0       0       0       0
Total ram usage:        0 bytes
 Hardware stack levels used:    1
 Hardware stack levels required when called:    2
 This function calls:
		Nothing
 This function is called by:
		_main
		_ADC2_EOC_INT
 This function uses a non-reentrant model


 *************** function _InitialFlashReg *****************
 Defined at:
		line 110 in file "../Projects/src/eeprom.c"
 Parameters:    Size  Location     Type
		None
 Auto vars:     Size  Location     Type
		None
 Return value:  Size  Location     Type
                  1    wreg      void 
 Registers used:
		None
 Tracked objects:
		On entry : 
		On exit  : 
		Unchanged: 
 Data sizes:     COMMON   BANK0   BANK1   BANK2   BANK3   BANK4   BANK5   BANK6   BANK7   BANK8   BANK9  BANK10  BANK11  BANK12
      Params:         0       0       0       0       0       0       0       0       0       0       0       0       0       0
      Locals:         0       0       0       0       0       0       0       0       0       0       0       0       0       0
      Temps:          0       0       0       0       0       0       0       0       0       0       0       0       0       0
      Totals:         0       0       0       0       0       0       0       0       0       0       0       0       0       0
Total ram usage:        0 bytes
 Hardware stack levels used:    1
 Hardware stack levels required when called:    2
 This function calls:
		Nothing
 This function is called by:
		_main
 This function uses a non-reentrant model


 *************** function _EXIT_init *****************
 Defined at:
		line 22 in file "../Projects/src/EXIT_FUN.c"
 Parameters:    Size  Location     Type
		None
 Auto vars:     Size  Location     Type
		None
 Return value:  Size  Location     Type
                  1    wreg      void 
 Registers used:
		wreg, status,2
 Tracked objects:
		On entry : 
		On exit  : 
		Unchanged: 
 Data sizes:     COMMON   BANK0   BANK1   BANK2   BANK3   BANK4   BANK5   BANK6   BANK7   BANK8   BANK9  BANK10  BANK11  BANK12
      Params:         0       0       0       0       0       0       0       0       0       0       0       0       0       0
      Locals:         0       0       0       0       0       0       0       0       0       0       0       0       0       0
      Temps:          0       0       0       0       0       0       0       0       0       0       0       0       0       0
      Totals:         0       0       0       0       0       0       0       0       0       0       0       0       0       0
Total ram usage:        0 bytes
 Hardware stack levels used:    1
 Hardware stack levels required when called:    2
 This function calls:
		Nothing
 This function is called by:
		_main
 This function uses a non-reentrant model


 *************** function _AD_control *****************
 Defined at:
		line 42 in file "../Projects/src/ad.c"
 Parameters:    Size  Location     Type
		None
 Auto vars:     Size  Location     Type
		None
 Return value:  Size  Location     Type
                  1    wreg      void 
 Registers used:
		wreg, status,2, status,0
 Tracked objects:
		On entry : 
		On exit  : 
		Unchanged: 
 Data sizes:     COMMON   BANK0   BANK1   BANK2   BANK3   BANK4   BANK5   BANK6   BANK7   BANK8   BANK9  BANK10  BANK11  BANK12
      Params:         0       0       0       0       0       0       0       0       0       0       0       0       0       0
      Locals:         0       0       0       0       0       0       0       0       0       0       0       0       0       0
      Temps:          1       0       0       0       0       0       0       0       0       0       0       0       0       0
      Totals:         1       0       0       0       0       0       0       0       0       0       0       0       0       0
Total ram usage:        1 bytes
 Hardware stack levels used:    1
 Hardware stack levels required when called:    2
 This function calls:
		Nothing
 This function is called by:
		_main
 This function uses a non-reentrant model


 *************** function _ISR *****************
 Defined at:
		line 115 in file "../Projects/src/main.c"
 Parameters:    Size  Location     Type
		None
 Auto vars:     Size  Location     Type
		None
 Return value:  Size  Location     Type
                  1    wreg      void 
 Registers used:
		wreg, fsr1l, fsr1h, status,2, status,0, pclath, cstack
 Tracked objects:
		On entry : 
		On exit  : 
		Unchanged: 
 Data sizes:     COMMON   BANK0   BANK1   BANK2   BANK3   BANK4   BANK5   BANK6   BANK7   BANK8   BANK9  BANK10  BANK11  BANK12
      Params:         0       0       0       0       0       0       0       0       0       0       0       0       0       0
      Locals:         0       0       0       0       0       0       0       0       0       0       0       0       0       0
      Temps:          0       0       0       0       0       0       0       0       0       0       0       0       0       0
      Totals:         0       0       0       0       0       0       0       0       0       0       0       0       0       0
Total ram usage:        0 bytes
 Hardware stack levels used:    1
 Hardware stack levels required when called:    1
 This function calls:
		_EXTI_PORTA1
 This function is called by:
		Interrupt level 1
 This function uses a non-reentrant model


 *************** function _EXTI_PORTA1 *****************
 Defined at:
		line 29 in file "../Projects/src/EXIT_FUN.c"
 Parameters:    Size  Location     Type
		None
 Auto vars:     Size  Location     Type
		None
 Return value:  Size  Location     Type
                  1    wreg      void 
 Registers used:
		wreg, fsr1l, fsr1h, status,2, status,0
 Tracked objects:
		On entry : 
		On exit  : 
		Unchanged: 
 Data sizes:     COMMON   BANK0   BANK1   BANK2   BANK3   BANK4   BANK5   BANK6   BANK7   BANK8   BANK9  BANK10  BANK11  BANK12
      Params:         0       0       0       0       0       0       0       0       0       0       0       0       0       0
      Locals:         0       0       0       0       0       0       0       0       0       0       0       0       0       0
      Temps:          3       0       0       0       0       0       0       0       0       0       0       0       0       0
      Totals:         3       0       0       0       0       0       0       0       0       0       0       0       0       0
Total ram usage:        3 bytes
 Hardware stack levels used:    1
 This function calls:
		Nothing
 This function is called by:
		_ISR
 This function uses a non-reentrant model



MODULE INFORMATION

Module		Function		Class		Link	Load	Size
../Projects/src/Timer.c
		_TIM4_Init     		CODE           	09EC	0000	12

../Projects/src/Timer.c estimated size: 12

../Projects/src/eeprom.c
		_WriteByteToFLASH		CODE           	09C2	0000	8
		_eeprom_sys_load		CODE           	0C62	0000	63
		_UnlockFlash   		CODE           	09B0	0000	2
		_LockFlash     		CODE           	09AF	0000	2
		_KeyOpt_EEPROM_write		CODE           	0A6F	0000	26
		_InitialFlashReg		CODE           	09AA	0000	2

../Projects/src/eeprom.c estimated size: 103

../Projects/src/EXIT_FUN.c
		_SetTxData     		CODE           	067C	0000	236
		_EXIT_init     		CODE           	09E1	0000	12
		_SetFixedLengthCode		CODE           	0B54	0000	32
		_EXTI_PORTA1   		CODE           	0D31	0000	87
		_SendTxData    		CODE           	0F2A	0000	215

../Projects/src/EXIT_FUN.c estimated size: 582

../Projects/src/adf7012.c
		_dd_set_TX_mode		CODE           	0D87	0000	89
		_dd_write_7021_reg		CODE           	0C2B	0000	56
		_dd_set_ADF7021_Power_on		CODE           	09C9	0000	8
		_dd_set_ADF7021_Power_on_Init		CODE           	0B73	0000	32
		_dd_set_ADF7021_Power_on_test		CODE           	0A88	0000	28

../Projects/src/adf7012.c estimated size: 213

../Projects/src/initial.c
		_ClearWDT      		CODE           	09AE	0000	2
		_Delayus       		CODE           	0A02	0000	16
		_SysClock_Init 		CODE           	09D0	0000	9
		_WDT_init      		CODE           	09AD	0000	2
		__Init_RAM     		CODE           	0BD4	0000	36
		_VHF_GPIO_INIT 		CODE           	0B92	0000	33

../Projects/src/initial.c estimated size: 98

../Projects/src/ad.c
		_START_AD_SAMPLER		CODE           	09AB	0000	2
		_AD_control    		CODE           	0CA0	0000	64

../Projects/src/ad.c estimated size: 66

C:\Program Files\Microchip\xc8\v2.20\pic\sources\c99\common\Umul32.c
		___lmul        		CODE           	0BF7	0000	53

C:\Program Files\Microchip\xc8\v2.20\pic\sources\c99\common\Umul32.c estimated size: 53

shared
		_ct_KeyDataTable		STRCODE        	1000	0000	18
		__initialization		CODE           	001D	0000	26
		_Default_adf7012_value		STRCODE        	1011	0000	17

shared estimated size: 61

../Projects/src/key_and_Other.c
		_key_check     		CODE           	0EAB	0000	128
		__GetNoPushState		CODE           	0A11	0000	16
		__FuncAutoTxStart		CODE           	09B1	0000	2
		__SwIn         		CODE           	09F7	0000	12
		__DupliFuncSetMode		CODE           	003A	0000	432
		__FuncVentReg  		CODE           	0ADD	0000	30
		__SetRegistrationMode		CODE           	0BB2	0000	35
		__FuncNoPush   		CODE           	0A20	0000	17
		__Pass3secKey  		CODE           	07E6	0000	27
		__FuncOpenReg  		CODE           	0B18	0000	31
		__ReqBuzzer    		CODE           	0AFA	0000	31
		__ReqTxdEdit   		CODE           	0385	0000	272
		__FuncStop     		CODE           	0494	0000	251
		__FuncOpenStop 		CODE           	0A43	0000	21
		__FuncStopReg  		CODE           	0AC0	0000	30
		__FuncAutoTxStop		CODE           	0002	0000	2
		__FuncCloseReg 		CODE           	0AA3	0000	30
		__ClearSpecialMultiKeyState		CODE           	09BB	0000	8
		__DupliFuncClear		CODE           	0A30	0000	20
		__KeyInTx      		CODE           	01E9	0000	413
		__RegistrationMode		CODE           	058E	0000	239
		__GetRegMode   		CODE           	09B2	0000	4
		__SetKeyChatterCount		CODE           	09D8	0000	10
		__IdClear      		CODE           	0A57	0000	25
		_time_control  		CODE           	0B36	0000	31
		__FuncReg      		CODE           	0DDF	0000	90
		_atol_de       		CODE           	0CDF	0000	83
		_test_mode_control		CODE           	0767	0000	128

../Projects/src/key_and_Other.c estimated size: 2418

../Projects/src/main.c
		_ISR           		CODE           	0004	0000	24
		_main          		CODE           	0E38	0000	116

../Projects/src/main.c estimated size: 140

../Projects/src/uart.c
		_UART1_INIT    		CODE           	09AC	0000	2
		_UART1_end     		CODE           	0003	0000	2

../Projects/src/uart.c estimated size: 4

