Microchip MPLAB XC8 Compiler V2.20

Linker command line:

-W-3 --edf=C:\Program Files\Microchip\xc8\v2.20\pic\dat\en_msgs.txt -cn \
  -h+dist/default/production\STX0031_PIC.X.production.sym \
  --cmf=dist/default/production\STX0031_PIC.X.production.cmf -z -Q16F1829 \
  -oC:\Users\Administrator\AppData\Local\Temp\s630.2 \
  --defsym=__MPLAB_BUILD=1 \
  -Mdist/default/production/STX0031_PIC.X.production.map -E1 \
  -ver=XC8 Compiler --acfsm=1493 -ASTACK=02118h-023EFh -pstack=STACK \
  -ACODE=00h-07FFhx4 -ASTRCODE=00h-01FFFh -ASTRING=00h-0FFhx32 \
  -ACONST=00h-0FFhx32 -AENTRY=00h-0FFhx32 -ACOMMON=070h-07Fh \
  -ABANK0=020h-06Fh -ABANK1=0A0h-0EFh -ABANK2=0120h-016Fh \
  -ABANK3=01A0h-01EFh -ABANK4=0220h-026Fh -ABANK5=02A0h-02EFh \
  -ABANK6=0320h-036Fh -ABANK7=03A0h-03EFh -ABANK8=0420h-046Fh \
  -ABANK9=04A0h-04EFh -ABANK10=0520h-056Fh -ABANK11=05A0h-05EFh \
  -ABANK12=0620h-064Fh -ABIGRAM=02000h-023EFh \
  -ARAM=020h-06Fh,0A0h-0EFh,0120h-016Fh,01A0h-01EFh,0220h-026Fh,02A0h-02EFh,0320h-036Fh,03A0h-03EFh,0420h-046Fh,04A0h-04EFh,0520h-056Fh,05A0h-05EFh,0620h-064Fh \
  -AABS1=020h-07Fh,0A0h-0EFh,0120h-016Fh,01A0h-01EFh,0220h-026Fh,02A0h-02EFh,0320h-036Fh,03A0h-03EFh,0420h-046Fh,04A0h-04EFh,0520h-056Fh,05A0h-05EFh,0620h-064Fh \
  -ASFR0=00h-01Fh -ASFR1=080h-09Fh -ASFR2=0100h-011Fh -ASFR3=0180h-019Fh \
  -ASFR4=0200h-021Fh -ASFR5=0280h-029Fh -ASFR6=0300h-031Fh \
  -ASFR7=0380h-039Fh -ASFR8=0400h-041Fh -ASFR9=0480h-049Fh \
  -ASFR10=0500h-051Fh -ASFR11=0580h-059Fh -ASFR12=0600h-061Fh \
  -ASFR13=0680h-06EFh -ASFR14=0700h-076Fh -ASFR15=0780h-07EFh \
  -ASFR16=0800h-086Fh -ASFR17=0880h-08EFh -ASFR18=0900h-096Fh \
  -ASFR19=0980h-09EFh -ASFR20=0A00h-0A6Fh -ASFR21=0A80h-0AEFh \
  -ASFR22=0B00h-0B6Fh -ASFR23=0B80h-0BEFh -ASFR24=0C00h-0C6Fh \
  -ASFR25=0C80h-0CEFh -ASFR26=0D00h-0D6Fh -ASFR27=0D80h-0DEFh \
  -ASFR28=0E00h-0E6Fh -ASFR29=0E80h-0EEFh -ASFR30=0F00h-0F6Fh \
  -ASFR31=0F80h-0FEFh -ACONFIG=08007h-08008h -DCONFIG=2 \
  -AIDLOC=08000h-08003h -DIDLOC=2 \
  -preset_vec=00h,intentry=04h,init,end_init -ppowerup=CODE -pcinit=CODE \
  -pfunctab=ENTRY -AEEDATA=00h-0FFh/0F000h -peeprom_data=EEDATA -DEEDATA=2 \
  -DCODE=2 -DSTRCODE=2 -DSTRING=2 -DCONST=2 -DENTRY=2 -k \
  C:\Users\Administrator\AppData\Local\Temp\s630.o \
  dist/default/production\STX0031_PIC.X.production.o 

Object code version is 3.11

Machine type is 16F1829



                Name                               Link     Load   Length Selector   Space Scale
C:\Users\Administrator\AppData\Local\Temp\s630.o
                end_init                             23       23        2        8       0
                reset_vec                             0        0        2        0       0
                config                             8007     8007        2        0       4
dist/default/production\STX0031_PIC.X.production.o
                cinit                                25       25       25        8       0
                intentry                              4        4       1F        8       0
                config                             8007     8007        2        0       4
                text57                              C3B      C3B       52     1876       0
                text55                              BFD      BFD       3E     17FA       0
                text54                              957      957        B     12AE       0
                text53                              922      922        1     1244       0
                text52                              923      923        1     1246       0
                text51                              946      946        8     128C       0
                text50                              962      962        B     12C4       0
                text49                              924      924        1     1248       0
                text48                              A86      A86       21     150C       0
                text47                              925      925        1     124A       0
                text46                              931      931        7     1262       0
                text45                              94E      94E        9     129C       0
                text44                              B6F      B6F       25     16DE       0
                text43                              7AF      7AF       3E        8       0
                text42                              926      926        1     124C       0
                text41                              927      927        1     124E       0
                text40                                2        2        1        0       0
                text39                              938      938        7     1270       0
                text38                              9C1      9C1       18     1382       0
                text37                              997      997       15     132E       0
                text36                              AA7      AA7       21     154E       0
                text35                               4A       4A      1B6        8       0
                text34                                3        3        1        6       0
                text33                              7FF      7FF        1        8       0
                text32                              A28      A28       1F     1450       0
                text31                              6C4      6C4       EB        8       0
                text30                              F26      F26       DA     1E4C       0
                text29                              93F      93F        7     127E       0
                text28                              978      978        F     12F0       0
                text27                              BC8      BC8       35     1790       0
                text26                              CE0      CE0       58     19C0       0
                text25                              3A9      3A9      112        8       0
                text24                              9F2      9F2       1B     13E4       0
                text23                              AC8      AC8       21     1590       0
                text22                              7ED      7ED       11        8       0
                text21                              B2B      B2B       22     1656       0
                text20                              9AC      9AC       15     1358       0
                text19                              928      928        3     1250       0
                text18                              9D9      9D9       19     13B2       0
                text17                              B4D      B4D       22     169A       0
                text16                              D38      D38       62     1A70       0
                text15                              987      987       10     130E       0
                text14                              4BB      4BB      111        8       0
                text13                              AE9      AE9       21     15D2       0
                text12                              B0A      B0A       21     1614       0
                text11                              96D      96D        B     12DA       0
                text10                              A47      A47       1F     148E       0
                text9                               200      200      1A9        8       0
                text8                               B94      B94       34     1728       0
                text7                               C8D      C8D       53     191A       0
                text6                               5CC      5CC       F8        8       0
                text5                               E9C      E9C       8A     1D38       0
                text4                               7FE      7FE        1        8       0
                text3                               A0D      A0D       1B     141A       0
                text2                               E13      E13       89     1C26       0
                text1                               A66      A66       20     14CC       0
                maintext                            D9A      D9A       79     1B34       0
                cstackBANK0                          51       51       1D       20       1
                cstackCOMMON                         70       70        A       70       1
                clrtext                             92B      92B        6     1256       0
                bssBANK3                            1A0      1A0       28      1A0       1
                bssBANK2                            120      120       29      120       1
                bssBANK1                             A0       A0       4D       A0       1
                bssBANK0                             20       20       31       20       1
                bssCOMMON                            7A       7A        1       70       1
                stringtext2                        1011     1011       10     2000       0
                stringtext1                        1000     1000       11     2000       0

TOTAL           Name                               Link     Load   Length     Space
        CLASS   STACK          

        CLASS   CODE           
                end_init                             23       23        2         0
                cinit                                25       25       25         0
                intentry                              4        4       1F         0
                reset_vec                             0        0        2         0
                text57                              C3B      C3B       52         0
                text55                              BFD      BFD       3E         0
                text54                              957      957        B         0
                text53                              922      922        1         0
                text52                              923      923        1         0
                text51                              946      946        8         0
                text50                              962      962        B         0
                text49                              924      924        1         0
                text48                              A86      A86       21         0
                text47                              925      925        1         0
                text46                              931      931        7         0
                text45                              94E      94E        9         0
                text44                              B6F      B6F       25         0
                text43                              7AF      7AF       3E         0
                text42                              926      926        1         0
                text41                              927      927        1         0
                text40                                2        2        1         0
                text39                              938      938        7         0
                text38                              9C1      9C1       18         0
                text37                              997      997       15         0
                text36                              AA7      AA7       21         0
                text35                               4A       4A      1B6         0
                text34                                3        3        1         0
                text33                              7FF      7FF        1         0
                text32                              A28      A28       1F         0
                text31                              6C4      6C4       EB         0
                text30                              F26      F26       DA         0
                text29                              93F      93F        7         0
                text28                              978      978        F         0
                text27                              BC8      BC8       35         0
                text26                              CE0      CE0       58         0
                text25                              3A9      3A9      112         0
                text24                              9F2      9F2       1B         0
                text23                              AC8      AC8       21         0
                text22                              7ED      7ED       11         0
                text21                              B2B      B2B       22         0
                text20                              9AC      9AC       15         0
                text19                              928      928        3         0
                text18                              9D9      9D9       19         0
                text17                              B4D      B4D       22         0
                text16                              D38      D38       62         0
                text15                              987      987       10         0
                text14                              4BB      4BB      111         0
                text13                              AE9      AE9       21         0
                text12                              B0A      B0A       21         0
                text11                              96D      96D        B         0
                text10                              A47      A47       1F         0
                text9                               200      200      1A9         0
                text8                               B94      B94       34         0
                text7                               C8D      C8D       53         0
                text6                               5CC      5CC       F8         0
                text5                               E9C      E9C       8A         0
                text4                               7FE      7FE        1         0
                text3                               A0D      A0D       1B         0
                text2                               E13      E13       89         0
                text1                               A66      A66       20         0
                maintext                            D9A      D9A       79         0
                clrtext                             92B      92B        6         0

        CLASS   STRCODE        
                stringtext2                        1011     1011       10         0
                stringtext1                        1000     1000       11         0

        CLASS   STRING         

        CLASS   CONST          

        CLASS   ENTRY          

        CLASS   COMMON         
                cstackCOMMON                         70       70        A         1
                bssCOMMON                            7A       7A        1         1

        CLASS   BANK0          
                cstackBANK0                          51       51       1D         1
                bssBANK0                             20       20       31         1

        CLASS   BANK1          
                bssBANK1                             A0       A0       4D         1

        CLASS   BANK2          
                bssBANK2                            120      120       29         1

        CLASS   BANK3          
                bssBANK3                            1A0      1A0       28         1

        CLASS   BANK4          

        CLASS   BANK5          

        CLASS   BANK6          

        CLASS   BANK7          

        CLASS   BANK8          

        CLASS   BANK9          

        CLASS   BANK10         

        CLASS   BANK11         

        CLASS   BANK12         

        CLASS   BIGRAM         

        CLASS   RAM            

        CLASS   ABS1           
                abs_s1                               7E       7E        2         1

        CLASS   SFR0           

        CLASS   SFR1           

        CLASS   SFR2           

        CLASS   SFR3           

        CLASS   SFR4           

        CLASS   SFR5           

        CLASS   SFR6           

        CLASS   SFR7           

        CLASS   SFR8           

        CLASS   SFR9           

        CLASS   SFR10          

        CLASS   SFR11          

        CLASS   SFR12          

        CLASS   SFR13          

        CLASS   SFR14          

        CLASS   SFR15          

        CLASS   SFR16          

        CLASS   SFR17          

        CLASS   SFR18          

        CLASS   SFR19          

        CLASS   SFR20          

        CLASS   SFR21          

        CLASS   SFR22          

        CLASS   SFR23          

        CLASS   SFR24          

        CLASS   SFR25          

        CLASS   SFR26          

        CLASS   SFR27          

        CLASS   SFR28          

        CLASS   SFR29          

        CLASS   SFR30          

        CLASS   SFR31          

        CLASS   CONFIG         
                config                             8007     8007        2         4

        CLASS   IDLOC          

        CLASS   EEDATA         

        CLASS   BANK31         

        CLASS   BANK30         

        CLASS   BANK29         

        CLASS   BANK28         

        CLASS   BANK27         

        CLASS   BANK26         

        CLASS   BANK25         

        CLASS   BANK24         

        CLASS   BANK23         

        CLASS   BANK22         

        CLASS   BANK21         

        CLASS   BANK20         

        CLASS   BANK19         

        CLASS   BANK18         

        CLASS   BANK17         

        CLASS   BANK16         

        CLASS   BANK15         

        CLASS   BANK14         

        CLASS   BANK13         



SEGMENTS        Name                           Load    Length   Top    Selector   Space  Class     Delta

                reset_vec                      000000  000003  000003         0       0  CODE        2
                text34                         000003  000001  000004         6       0  CODE        2
                intentry                       000004  0007FC  000800         8       0  CODE        2
                bssBANK0                       000020  00004E  00006E        20       1  BANK0       1
                cstackCOMMON                   000070  00000B  00007B        70       1  COMMON      1
                bssBANK1                       0000A0  00004D  0000ED        A0       1  BANK1       1
                bssBANK2                       000120  000029  000149       120       1  BANK2       1
                bssBANK3                       0001A0  000028  0001C8       1A0       1  BANK3       1
                text53                         000922  000001  000923      1244       0  CODE        2
                text52                         000923  000001  000924      1246       0  CODE        2
                text49                         000924  000001  000925      1248       0  CODE        2
                text47                         000925  000001  000926      124A       0  CODE        2
                text42                         000926  000001  000927      124C       0  CODE        2
                text41                         000927  000001  000928      124E       0  CODE        2
                text19                         000928  000003  00092B      1250       0  CODE        2
                clrtext                        00092B  000006  000931      1256       0  CODE        2
                text46                         000931  000007  000938      1262       0  CODE        2
                text39                         000938  000007  00093F      1270       0  CODE        2
                text29                         00093F  000007  000946      127E       0  CODE        2
                text51                         000946  000008  00094E      128C       0  CODE        2
                text45                         00094E  000009  000957      129C       0  CODE        2
                text54                         000957  00000B  000962      12AE       0  CODE        2
                text50                         000962  00000B  00096D      12C4       0  CODE        2
                text11                         00096D  00000B  000978      12DA       0  CODE        2
                text28                         000978  00000F  000987      12F0       0  CODE        2
                text15                         000987  000010  000997      130E       0  CODE        2
                text37                         000997  000015  0009AC      132E       0  CODE        2
                text20                         0009AC  000015  0009C1      1358       0  CODE        2
                text38                         0009C1  000018  0009D9      1382       0  CODE        2
                text18                         0009D9  000019  0009F2      13B2       0  CODE        2
                text24                         0009F2  00001B  000A0D      13E4       0  CODE        2
                text3                          000A0D  00001B  000A28      141A       0  CODE        2
                text32                         000A28  00001F  000A47      1450       0  CODE        2
                text10                         000A47  00001F  000A66      148E       0  CODE        2
                text1                          000A66  000020  000A86      14CC       0  CODE        2
                text48                         000A86  000021  000AA7      150C       0  CODE        2
                text36                         000AA7  000021  000AC8      154E       0  CODE        2
                text23                         000AC8  000021  000AE9      1590       0  CODE        2
                text13                         000AE9  000021  000B0A      15D2       0  CODE        2
                text12                         000B0A  000021  000B2B      1614       0  CODE        2
                text21                         000B2B  000022  000B4D      1656       0  CODE        2
                text17                         000B4D  000022  000B6F      169A       0  CODE        2
                text44                         000B6F  000025  000B94      16DE       0  CODE        2
                text8                          000B94  000034  000BC8      1728       0  CODE        2
                text27                         000BC8  000035  000BFD      1790       0  CODE        2
                text55                         000BFD  00003E  000C3B      17FA       0  CODE        2
                text57                         000C3B  000052  000C8D      1876       0  CODE        2
                text7                          000C8D  000053  000CE0      191A       0  CODE        2
                text26                         000CE0  000058  000D38      19C0       0  CODE        2
                text16                         000D38  000062  000D9A      1A70       0  CODE        2
                maintext                       000D9A  000079  000E13      1B34       0  CODE        2
                text2                          000E13  000089  000E9C      1C26       0  CODE        2
                text5                          000E9C  00008A  000F26      1D38       0  CODE        2
                text30                         000F26  0000DA  001000      1E4C       0  CODE        2
                stringtext1                    001000  000021  001021      2000       0  STRCODE     2


UNUSED ADDRESS RANGES

        Name                Unused          Largest block    Delta
        BANK0            0006E-0006F               2           1
        BANK1            000ED-000EF               3           1
        BANK10           00520-0056F              50           1
        BANK11           005A0-005EF              50           1
        BANK12           00620-0064F              30           1
        BANK2            00149-0016F              27           1
        BANK3            001C8-001EF              28           1
        BANK4            00220-0026F              50           1
        BANK5            002A0-002EF              50           1
        BANK6            00320-0036F              50           1
        BANK7            003A0-003EF              50           1
        BANK8            00420-0046F              50           1
        BANK9            004A0-004EF              50           1
        BIGRAM           02000-023EF             3F0           1
        CODE             00800-00921             122           2
                         01021-01FFF             7DF
        COMMON           0007B-0007D               3           1
        CONST            00800-00921             100           2
                         01021-01FFF             100
        EEDATA           0F000-0F0FF             100           2
        ENTRY            00800-00921             100           2
                         01021-01FFF             100
        IDLOC            08000-08003               4           2
        RAM              0006E-0006F               2           1
                         000ED-000EF               3
                         00149-0016F              27
                         001C8-001EF              28
                         00220-0026F              50
                         002A0-002EF              50
                         00320-0036F              50
                         003A0-003EF              50
                         00420-0046F              50
                         004A0-004EF              50
                         00520-0056F              50
                         005A0-005EF              50
                         00620-0064F              30
        SFR0             00000-0001F              20           1
        SFR1             00080-0009F              20           1
        SFR10            00500-0051F              20           1
        SFR11            00580-0059F              20           1
        SFR12            00600-0061F              20           1
        SFR13            00680-006EF              70           1
        SFR14            00700-0076F              70           1
        SFR15            00780-007EF              70           1
        SFR16            00800-0086F              70           1
        SFR17            00880-008EF              70           1
        SFR18            00900-0096F              70           1
        SFR19            00980-009EF              70           1
        SFR2             00100-0011F              20           1
        SFR20            00A00-00A6F              70           1
        SFR21            00A80-00AEF              70           1
        SFR22            00B00-00B6F              70           1
        SFR23            00B80-00BEF              70           1
        SFR24            00C00-00C6F              70           1
        SFR25            00C80-00CEF              70           1
        SFR26            00D00-00D6F              70           1
        SFR27            00D80-00DEF              70           1
        SFR28            00E00-00E6F              70           1
        SFR29            00E80-00EEF              70           1
        SFR3             00180-0019F              20           1
        SFR30            00F00-00F6F              70           1
        SFR31            00F80-00FEF              70           1
        SFR4             00200-0021F              20           1
        SFR5             00280-0029F              20           1
        SFR6             00300-0031F              20           1
        SFR7             00380-0039F              20           1
        SFR8             00400-0041F              20           1
        SFR9             00480-0049F              20           1
        STACK            02118-023EF             2D8           1
        STRCODE          00800-00921             122           2
                         01021-01FFF             FDF
        STRING           00800-00921             100           2
                         01021-01FFF             100

                                  Symbol Table

?_SetFixedLengthCode                        cstackCOMMON 00073
?___lmul                                    cstackBANK0  00051
?_atol_de                                   cstackBANK0  00059
Delayus@timer                               cstackCOMMON 00074
Delayus@x                                   cstackCOMMON 00075
SendTxData@def_preamble                     cstackBANK0  00061
SendTxData@i                                cstackBANK0  00060
SetFixedLengthCode@code                     cstackCOMMON 00077
SetFixedLengthCode@data                     cstackCOMMON 00076
SetFixedLengthCode@i                        cstackCOMMON 00079
SetTxData@Control_code_set                  cstackBANK0  00055
SetTxData@ID_data_set                       cstackBANK0  00051
SetTxData@count_set                         cstackBANK0  0005B
SetTxData@unii                              cstackBANK0  0005C
SetTxData@unij                              cstackBANK0  00059
SetTxData@unik                              cstackBANK0  00057
WriteByteToFLASH@Addr                       cstackCOMMON 00073
WriteByteToFLASH@Dat                        cstackCOMMON 00077
_AD_DATA_BUFF                               bssBANK1     000C4
_AD_control                                 text55       00BFD
_ANSELA                                     (abs)        0018C
_ANSELB                                     (abs)        0018D
_ANSELC                                     (abs)        0018E
_BASE_TIME_BEEP_off                         bssBANK0     00038
_BASE_TIME_BEEP_on                          bssBANK1     000B4
_BAT_Voltage_value                          bssBANK1     000A0
_BAT_out                                    bssBANK0     00048
_BIT_SIO                                    bssBANK1     000CA
_ClearWDT                                   text42       00926
_Control_code                               bssBANK0     0004B
_Default_adf7012_value                      stringtext2  01011
_Delayus                                    text28       00978
_EXIT_init                                  text54       00957
_EXTI_PORTA1                                text57       00C3B
_FG_100ms                                   bssBANK0     0003F
_FG_10s                                     bssBANK0     0003D
_FG_1ms                                     bssBANK0     0004A
_FG_BAT                                     bssBANK0     00039
_FG_Complex_Single_shot                     bssBANK0     00031
_FG_KEY_CLOSE                               bssBANK1     000D5
_FG_KEY_OPEN                                bssBANK0     00028
_FG_KEY_STOP                                bssBANK1     000D6
_FG_LED_on                                  bssBANK1     000D9
_FG_PWRON                                   bssBANK0     0003B
_FG_d_StopKey                               bssBANK0     0003E
_FG_test1                                   bssBANK1     000D4
_FG_test_mode                               bssBANK0     00027
_FLAG_ADF7021_DATA_tx                       bssBANK0     0004E
_FLAG_APP_TX                                bssBANK0     00050
_FVRRDY                                     (abs)        008BE
_GIE                                        (abs)        0005F
_HFIOFR                                     (abs)        004D4
_ID_INT_CODE                                bssBANK0     0004F
_ID_data                                    bssBANK1     000AC
_ID_data_add                                bssBANK1     000A8
_IOCAF                                      (abs)        00393
_IOCAN                                      (abs)        00392
_IOCAP                                      (abs)        00391
_IOCIE                                      (abs)        0005B
_IOCIF                                      (abs)        00058
_ISR                                        intentry     00004
_InitialFlashReg                            text53       00922
_KeyOpt_EEPROM_write                        text38       009C1
_LockFlash                                  text41       00927
_OSCCON                                     (abs)        00099
_PEIE                                       (abs)        0005E
_PR2                                        (abs)        0001B
_RA2                                        (abs)        00062
_RA3                                        (abs)        00063
_RA4                                        (abs)        00064
_RA5                                        (abs)        00065
_RAM_BAT_AVG                                bssBANK1     000EB
_RAM_BAT_CNT                                bssBANK0     00049
_RAM_BAT_SUM                                bssBANK1     000A4
_RB4                                        (abs)        0006C
_RB5                                        (abs)        0006D
_RB6                                        (abs)        0006E
_RB7                                        (abs)        0006F
_RC0                                        (abs)        00070
_RC2                                        (abs)        00072
_RC3                                        (abs)        00073
_RC4                                        (abs)        00074
_RC5                                        (abs)        00075
_RC6                                        (abs)        00076
_RC7                                        (abs)        00077
_ROM_adf7012_value                          bssBANK1     000DB
_SIO_DATA                                   bssBANK2     00120
_SIO_buff                                   bssBANK2     00130
_SIO_cnt                                    bssBANK0     00026
_START_AD_SAMPLER                           text52       00923
_SendTxData                                 text30       00F26
_SetFixedLengthCode                         text32       00A28
_SetTxData                                  text31       006C4
_SysClock_Init                              text51       00946
_T2CON                                      (abs)        0001C
_TB_100ms                                   bssBANK0     00047
_TB_51s                                     bssBANK0     00046
_TB_5s                                      bssBANK0     00045
_TB_sum_5s                                  bssBANK0     0002A
_TIM4_Init                                  text50       00962
_TIME_10s                                   bssBANK1     000B8
_TIME_2s_RestTX                             bssBANK0     0003C
_TIME_BEEP_freq                             bssBANK0     00037
_TIME_BEEP_off                              bssBANK1     000DA
_TIME_BEEP_on                               bssBANK1     000B2
_TIME_Once_twice_switch                     bssBANK1     000BA
_TIME_power_on_AD                           bssBANK1     000C2
_TMR2                                       (abs)        0001A
_TMR2IE                                     (abs)        00489
_TMR2IF                                     (abs)        00089
_TRISA                                      (abs)        0008C
_TRISB                                      (abs)        0008D
_TRISC                                      (abs)        0008E
_UART1_INIT                                 text49       00924
_UART1_end                                  text4        007FE
_UnlockFlash                                text40       00002
_VHF_GPIO_INIT                              text48       00A86
_WDT_init                                   text47       00925
_WPUA                                       (abs)        0020C
_WPUB                                       (abs)        0020D
_WPUC                                       (abs)        0020E
_WriteByteToFLASH                           text39       00938
__ClearSpecialMultiKeyState                 text46       00931
__DupliFuncClear                            text37       00997
__DupliFuncSetMode                          text35       0004A
__DupliFuncSetMode@m_KeyOpt                 cstackCOMMON 00079
__FuncAutoTxStart                           text34       00003
__FuncAutoTxStop                            text33       007FF
__FuncCloseReg                              text23       00AC8
__FuncNoPush                                text22       007ED
__FuncOpenReg                               text21       00B2B
__FuncOpenStop                              text20       009AC
__FuncReg                                   text16       00D38
__FuncStop                                  text14       004BB
__FuncStopReg                               text13       00AE9
__FuncVentReg                               text12       00B0A
__GetNoPushState                            text15       00987
__GetRegMode                                text19       00928
__Habs1                                     abs1         00000
__Hbank0                                    bank0        00000
__Hbank1                                    bank1        00000
__Hbank10                                   bank10       00000
__Hbank11                                   bank11       00000
__Hbank12                                   bank12       00000
__Hbank13                                   bank13       00000
__Hbank14                                   bank14       00000
__Hbank15                                   bank15       00000
__Hbank16                                   bank16       00000
__Hbank17                                   bank17       00000
__Hbank18                                   bank18       00000
__Hbank19                                   bank19       00000
__Hbank2                                    bank2        00000
__Hbank20                                   bank20       00000
__Hbank21                                   bank21       00000
__Hbank22                                   bank22       00000
__Hbank23                                   bank23       00000
__Hbank24                                   bank24       00000
__Hbank25                                   bank25       00000
__Hbank26                                   bank26       00000
__Hbank27                                   bank27       00000
__Hbank28                                   bank28       00000
__Hbank29                                   bank29       00000
__Hbank3                                    bank3        00000
__Hbank30                                   bank30       00000
__Hbank31                                   bank31       00000
__Hbank4                                    bank4        00000
__Hbank5                                    bank5        00000
__Hbank6                                    bank6        00000
__Hbank7                                    bank7        00000
__Hbank8                                    bank8        00000
__Hbank9                                    bank9        00000
__Hbigram                                   bigram       00000
__HbssBANK0                                 bssBANK0     00000
__HbssBANK1                                 bssBANK1     00000
__HbssBANK2                                 bssBANK2     00000
__HbssBANK3                                 bssBANK3     00000
__HbssCOMMON                                bssCOMMON    00000
__Hcinit                                    cinit        0004A
__Hclrtext                                  clrtext      00000
__Hcode                                     code         00000
__Hcommon                                   common       00000
__Hconfig                                   config       08009
__HcstackBANK0                              cstackBANK0  00000
__HcstackCOMMON                             cstackCOMMON 00000
__Heeprom_data                              eeprom_data  00000
__Hend_init                                 end_init     00025
__Hfunctab                                  functab      00000
__Hinit                                     init         00023
__Hintentry                                 intentry     00023
__Hmaintext                                 maintext     00000
__Hpowerup                                  powerup      00000
__Hram                                      ram          00000
__Hreset_vec                                reset_vec    00002
__Hsfr0                                     sfr0         00000
__Hsfr1                                     sfr1         00000
__Hsfr10                                    sfr10        00000
__Hsfr11                                    sfr11        00000
__Hsfr12                                    sfr12        00000
__Hsfr13                                    sfr13        00000
__Hsfr14                                    sfr14        00000
__Hsfr15                                    sfr15        00000
__Hsfr16                                    sfr16        00000
__Hsfr17                                    sfr17        00000
__Hsfr18                                    sfr18        00000
__Hsfr19                                    sfr19        00000
__Hsfr2                                     sfr2         00000
__Hsfr20                                    sfr20        00000
__Hsfr21                                    sfr21        00000
__Hsfr22                                    sfr22        00000
__Hsfr23                                    sfr23        00000
__Hsfr24                                    sfr24        00000
__Hsfr25                                    sfr25        00000
__Hsfr26                                    sfr26        00000
__Hsfr27                                    sfr27        00000
__Hsfr28                                    sfr28        00000
__Hsfr29                                    sfr29        00000
__Hsfr3                                     sfr3         00000
__Hsfr30                                    sfr30        00000
__Hsfr31                                    sfr31        00000
__Hsfr4                                     sfr4         00000
__Hsfr5                                     sfr5         00000
__Hsfr6                                     sfr6         00000
__Hsfr7                                     sfr7         00000
__Hsfr8                                     sfr8         00000
__Hsfr9                                     sfr9         00000
__Hspace_0                                  (abs)        01021
__Hspace_1                                  (abs)        001C8
__Hspace_2                                  (abs)        00000
__Hspace_3                                  (abs)        00000
__Hspace_4                                  (abs)        10010
__Hstack                                    stack        00000
__Hstrings                                  strings      00000
__Hstringtext1                              stringtext1  00000
__Hstringtext2                              stringtext2  00000
__Htext                                     text         00000
__IdClear                                   text18       009D9
__IdClear@i                                 cstackCOMMON 00074
__Init_RAM                                  text44       00B6F
__KeyInTx                                   text9        00200
__KeyInTx@i                                 cstackBANK0  0006C
__Labs1                                     abs1         00000
__Lbank0                                    bank0        00000
__Lbank1                                    bank1        00000
__Lbank10                                   bank10       00000
__Lbank11                                   bank11       00000
__Lbank12                                   bank12       00000
__Lbank13                                   bank13       00000
__Lbank14                                   bank14       00000
__Lbank15                                   bank15       00000
__Lbank16                                   bank16       00000
__Lbank17                                   bank17       00000
__Lbank18                                   bank18       00000
__Lbank19                                   bank19       00000
__Lbank2                                    bank2        00000
__Lbank20                                   bank20       00000
__Lbank21                                   bank21       00000
__Lbank22                                   bank22       00000
__Lbank23                                   bank23       00000
__Lbank24                                   bank24       00000
__Lbank25                                   bank25       00000
__Lbank26                                   bank26       00000
__Lbank27                                   bank27       00000
__Lbank28                                   bank28       00000
__Lbank29                                   bank29       00000
__Lbank3                                    bank3        00000
__Lbank30                                   bank30       00000
__Lbank31                                   bank31       00000
__Lbank4                                    bank4        00000
__Lbank5                                    bank5        00000
__Lbank6                                    bank6        00000
__Lbank7                                    bank7        00000
__Lbank8                                    bank8        00000
__Lbank9                                    bank9        00000
__Lbigram                                   bigram       00000
__LbssBANK0                                 bssBANK0     00000
__LbssBANK1                                 bssBANK1     00000
__LbssBANK2                                 bssBANK2     00000
__LbssBANK3                                 bssBANK3     00000
__LbssCOMMON                                bssCOMMON    00000
__Lcinit                                    cinit        00025
__Lclrtext                                  clrtext      00000
__Lcode                                     code         00000
__Lcommon                                   common       00000
__Lconfig                                   config       00000
__LcstackBANK0                              cstackBANK0  00000
__LcstackCOMMON                             cstackCOMMON 00000
__Leeprom_data                              eeprom_data  00000
__Lend_init                                 end_init     00023
__Lfunctab                                  functab      00000
__Linit                                     init         00023
__Lintentry                                 intentry     00004
__Lmaintext                                 maintext     00000
__Lpowerup                                  powerup      00000
__Lram                                      ram          00000
__Lreset_vec                                reset_vec    00000
__Lsfr0                                     sfr0         00000
__Lsfr1                                     sfr1         00000
__Lsfr10                                    sfr10        00000
__Lsfr11                                    sfr11        00000
__Lsfr12                                    sfr12        00000
__Lsfr13                                    sfr13        00000
__Lsfr14                                    sfr14        00000
__Lsfr15                                    sfr15        00000
__Lsfr16                                    sfr16        00000
__Lsfr17                                    sfr17        00000
__Lsfr18                                    sfr18        00000
__Lsfr19                                    sfr19        00000
__Lsfr2                                     sfr2         00000
__Lsfr20                                    sfr20        00000
__Lsfr21                                    sfr21        00000
__Lsfr22                                    sfr22        00000
__Lsfr23                                    sfr23        00000
__Lsfr24                                    sfr24        00000
__Lsfr25                                    sfr25        00000
__Lsfr26                                    sfr26        00000
__Lsfr27                                    sfr27        00000
__Lsfr28                                    sfr28        00000
__Lsfr29                                    sfr29        00000
__Lsfr3                                     sfr3         00000
__Lsfr30                                    sfr30        00000
__Lsfr31                                    sfr31        00000
__Lsfr4                                     sfr4         00000
__Lsfr5                                     sfr5         00000
__Lsfr6                                     sfr6         00000
__Lsfr7                                     sfr7         00000
__Lsfr8                                     sfr8         00000
__Lsfr9                                     sfr9         00000
__Lspace_0                                  (abs)        00000
__Lspace_1                                  (abs)        00000
__Lspace_2                                  (abs)        00000
__Lspace_3                                  (abs)        00000
__Lspace_4                                  (abs)        00000
__Lstack                                    stack        00000
__Lstrings                                  strings      00000
__Lstringtext1                              stringtext1  00000
__Lstringtext2                              stringtext2  00000
__Ltext                                     text         00000
__Pass3secKey                               text24       009F2
__Pass3secKey@req                           cstackBANK0  00068
__RegistrationMode                          text6        005CC
__ReqBuzzer                                 text36       00AA7
__ReqBuzzer@BEEP_freq_SET                   cstackCOMMON 00076
__ReqBuzzer@BEEP_off_SET                    cstackCOMMON 00075
__ReqBuzzer@BEEP_on_SET                     cstackCOMMON 00073
__ReqTxdEdit                                text25       003A9
__ReqTxdEdit@buzreq                         cstackBANK0  00062
__ReqTxdEdit@time_key                       cstackBANK0  00067
__ReqTxdEdit@txreq                          cstackBANK0  00066
__S0                                        (abs)        01021
__S1                                        (abs)        001C8
__S2                                        (abs)        00000
__S3                                        (abs)        00000
__SetKeyChatterCount                        text45       0094E
__SetRegistrationMode                       text17       00B4D
__SetRegistrationMode@mode                  cstackCOMMON 00079
__SwIn                                      text11       0096D
__SwIn@sw                                   cstackCOMMON 00073
___int_sp                                   stack        00000
___latbits                                  (abs)        00002
___lmul                                     text8        00B94
___lmul@multiplicand                        cstackBANK0  00055
___lmul@multiplier                          cstackBANK0  00051
___lmul@product                             cstackCOMMON 00073
___sp                                       stack        00000
___stackhi                                  (abs)        023EF
___stacklo                                  (abs)        02118
__end_of_AD_control                         text55       00C3B
__end_of_ClearWDT                           text42       00927
__end_of_Default_adf7012_value              stringtext2  01021
__end_of_Delayus                            text28       00987
__end_of_EXIT_init                          text54       00962
__end_of_EXTI_PORTA1                        text57       00C8D
__end_of_ISR                                intentry     00023
__end_of_InitialFlashReg                    text53       00923
__end_of_KeyOpt_EEPROM_write                text38       009D9
__end_of_LockFlash                          text41       00928
__end_of_START_AD_SAMPLER                   text52       00924
__end_of_SendTxData                         text30       01000
__end_of_SetFixedLengthCode                 text32       00A47
__end_of_SetTxData                          text31       007AF
__end_of_SysClock_Init                      text51       0094E
__end_of_TIM4_Init                          text50       0096D
__end_of_UART1_INIT                         text49       00925
__end_of_UART1_end                          text4        007FF
__end_of_UnlockFlash                        text40       00003
__end_of_VHF_GPIO_INIT                      text48       00AA7
__end_of_WDT_init                           text47       00926
__end_of_WriteByteToFLASH                   text39       0093F
__end_of__ClearSpecialMultiKeyState         text46       00938
__end_of__DupliFuncClear                    text37       009AC
__end_of__DupliFuncSetMode                  text35       00200
__end_of__FuncAutoTxStart                   text34       00004
__end_of__FuncAutoTxStop                    text33       00800
__end_of__FuncCloseReg                      text23       00AE9
__end_of__FuncNoPush                        text22       007FE
__end_of__FuncOpenReg                       text21       00B4D
__end_of__FuncOpenStop                      text20       009C1
__end_of__FuncReg                           text16       00D9A
__end_of__FuncStop                          text14       005CC
__end_of__FuncStopReg                       text13       00B0A
__end_of__FuncVentReg                       text12       00B2B
__end_of__GetNoPushState                    text15       00997
__end_of__GetRegMode                        text19       0092B
__end_of__IdClear                           text18       009F2
__end_of__Init_RAM                          text44       00B94
__end_of__KeyInTx                           text9        003A9
__end_of__Pass3secKey                       text24       00A0D
__end_of__RegistrationMode                  text6        006C4
__end_of__ReqBuzzer                         text36       00AC8
__end_of__ReqTxdEdit                        text25       004BB
__end_of__SetKeyChatterCount                text45       00957
__end_of__SetRegistrationMode               text17       00B6F
__end_of__SwIn                              text11       00978
__end_of___lmul                             text8        00BC8
__end_of__initialization                    cinit        00046
__end_of_atol_de                            text7        00CE0
__end_of_ct_KeyDataTable                    stringtext1  01011
__end_of_dd_set_ADF7021_Power_on            text29       00946
__end_of_dd_set_ADF7021_Power_on_Init       text10       00A66
__end_of_dd_set_ADF7021_Power_on_test       text3        00A28
__end_of_dd_set_TX_mode                     text26       00D38
__end_of_dd_write_7021_reg                  text27       00BFD
__end_of_eeprom_sys_load                    text43       007ED
__end_of_key_check                          text5        00F26
__end_of_main                               maintext     00E13
__end_of_test_mode_control                  text2        00E9C
__end_of_time_control                       text1        00A86
__initialization                            cinit        00025
__pbssBANK0                                 bssBANK0     00020
__pbssBANK1                                 bssBANK1     000A0
__pbssBANK2                                 bssBANK2     00120
__pbssBANK3                                 bssBANK3     001A0
__pbssCOMMON                                bssCOMMON    0007A
__pcstackBANK0                              cstackBANK0  00051
__pcstackCOMMON                             cstackCOMMON 00070
__pintentry                                 intentry     00004
__pmaintext                                 maintext     00D9A
__pstringtext1                              stringtext1  01000
__pstringtext2                              stringtext2  01011
__ptext1                                    text1        00A66
__ptext10                                   text10       00A47
__ptext11                                   text11       0096D
__ptext12                                   text12       00B0A
__ptext13                                   text13       00AE9
__ptext14                                   text14       004BB
__ptext15                                   text15       00987
__ptext16                                   text16       00D38
__ptext17                                   text17       00B4D
__ptext18                                   text18       009D9
__ptext19                                   text19       00928
__ptext2                                    text2        00E13
__ptext20                                   text20       009AC
__ptext21                                   text21       00B2B
__ptext22                                   text22       007ED
__ptext23                                   text23       00AC8
__ptext24                                   text24       009F2
__ptext25                                   text25       003A9
__ptext26                                   text26       00CE0
__ptext27                                   text27       00BC8
__ptext28                                   text28       00978
__ptext29                                   text29       0093F
__ptext3                                    text3        00A0D
__ptext30                                   text30       00F26
__ptext31                                   text31       006C4
__ptext32                                   text32       00A28
__ptext33                                   text33       007FF
__ptext34                                   text34       00003
__ptext35                                   text35       0004A
__ptext36                                   text36       00AA7
__ptext37                                   text37       00997
__ptext38                                   text38       009C1
__ptext39                                   text39       00938
__ptext4                                    text4        007FE
__ptext40                                   text40       00002
__ptext41                                   text41       00927
__ptext42                                   text42       00926
__ptext43                                   text43       007AF
__ptext44                                   text44       00B6F
__ptext45                                   text45       0094E
__ptext46                                   text46       00931
__ptext47                                   text47       00925
__ptext48                                   text48       00A86
__ptext49                                   text49       00924
__ptext5                                    text5        00E9C
__ptext50                                   text50       00962
__ptext51                                   text51       00946
__ptext52                                   text52       00923
__ptext53                                   text53       00922
__ptext54                                   text54       00957
__ptext55                                   text55       00BFD
__ptext57                                   text57       00C3B
__ptext6                                    text6        005CC
__ptext7                                    text7        00C8D
__ptext8                                    text8        00B94
__ptext9                                    text9        00200
__size_of_AD_control                        (abs)        00000
__size_of_ClearWDT                          (abs)        00000
__size_of_Delayus                           (abs)        00000
__size_of_EXIT_init                         (abs)        00000
__size_of_EXTI_PORTA1                       (abs)        00000
__size_of_ISR                               (abs)        00000
__size_of_InitialFlashReg                   (abs)        00000
__size_of_KeyOpt_EEPROM_write               (abs)        00000
__size_of_LockFlash                         (abs)        00000
__size_of_START_AD_SAMPLER                  (abs)        00000
__size_of_SendTxData                        (abs)        00000
__size_of_SetFixedLengthCode                (abs)        00000
__size_of_SetTxData                         (abs)        00000
__size_of_SysClock_Init                     (abs)        00000
__size_of_TIM4_Init                         (abs)        00000
__size_of_UART1_INIT                        (abs)        00000
__size_of_UART1_end                         (abs)        00000
__size_of_UnlockFlash                       (abs)        00000
__size_of_VHF_GPIO_INIT                     (abs)        00000
__size_of_WDT_init                          (abs)        00000
__size_of_WriteByteToFLASH                  (abs)        00000
__size_of__ClearSpecialMultiKeyState        (abs)        00000
__size_of__DupliFuncClear                   (abs)        00000
__size_of__DupliFuncSetMode                 (abs)        00000
__size_of__FuncAutoTxStart                  (abs)        00000
__size_of__FuncAutoTxStop                   (abs)        00000
__size_of__FuncCloseReg                     (abs)        00000
__size_of__FuncNoPush                       (abs)        00000
__size_of__FuncOpenReg                      (abs)        00000
__size_of__FuncOpenStop                     (abs)        00000
__size_of__FuncReg                          (abs)        00000
__size_of__FuncStop                         (abs)        00000
__size_of__FuncStopReg                      (abs)        00000
__size_of__FuncVentReg                      (abs)        00000
__size_of__GetNoPushState                   (abs)        00000
__size_of__GetRegMode                       (abs)        00000
__size_of__IdClear                          (abs)        00000
__size_of__Init_RAM                         (abs)        00000
__size_of__KeyInTx                          (abs)        00000
__size_of__Pass3secKey                      (abs)        00000
__size_of__RegistrationMode                 (abs)        00000
__size_of__ReqBuzzer                        (abs)        00000
__size_of__ReqTxdEdit                       (abs)        00000
__size_of__SetKeyChatterCount               (abs)        00000
__size_of__SetRegistrationMode              (abs)        00000
__size_of__SwIn                             (abs)        00000
__size_of___lmul                            (abs)        00000
__size_of_atol_de                           (abs)        00000
__size_of_dd_set_ADF7021_Power_on           (abs)        00000
__size_of_dd_set_ADF7021_Power_on_Init      (abs)        00000
__size_of_dd_set_ADF7021_Power_on_test      (abs)        00000
__size_of_dd_set_TX_mode                    (abs)        00000
__size_of_dd_write_7021_reg                 (abs)        00000
__size_of_eeprom_sys_load                   (abs)        00000
__size_of_key_check                         (abs)        00000
__size_of_main                              (abs)        00000
__size_of_test_mode_control                 (abs)        00000
__size_of_time_control                      (abs)        00000
_atol_de                                    text7        00C8D
_ct_KeyDataTable                            stringtext1  01000
_dd_set_ADF7021_Power_on                    text29       0093F
_dd_set_ADF7021_Power_on_Init               text10       00A47
_dd_set_ADF7021_Power_on_test               text3        00A0D
_dd_set_TX_mode                             text26       00CE0
_dd_write_7021_reg                          text27       00BC8
_eeprom_sys_load                            text43       007AF
_key_Value                                  bssBANK1     000B0
_key_check                                  text5        00E9C
_m_ChatterCount                             bssBANK1     000B6
_m_KeyCloseCount                            bssBANK1     000D7
_m_KeyCount                                 bssBANK0     0002F
_m_KeyDupli1stTimer                         bssBANK0     00020
_m_KeyDupliSetTimeout                       bssBANK0     00022
_m_KeyNew                                   bssBANK0     00044
_m_KeyNo                                    bssBANK0     00036
_m_KeyOld                                   bssBANK0     00043
_m_KeyOpenCount                             bssBANK1     000D8
_m_KeyOptSetMode                            bssBANK0     0003A
_m_KeyOptSetOpenStop                        bssBANK0     0002B
_m_KindOfKey                                bssBANK0     00042
_m_RFNormalBuf                              bssBANK3     001A0
_m_RegDigit                                 bssBANK0     00029
_m_RegID                                    bssBANK2     00140
_m_RegMode                                  bssBANK0     0004C
_m_TimerKey                                 bssBANK0     00024
_m_TimerKeyMonitor                          bssBANK1     000C0
_m_TimerRegMode                             bssBANK1     000BE
_main                                       maintext     00D9A
_mb_CloseSw                                 bssBANK0     0002C
_mb_NoPush                                  bssBANK0     00041
_mb_NoPushWait                              bssBANK0     00040
_mb_OpenSw                                  bssBANK0     0002E
_mb_RegCloseSw                              bssBANK0     00034
_mb_RegOpenSw                               bssBANK0     00035
_mb_RegStopSw                               bssBANK0     00032
_mb_RegSw                                   bssBANK0     00030
_mb_RegVentSw                               bssBANK0     00033
_mb_StopSw                                  bssBANK0     0002D
_nWPUEN                                     (abs)        004AF
_rom_KeyOpt                                 bssCOMMON    0007A
_test_mode_control                          text2        00E13
_time_control                               text1        00A66
_time_led                                   bssBANK1     000BC
_txphase                                    bssBANK1     000C8
_txphase_Repeat                             bssBANK0     0004D
_txphase_end                                bssBANK1     000C6
atol_de@i                                   cstackBANK0  00067
atol_de@j                                   cstackBANK0  00061
atol_de@m_ID                                cstackBANK0  00063
atol_de@m_RegID_x                           cstackBANK0  00062
btemp                                       (abs)        0007E
clear_ram0                                  clrtext      0092B
dd_set_ADF7021_Power_on_Init@register_value cstackBANK0  00051
dd_set_TX_mode@register_value               cstackBANK0  00051
dd_write_7021_reg@byte                      cstackCOMMON 00075
dd_write_7021_reg@i                         cstackCOMMON 00076
dd_write_7021_reg@j                         cstackCOMMON 00074
dd_write_7021_reg@reg_bytes                 cstackCOMMON 00077
eeprom_sys_load@i                           cstackBANK0  00051
end_of_initialization                       cinit        00046
int$flags                                   (abs)        0007E
intlevel0                                   functab      00000
intlevel1                                   functab      00000
intlevel2                                   functab      00000
intlevel3                                   functab      00000
intlevel4                                   functab      00000
intlevel5                                   functab      00000
reset_vec                                   reset_vec    00000
start                                       init         00023
start_initialization                        cinit        00025
wtemp0                                      (abs)        0007E


FUNCTION INFORMATION:

 *************** function _main *****************
 Defined at:
		line 62 in file "../Projects/src/main.c"
 Parameters:    Size  Location     Type
		None
 Auto vars:     Size  Location     Type
  aaa             2    0        unsigned int 
 Return value:  Size  Location     Type
                  1    wreg      void 
 Registers used:
		wreg, fsr0l, fsr0h, fsr1l, fsr1h, status,2, status,0, pclath, cstack
 Tracked objects:
		On entry : 
		On exit  : 
		Unchanged: 
 Data sizes:     COMMON   BANK0   BANK1   BANK2   BANK3   BANK4   BANK5   BANK6   BANK7   BANK8   BANK9  BANK10  BANK11  BANK12
      Params:         0       0       0       0       0       0       0       0       0       0       0       0       0       0
      Locals:         0       2       0       0       0       0       0       0       0       0       0       0       0       0
      Temps:          0       0       0       0       0       0       0       0       0       0       0       0       0       0
      Totals:         0       2       0       0       0       0       0       0       0       0       0       0       0       0
Total ram usage:        2 bytes
 Hardware stack levels required when called:   10
 This function calls:
		_AD_control
		_ClearWDT
		_EXIT_init
		_InitialFlashReg
		_START_AD_SAMPLER
		_SysClock_Init
		_TIM4_Init
		_UART1_INIT
		_VHF_GPIO_INIT
		_WDT_init
		__Init_RAM
		_eeprom_sys_load
		_key_check
		_test_mode_control
		_time_control
 This function is called by:
		Startup code after reset
 This function uses a non-reentrant model


 *************** function _time_control *****************
 Defined at:
		line 79 in file "../Projects/src/key_and_Other.c"
 Parameters:    Size  Location     Type
		None
 Auto vars:     Size  Location     Type
		None
 Return value:  Size  Location     Type
                  1    wreg      void 
 Registers used:
		wreg, status,2, status,0
 Tracked objects:
		On entry : 
		On exit  : 
		Unchanged: 
 Data sizes:     COMMON   BANK0   BANK1   BANK2   BANK3   BANK4   BANK5   BANK6   BANK7   BANK8   BANK9  BANK10  BANK11  BANK12
      Params:         0       0       0       0       0       0       0       0       0       0       0       0       0       0
      Locals:         0       0       0       0       0       0       0       0       0       0       0       0       0       0
      Temps:          0       0       0       0       0       0       0       0       0       0       0       0       0       0
      Totals:         0       0       0       0       0       0       0       0       0       0       0       0       0       0
Total ram usage:        0 bytes
 Hardware stack levels used:    1
 Hardware stack levels required when called:    2
 This function calls:
		Nothing
 This function is called by:
		_main
 This function uses a non-reentrant model


 *************** function _test_mode_control *****************
 Defined at:
		line 1328 in file "../Projects/src/key_and_Other.c"
 Parameters:    Size  Location     Type
		None
 Auto vars:     Size  Location     Type
		None
 Return value:  Size  Location     Type
                  1    wreg      void 
 Registers used:
		wreg, fsr1l, fsr1h, status,2, status,0, pclath, cstack
 Tracked objects:
		On entry : 
		On exit  : 
		Unchanged: 
 Data sizes:     COMMON   BANK0   BANK1   BANK2   BANK3   BANK4   BANK5   BANK6   BANK7   BANK8   BANK9  BANK10  BANK11  BANK12
      Params:         0       0       0       0       0       0       0       0       0       0       0       0       0       0
      Locals:         0       0       0       0       0       0       0       0       0       0       0       0       0       0
      Temps:          1       0       0       0       0       0       0       0       0       0       0       0       0       0
      Totals:         1       0       0       0       0       0       0       0       0       0       0       0       0       0
Total ram usage:        1 bytes
 Hardware stack levels used:    1
 Hardware stack levels required when called:    4
 This function calls:
		_ClearWDT
		_UART1_end
		_dd_set_ADF7021_Power_on_test
		_dd_set_TX_mode
 This function is called by:
		_main
 This function uses a non-reentrant model


 *************** function _dd_set_ADF7021_Power_on_test *****************
 Defined at:
		line 98 in file "../Projects/src/adf7012.c"
 Parameters:    Size  Location     Type
		None
 Auto vars:     Size  Location     Type
		None
 Return value:  Size  Location     Type
                  1    wreg      void 
 Registers used:
		wreg, status,2, status,0, pclath, cstack
 Tracked objects:
		On entry : 
		On exit  : 
		Unchanged: 
 Data sizes:     COMMON   BANK0   BANK1   BANK2   BANK3   BANK4   BANK5   BANK6   BANK7   BANK8   BANK9  BANK10  BANK11  BANK12
      Params:         0       0       0       0       0       0       0       0       0       0       0       0       0       0
      Locals:         0       0       0       0       0       0       0       0       0       0       0       0       0       0
      Temps:          0       0       0       0       0       0       0       0       0       0       0       0       0       0
      Totals:         0       0       0       0       0       0       0       0       0       0       0       0       0       0
Total ram usage:        0 bytes
 Hardware stack levels used:    1
 Hardware stack levels required when called:    3
 This function calls:
		_Delayus
 This function is called by:
		_test_mode_control
 This function uses a non-reentrant model


 *************** function _UART1_end *****************
 Defined at:
		line 25 in file "../Projects/src/uart.c"
 Parameters:    Size  Location     Type
		None
 Auto vars:     Size  Location     Type
		None
 Return value:  Size  Location     Type
                  1    wreg      void 
 Registers used:
		None
 Tracked objects:
		On entry : 
		On exit  : 
		Unchanged: 
 Data sizes:     COMMON   BANK0   BANK1   BANK2   BANK3   BANK4   BANK5   BANK6   BANK7   BANK8   BANK9  BANK10  BANK11  BANK12
      Params:         0       0       0       0       0       0       0       0       0       0       0       0       0       0
      Locals:         0       0       0       0       0       0       0       0       0       0       0       0       0       0
      Temps:          0       0       0       0       0       0       0       0       0       0       0       0       0       0
      Totals:         0       0       0       0       0       0       0       0       0       0       0       0       0       0
Total ram usage:        0 bytes
 Hardware stack levels used:    1
 Hardware stack levels required when called:    2
 This function calls:
		Nothing
 This function is called by:
		_test_mode_control
 This function uses a non-reentrant model


 *************** function _key_check *****************
 Defined at:
		line 22 in file "../Projects/src/key_and_Other.c"
 Parameters:    Size  Location     Type
		None
 Auto vars:     Size  Location     Type
		None
 Return value:  Size  Location     Type
                  1    wreg      void 
 Registers used:
		wreg, fsr0l, fsr0h, fsr1l, fsr1h, status,2, status,0, pclath, cstack
 Tracked objects:
		On entry : 
		On exit  : 
		Unchanged: 
 Data sizes:     COMMON   BANK0   BANK1   BANK2   BANK3   BANK4   BANK5   BANK6   BANK7   BANK8   BANK9  BANK10  BANK11  BANK12
      Params:         0       0       0       0       0       0       0       0       0       0       0       0       0       0
      Locals:         0       0       0       0       0       0       0       0       0       0       0       0       0       0
      Temps:          0       1       0       0       0       0       0       0       0       0       0       0       0       0
      Totals:         0       1       0       0       0       0       0       0       0       0       0       0       0       0
Total ram usage:        1 bytes
 Hardware stack levels used:    1
 Hardware stack levels required when called:    9
 This function calls:
		_ClearWDT
		__DupliFuncSetMode
		__KeyInTx
		__RegistrationMode
 This function is called by:
		_main
 This function uses a non-reentrant model


 *************** function __RegistrationMode *****************
 Defined at:
		line 1099 in file "../Projects/src/key_and_Other.c"
 Parameters:    Size  Location     Type
		None
 Auto vars:     Size  Location     Type
		None
 Return value:  Size  Location     Type
                  1    wreg      void 
 Registers used:
		wreg, fsr0l, fsr0h, fsr1l, fsr1h, status,2, status,0, pclath, cstack
 Tracked objects:
		On entry : 
		On exit  : 
		Unchanged: 
 Data sizes:     COMMON   BANK0   BANK1   BANK2   BANK3   BANK4   BANK5   BANK6   BANK7   BANK8   BANK9  BANK10  BANK11  BANK12
      Params:         0       0       0       0       0       0       0       0       0       0       0       0       0       0
      Locals:         0       0       0       0       0       0       0       0       0       0       0       0       0       0
      Temps:          0       2       0       0       0       0       0       0       0       0       0       0       0       0
      Totals:         0       2       0       0       0       0       0       0       0       0       0       0       0       0
Total ram usage:        2 bytes
 Hardware stack levels used:    1
 Hardware stack levels required when called:    6
 This function calls:
		__GetRegMode
		__IdClear
		__ReqBuzzer
		__ReqTxdEdit
		_atol_de
 This function is called by:
		_key_check
 This function uses a non-reentrant model


 *************** function _atol_de *****************
 Defined at:
		line 1200 in file "../Projects/src/key_and_Other.c"
 Parameters:    Size  Location     Type
  m_RegID_x       1    wreg     PTR unsigned char 
		 -> m_RegID(9), 
 Auto vars:     Size  Location     Type
  m_RegID_x       1   17[BANK0 ] PTR unsigned char 
		 -> m_RegID(9), 
  m_ID            4   18[BANK0 ] unsigned long 
  i               1   22[BANK0 ] unsigned char 
  j               1   16[BANK0 ] unsigned char 
 Return value:  Size  Location     Type
                  4    8[BANK0 ] unsigned long 
 Registers used:
		wreg, fsr1l, fsr1h, status,2, status,0, pclath, cstack
 Tracked objects:
		On entry : 
		On exit  : 
		Unchanged: 
 Data sizes:     COMMON   BANK0   BANK1   BANK2   BANK3   BANK4   BANK5   BANK6   BANK7   BANK8   BANK9  BANK10  BANK11  BANK12
      Params:         0       4       0       0       0       0       0       0       0       0       0       0       0       0
      Locals:         0       7       0       0       0       0       0       0       0       0       0       0       0       0
      Temps:          0       4       0       0       0       0       0       0       0       0       0       0       0       0
      Totals:         0      15       0       0       0       0       0       0       0       0       0       0       0       0
Total ram usage:       15 bytes
 Hardware stack levels used:    1
 Hardware stack levels required when called:    3
 This function calls:
		___lmul
 This function is called by:
		__RegistrationMode
 This function uses a non-reentrant model


 *************** function ___lmul *****************
 Defined at:
		line 15 in file "C:\Program Files\Microchip\xc8\v2.20\pic\sources\c99\common\Umul32.c"
 Parameters:    Size  Location     Type
  multiplier      4    0[BANK0 ] unsigned long 
  multiplicand    4    4[BANK0 ] unsigned long 
 Auto vars:     Size  Location     Type
  product         4    3[COMMON] unsigned long 
 Return value:  Size  Location     Type
                  4    0[BANK0 ] unsigned long 
 Registers used:
		wreg, status,2, status,0
 Tracked objects:
		On entry : 
		On exit  : 
		Unchanged: 
 Data sizes:     COMMON   BANK0   BANK1   BANK2   BANK3   BANK4   BANK5   BANK6   BANK7   BANK8   BANK9  BANK10  BANK11  BANK12
      Params:         0       8       0       0       0       0       0       0       0       0       0       0       0       0
      Locals:         4       0       0       0       0       0       0       0       0       0       0       0       0       0
[...]
		wreg, status,2
 Tracked objects:
		On entry : 
		On exit  : 
		Unchanged: 
 Data sizes:     COMMON   BANK0   BANK1   BANK2   BANK3   BANK4   BANK5   BANK6   BANK7   BANK8   BANK9  BANK10  BANK11  BANK12
      Params:         0       0       0       0       0       0       0       0       0       0       0       0       0       0
      Locals:         0       0       0       0       0       0       0       0       0       0       0       0       0       0
      Temps:          0       0       0       0       0       0       0       0       0       0       0       0       0       0
      Totals:         0       0       0       0       0       0       0       0       0       0       0       0       0       0
Total ram usage:        0 bytes
 Hardware stack levels used:    1
 Hardware stack levels required when called:    2
 This function calls:
		Nothing
 This function is called by:
		__Init_RAM
		__KeyInTx
 This function uses a non-reentrant model


 *************** function __ClearSpecialMultiKeyState *****************
 Defined at:
		line 647 in file "../Projects/src/key_and_Other.c"
 Parameters:    Size  Location     Type
		None
 Auto vars:     Size  Location     Type
		None
 Return value:  Size  Location     Type
                  1    wreg      void 
 Registers used:
		status,2
 Tracked objects:
		On entry : 
		On exit  : 
		Unchanged: 
 Data sizes:     COMMON   BANK0   BANK1   BANK2   BANK3   BANK4   BANK5   BANK6   BANK7   BANK8   BANK9  BANK10  BANK11  BANK12
      Params:         0       0       0       0       0       0       0       0       0       0       0       0       0       0
      Locals:         0       0       0       0       0       0       0       0       0       0       0       0       0       0
      Temps:          0       0       0       0       0       0       0       0       0       0       0       0       0       0
      Totals:         0       0       0       0       0       0       0       0       0       0       0       0       0       0
Total ram usage:        0 bytes
 Hardware stack levels used:    1
 Hardware stack levels required when called:    2
 This function calls:
		Nothing
 This function is called by:
		__Init_RAM
		__KeyInTx
		__FuncOpenStop
		__FuncReg
		__FuncNoPush
		__GetNoPushState
 This function uses a non-reentrant model


 *************** function _WDT_init *****************
 Defined at:
		line 21 in file "../Projects/src/initial.c"
 Parameters:    Size  Location     Type
		None
 Auto vars:     Size  Location     Type
		None
 Return value:  Size  Location     Type
                  1    wreg      void 
 Registers used:
		None
 Tracked objects:
		On entry : 
		On exit  : 
		Unchanged: 
 Data sizes:     COMMON   BANK0   BANK1   BANK2   BANK3   BANK4   BANK5   BANK6   BANK7   BANK8   BANK9  BANK10  BANK11  BANK12
      Params:         0       0       0       0       0       0       0       0       0       0       0       0       0       0
      Locals:         0       0       0       0       0       0       0       0       0       0       0       0       0       0
      Temps:          0       0       0       0       0       0       0       0       0       0       0       0       0       0
      Totals:         0       0       0       0       0       0       0       0       0       0       0       0       0       0
Total ram usage:        0 bytes
 Hardware stack levels used:    1
 Hardware stack levels required when called:    2
 This function calls:
		Nothing
 This function is called by:
		_main
 This function uses a non-reentrant model


 *************** function _VHF_GPIO_INIT *****************
 Defined at:
		line 45 in file "../Projects/src/initial.c"
 Parameters:    Size  Location     Type
		None
 Auto vars:     Size  Location     Type
		None
 Return value:  Size  Location     Type
                  1    wreg      void 
 Registers used:
		wreg, status,2
 Tracked objects:
		On entry : 
		On exit  : 
		Unchanged: 
 Data sizes:     COMMON   BANK0   BANK1   BANK2   BANK3   BANK4   BANK5   BANK6   BANK7   BANK8   BANK9  BANK10  BANK11  BANK12
      Params:         0       0       0       0       0       0       0       0       0       0       0       0       0       0
      Locals:         0       0       0       0       0       0       0       0       0       0       0       0       0       0
      Temps:          0       0       0       0       0       0       0       0       0       0       0       0       0       0
      Totals:         0       0       0       0       0       0       0       0       0       0       0       0       0       0
Total ram usage:        0 bytes
 Hardware stack levels used:    1
 Hardware stack levels required when called:    2
 This function calls:
		Nothing
 This function is called by:
		_main
 This function uses a non-reentrant model


 *************** function _UART1_INIT *****************
 Defined at:
		line 22 in file "../Projects/src/uart.c"
 Parameters:    Size  Location     Type
		None
 Auto vars:     Size  Location     Type
		None
 Return value:  Size  Location     Type
                  1    wreg      void 
 Registers used:
		None
 Tracked objects:
		On entry : 
		On exit  : 
		Unchanged: 
 Data sizes:     COMMON   BANK0   BANK1   BANK2   BANK3   BANK4   BANK5   BANK6   BANK7   BANK8   BANK9  BANK10  BANK11  BANK12
      Params:         0       0       0       0       0       0       0       0       0       0       0       0       0       0
      Locals:         0       0       0       0       0       0       0       0       0       0       0       0       0       0
      Temps:          0       0       0       0       0       0       0       0       0       0       0       0       0       0
      Totals:         0       0       0       0       0       0       0       0       0       0       0       0       0       0
Total ram usage:        0 bytes
 Hardware stack levels used:    1
 Hardware stack levels required when called:    2
 This function calls:
		Nothing
 This function is called by:
		_main
 This function uses a non-reentrant model


 *************** function _TIM4_Init *****************
 Defined at:
		line 38 in file "../Projects/src/Timer.c"
 Parameters:    Size  Location     Type
		None
 Auto vars:     Size  Location     Type
		None
 Return value:  Size  Location     Type
                  1    wreg      void 
 Registers used:
		wreg, status,2
 Tracked objects:
		On entry : 
		On exit  : 
		Unchanged: 
 Data sizes:     COMMON   BANK0   BANK1   BANK2   BANK3   BANK4   BANK5   BANK6   BANK7   BANK8   BANK9  BANK10  BANK11  BANK12
      Params:         0       0       0       0       0       0       0       0       0       0       0       0       0       0
      Locals:         0       0       0       0       0       0       0       0       0       0       0       0       0       0
      Temps:          0       0       0       0       0       0       0       0       0       0       0       0       0       0
      Totals:         0       0       0       0       0       0       0       0       0       0       0       0       0       0
Total ram usage:        0 bytes
 Hardware stack levels used:    1
 Hardware stack levels required when called:    2
 This function calls:
		Nothing
 This function is called by:
		_main
 This function uses a non-reentrant model


 *************** function _SysClock_Init *****************
 Defined at:
		line 31 in file "../Projects/src/initial.c"
 Parameters:    Size  Location     Type
		None
 Auto vars:     Size  Location     Type
		None
 Return value:  Size  Location     Type
                  1    wreg      void 
 Registers used:
		wreg
 Tracked objects:
		On entry : 
		On exit  : 
		Unchanged: 
 Data sizes:     COMMON   BANK0   BANK1   BANK2   BANK3   BANK4   BANK5   BANK6   BANK7   BANK8   BANK9  BANK10  BANK11  BANK12
      Params:         0       0       0       0       0       0       0       0       0       0       0       0       0       0
      Locals:         0       0       0       0       0       0       0       0       0       0       0       0       0       0
      Temps:          0       0       0       0       0       0       0       0       0       0       0       0       0       0
      Totals:         0       0       0       0       0       0       0       0       0       0       0       0       0       0
Total ram usage:        0 bytes
 Hardware stack levels used:    1
 Hardware stack levels required when called:    2
 This function calls:
		Nothing
 This function is called by:
		_main
 This function uses a non-reentrant model


 *************** function _START_AD_SAMPLER *****************
 Defined at:
		line 21 in file "../Projects/src/ad.c"
 Parameters:    Size  Location     Type
		None
 Auto vars:     Size  Location     Type
		None
 Return value:  Size  Location     Type
                  1    wreg      void 
 Registers used:
		None
 Tracked objects:
		On entry : 
		On exit  : 
		Unchanged: 
 Data sizes:     COMMON   BANK0   BANK1   BANK2   BANK3   BANK4   BANK5   BANK6   BANK7   BANK8   BANK9  BANK10  BANK11  BANK12
      Params:         0       0       0       0       0       0       0       0       0       0       0       0       0       0
      Locals:         0       0       0       0       0       0       0       0       0       0       0       0       0       0
      Temps:          0       0       0       0       0       0       0       0       0       0       0       0       0       0
      Totals:         0       0       0       0       0       0       0       0       0       0       0       0       0       0
Total ram usage:        0 bytes
 Hardware stack levels used:    1
 Hardware stack levels required when called:    2
 This function calls:
		Nothing
 This function is called by:
		_main
		_ADC2_EOC_INT
 This function uses a non-reentrant model


 *************** function _InitialFlashReg *****************
 Defined at:
		line 110 in file "../Projects/src/eeprom.c"
 Parameters:    Size  Location     Type
		None
 Auto vars:     Size  Location     Type
		None
 Return value:  Size  Location     Type
                  1    wreg      void 
 Registers used:
		None
 Tracked objects:
		On entry : 
		On exit  : 
		Unchanged: 
 Data sizes:     COMMON   BANK0   BANK1   BANK2   BANK3   BANK4   BANK5   BANK6   BANK7   BANK8   BANK9  BANK10  BANK11  BANK12
      Params:         0       0       0       0       0       0       0       0       0       0       0       0       0       0
      Locals:         0       0       0       0       0       0       0       0       0       0       0       0       0       0
      Temps:          0       0       0       0       0       0       0       0       0       0       0       0       0       0
      Totals:         0       0       0       0       0       0       0       0       0       0       0       0       0       0
Total ram usage:        0 bytes
 Hardware stack levels used:    1
 Hardware stack levels required when called:    2
 This function calls:
		Nothing
 This function is called by:
		_main
 This function uses a non-reentrant model


 *************** function _EXIT_init *****************
 Defined at:
		line 22 in file "../Projects/src/EXIT_FUN.c"
 Parameters:    Size  Location     Type
		None
 Auto vars:     Size  Location     Type
		None
 Return value:  Size  Location     Type
                  1    wreg      void 
 Registers used:
		wreg, status,2
 Tracked objects:
		On entry : 
		On exit  : 
		Unchanged: 
 Data sizes:     COMMON   BANK0   BANK1   BANK2   BANK3   BANK4   BANK5   BANK6   BANK7   BANK8   BANK9  BANK10  BANK11  BANK12
      Params:         0       0       0       0       0       0       0       0       0       0       0       0       0       0
      Locals:         0       0       0       0       0       0       0       0       0       0       0       0       0       0
      Temps:          0       0       0       0       0       0       0       0       0       0       0       0       0       0
      Totals:         0       0       0       0       0       0       0       0       0       0       0       0       0       0
Total ram usage:        0 bytes
 Hardware stack levels used:    1
 Hardware stack levels required when called:    2
 This function calls:
		Nothing
 This function is called by:
		_main
 This function uses a non-reentrant model


 *************** function _AD_control *****************
 Defined at:
		line 42 in file "../Projects/src/ad.c"
 Parameters:    Size  Location     Type
		None
 Auto vars:     Size  Location     Type
		None
 Return value:  Size  Location     Type
                  1    wreg      void 
 Registers used:
		wreg, status,2, status,0
 Tracked objects:
		On entry : 
		On exit  : 
		Unchanged: 
 Data sizes:     COMMON   BANK0   BANK1   BANK2   BANK3   BANK4   BANK5   BANK6   BANK7   BANK8   BANK9  BANK10  BANK11  BANK12
      Params:         0       0       0       0       0       0       0       0       0       0       0       0       0       0
      Locals:         0       0       0       0       0       0       0       0       0       0       0       0       0       0
      Temps:          1       0       0       0       0       0       0       0       0       0       0       0       0       0
      Totals:         1       0       0       0       0       0       0       0       0       0       0       0       0       0
Total ram usage:        1 bytes
 Hardware stack levels used:    1
 Hardware stack levels required when called:    2
 This function calls:
		Nothing
 This function is called by:
		_main
 This function uses a non-reentrant model


 *************** function _ISR *****************
 Defined at:
		line 116 in file "../Projects/src/main.c"
 Parameters:    Size  Location     Type
		None
 Auto vars:     Size  Location     Type
		None
 Return value:  Size  Location     Type
                  1    wreg      void 
 Registers used:
		wreg, fsr1l, fsr1h, status,2, status,0, pclath, cstack
 Tracked objects:
		On entry : 
		On exit  : 
		Unchanged: 
 Data sizes:     COMMON   BANK0   BANK1   BANK2   BANK3   BANK4   BANK5   BANK6   BANK7   BANK8   BANK9  BANK10  BANK11  BANK12
      Params:         0       0       0       0       0       0       0       0       0       0       0       0       0       0
      Locals:         0       0       0       0       0       0       0       0       0       0       0       0       0       0
      Temps:          0       0       0       0       0       0       0       0       0       0       0       0       0       0
      Totals:         0       0       0       0       0       0       0       0       0       0       0       0       0       0
Total ram usage:        0 bytes
 Hardware stack levels used:    1
 Hardware stack levels required when called:    1
 This function calls:
		_EXTI_PORTA1
 This function is called by:
		Interrupt level 1
 This function uses a non-reentrant model


 *************** function _EXTI_PORTA1 *****************
 Defined at:
		line 29 in file "../Projects/src/EXIT_FUN.c"
 Parameters:    Size  Location     Type
		None
 Auto vars:     Size  Location     Type
		None
 Return value:  Size  Location     Type
                  1    wreg      void 
 Registers used:
		wreg, fsr1l, fsr1h, status,2, status,0
 Tracked objects:
		On entry : 
		On exit  : 
		Unchanged: 
 Data sizes:     COMMON   BANK0   BANK1   BANK2   BANK3   BANK4   BANK5   BANK6   BANK7   BANK8   BANK9  BANK10  BANK11  BANK12
      Params:         0       0       0       0       0       0       0       0       0       0       0       0       0       0
      Locals:         0       0       0       0       0       0       0       0       0       0       0       0       0       0
      Temps:          3       0       0       0       0       0       0       0       0       0       0       0       0       0
      Totals:         3       0       0       0       0       0       0       0       0       0       0       0       0       0
Total ram usage:        3 bytes
 Hardware stack levels used:    1
 This function calls:
		Nothing
 This function is called by:
		_ISR
 This function uses a non-reentrant model



MODULE INFORMATION

Module		Function		Class		Link	Load	Size
../Projects/src/Timer.c
		_TIM4_Init     		CODE           	0962	0000	12

../Projects/src/Timer.c estimated size: 12

../Projects/src/eeprom.c
		_WriteByteToFLASH		CODE           	0938	0000	8
		_eeprom_sys_load		CODE           	07AF	0000	63
		_UnlockFlash   		CODE           	0002	0000	2
		_LockFlash     		CODE           	0927	0000	2
		_KeyOpt_EEPROM_write		CODE           	09C1	0000	25
		_InitialFlashReg		CODE           	0922	0000	2

../Projects/src/eeprom.c estimated size: 102

../Projects/src/EXIT_FUN.c
		_SetTxData     		CODE           	06C4	0000	236
		_EXIT_init     		CODE           	0957	0000	12
		_SetFixedLengthCode		CODE           	0A28	0000	32
		_EXTI_PORTA1   		CODE           	0C3B	0000	83
		_SendTxData    		CODE           	0F26	0000	219

../Projects/src/EXIT_FUN.c estimated size: 582

../Projects/src/adf7012.c
		_dd_set_TX_mode		CODE           	0CE0	0000	89
		_dd_write_7021_reg		CODE           	0BC8	0000	54
		_dd_set_ADF7021_Power_on		CODE           	093F	0000	8
		_dd_set_ADF7021_Power_on_Init		CODE           	0A47	0000	32
		_dd_set_ADF7021_Power_on_test		CODE           	0A0D	0000	28

../Projects/src/adf7012.c estimated size: 211

../Projects/src/initial.c
		_ClearWDT      		CODE           	0926	0000	2
		_Delayus       		CODE           	0978	0000	16
		_SysClock_Init 		CODE           	0946	0000	9
		_WDT_init      		CODE           	0925	0000	2
		__Init_RAM     		CODE           	0B6F	0000	38
		_VHF_GPIO_INIT 		CODE           	0A86	0000	34

../Projects/src/initial.c estimated size: 101

../Projects/src/ad.c
		_START_AD_SAMPLER		CODE           	0923	0000	2
		_AD_control    		CODE           	0BFD	0000	63

../Projects/src/ad.c estimated size: 65

C:\Program Files\Microchip\xc8\v2.20\pic\sources\c99\common\Umul32.c
		___lmul        		CODE           	0B94	0000	53

C:\Program Files\Microchip\xc8\v2.20\pic\sources\c99\common\Umul32.c estimated size: 53

shared
		_ct_KeyDataTable		STRCODE        	1000	0000	18
		__initialization		CODE           	0025	0000	34
		_Default_adf7012_value		STRCODE        	1011	0000	17

shared estimated size: 69

../Projects/src/key_and_Other.c
		_key_check     		CODE           	0E9C	0000	139
		__GetNoPushState		CODE           	0987	0000	17
		__FuncAutoTxStart		CODE           	0003	0000	2
		__SwIn         		CODE           	096D	0000	12
		__DupliFuncSetMode		CODE           	004A	0000	439
		__FuncVentReg  		CODE           	0B0A	0000	34
		__SetRegistrationMode		CODE           	0B4D	0000	35
		__FuncNoPush   		CODE           	07ED	0000	18
		__Pass3secKey  		CODE           	09F2	0000	28
		__FuncOpenReg  		CODE           	0B2B	0000	35
		__ReqBuzzer    		CODE           	0AA7	0000	34
		__ReqTxdEdit   		CODE           	03A9	0000	275
		__FuncStop     		CODE           	04BB	0000	274
		__FuncOpenStop 		CODE           	09AC	0000	22
		__FuncStopReg  		CODE           	0AE9	0000	34
		__FuncAutoTxStop		CODE           	07FF	0000	2
		__FuncCloseReg 		CODE           	0AC8	0000	34
		__ClearSpecialMultiKeyState		CODE           	0931	0000	8
		__DupliFuncClear		CODE           	0997	0000	22
		__KeyInTx      		CODE           	0200	0000	426
		__RegistrationMode		CODE           	05CC	0000	249
		__GetRegMode   		CODE           	0928	0000	4
		__SetKeyChatterCount		CODE           	094E	0000	10
		__IdClear      		CODE           	09D9	0000	26
		_time_control  		CODE           	0A66	0000	33
		__FuncReg      		CODE           	0D38	0000	99
		_atol_de       		CODE           	0C8D	0000	84
		_test_mode_control		CODE           	0E13	0000	138

../Projects/src/key_and_Other.c estimated size: 2533

../Projects/src/main.c
		_ISR           		CODE           	0004	0000	32
		_main          		CODE           	0D9A	0000	122

../Projects/src/main.c estimated size: 154

../Projects/src/uart.c
		_UART1_INIT    		CODE           	0924	0000	2
		_UART1_end     		CODE           	07FE	0000	2

../Projects/src/uart.c estimated size: 4

