###############################################################################
#                                                                             #
# IAR ELF Linker V1.31.1.50058 for STM8                 30/Jun/2014  11:26:48 #
# Copyright 2010-2012 IAR Systems AB.                                         #
#                                                                             #
#    Output file  =  F:\Source Code\bunka-s\Bunka STM8L051F3 TX Source\Bunka  #
#                    STM8L051F3 TX Source Ver1.3\Debug\Exe\Bunka STM8S003F3   #
#                    TX Source.out                                            #
#    Map file     =  F:\Source Code\bunka-s\Bunka STM8L051F3 TX Source\Bunka  #
#                    STM8L051F3 TX Source Ver1.3\Debug\List\Bunka STM8S003F3  #
#                    TX Source.map                                            #
#    Command line =  "F:\Source Code\bunka-s\Bunka STM8L051F3 TX              #
#                    Source\Bunka STM8L051F3 TX Source                        #
#                    Ver1.3\Debug\Obj\EXIT_FUN.o" "F:\Source                  #
#                    Code\bunka-s\Bunka STM8L051F3 TX Source\Bunka            #
#                    STM8L051F3 TX Source Ver1.3\Debug\Obj\Timer.o"           #
#                    "F:\Source Code\bunka-s\Bunka STM8L051F3 TX              #
#                    Source\Bunka STM8L051F3 TX Source                        #
#                    Ver1.3\Debug\Obj\adf7012.o" "F:\Source                   #
#                    Code\bunka-s\Bunka STM8L051F3 TX Source\Bunka            #
#                    STM8L051F3 TX Source Ver1.3\Debug\Obj\eeprom.o"          #
#                    "F:\Source Code\bunka-s\Bunka STM8L051F3 TX              #
#                    Source\Bunka STM8L051F3 TX Source                        #
#                    Ver1.3\Debug\Obj\initial.o" "F:\Source                   #
#                    Code\bunka-s\Bunka STM8L051F3 TX Source\Bunka            #
#                    STM8L051F3 TX Source Ver1.3\Debug\Obj\key_and_Other.o"   #
#                    "F:\Source Code\bunka-s\Bunka STM8L051F3 TX              #
#                    Source\Bunka STM8L051F3 TX Source                        #
#                    Ver1.3\Debug\Obj\main.o" "F:\Source Code\bunka-s\Bunka   #
#                    STM8L051F3 TX Source\Bunka STM8L051F3 TX Source          #
#                    Ver1.3\Debug\Obj\ram.o" "F:\Source Code\bunka-s\Bunka    #
#                    STM8L051F3 TX Source\Bunka STM8L051F3 TX Source          #
#                    Ver1.3\Debug\Obj\stm8l15x_it.o" --redirect               #
#                    _Printf=_PrintfSmall --redirect _Scanf=_ScanfSmall -o    #
#                    "F:\Source Code\bunka-s\Bunka STM8L051F3 TX              #
#                    Source\Bunka STM8L051F3 TX Source                        #
#                    Ver1.3\Debug\Exe\Bunka STM8S003F3 TX Source.out" --map   #
#                    "F:\Source Code\bunka-s\Bunka STM8L051F3 TX              #
#                    Source\Bunka STM8L051F3 TX Source                        #
#                    Ver1.3\Debug\List\Bunka STM8S003F3 TX Source.map"        #
#                    --config "D:\Program Files\IAR Systems\Embedded          #
#                    Workbench 6.0 Evaluation\stm8\config\lnkstm8l051f3.icf"  #
#                    --config_def _CSTACK_SIZE=0x100 --config_def             #
#                    _HEAP_SIZE=0x100 --entry __iar_program_start --debug_lib #
#                                                                             #
#                                                                             #
###############################################################################

*******************************************************************************
*** RUNTIME MODEL ATTRIBUTES
***

__SystemLibrary            = DLib
__code_model               = small
__core                     = stm8
__data_model               = small
__dlib_file_descriptor     = 0
__dlib_full_locale_support = 0
__rt_version               = 4


*******************************************************************************
*** RESERVED RANGES
***

Ranges reserved by absolute symbols:
   [0x005053-0x005053]
   [0x0050c8-0x0050c8]


*******************************************************************************
*** PLACEMENT SUMMARY
***

"A1":  place at start of [0x000000-0x0000ff] { rw section .vregs };
"P1":  place in [from 0x000000 to 0x0000ff] {
          rw section .tiny.bss, rw section .tiny.data, rw section .tiny.noinit,
          rw section .tiny.rodata };
"A2":  place at end of [0x000000-0x0003ff] { block CSTACK };
"A3":  place at start of [0x008000-0x009fff] { block INTVEC };
"P3":  place in [from 0x008000 to 0x009fff] {
          ro section .far.data_init, ro section .far_func.textrw_init,
          ro section .huge.data_init, ro section .huge_func.textrw_init,
          ro section .iar.init_table, ro section .init_array,
          ro section .near.data_init, ro section .near.rodata,
          ro section .near_func.text, ro section .near_func.textrw_init,
          ro section .tiny.data_init, ro section .tiny.rodata_init };

  Section          Kind      Address    Size  Object
  -------          ----      -------    ----  ------
"A1":                                   0x10
  .vregs           uninit   0x000000    0x10  vregs.o [4]
                          - 0x000010    0x10

"P1":                                   0x65
  .tiny.bss        zero     0x000010    0x28  ram.o [1]
  .tiny.bss        zero     0x000038     0x9  ram.o [1]
  .tiny.bss        zero     0x000041     0x4  ram.o [1]
  .tiny.bss        zero     0x000045     0x4  ram.o [1]
  .tiny.bss        zero     0x000049     0x2  ram.o [1]
  .tiny.bss        zero     0x00004b     0x2  ram.o [1]
  .tiny.bss        zero     0x00004d     0x2  ram.o [1]
  .tiny.bss        zero     0x00004f     0x2  ram.o [1]
  .tiny.bss        zero     0x000051     0x2  ram.o [1]
  .tiny.bss        zero     0x000053     0x2  ram.o [1]
  .tiny.bss        zero     0x000055     0x2  ram.o [1]
  .tiny.bss        zero     0x000057     0x2  ram.o [1]
  .tiny.bss        zero     0x000059     0x2  ram.o [1]
  .tiny.bss        zero     0x00005b     0x2  ram.o [1]
  .tiny.bss        zero     0x00005d     0x1  ram.o [1]
  .tiny.bss        zero     0x00005e     0x1  ram.o [1]
  .tiny.bss        zero     0x00005f     0x1  ram.o [1]
  .tiny.bss        zero     0x000060     0x1  ram.o [1]
  .tiny.bss        zero     0x000061     0x1  ram.o [1]
  .tiny.bss        zero     0x000062     0x1  ram.o [1]
  .tiny.bss        zero     0x000063     0x1  ram.o [1]
  .tiny.bss        zero     0x000064     0x1  ram.o [1]
  .tiny.bss        zero     0x000065     0x1  ram.o [1]
  .tiny.bss        zero     0x000066     0x1  ram.o [1]
  .tiny.bss        zero     0x000067     0x1  ram.o [1]
  .tiny.bss        zero     0x000068     0x1  ram.o [1]
  .tiny.bss        zero     0x000069     0x1  ram.o [1]
  .tiny.bss        zero     0x00006a     0x1  ram.o [1]
  .tiny.bss        zero     0x00006b     0x1  ram.o [1]
  .tiny.bss        zero     0x00006c     0x1  ram.o [1]
  .tiny.bss        zero     0x00006d     0x1  ram.o [1]
  .tiny.bss        zero     0x00006e     0x1  ram.o [1]
  .tiny.bss        zero     0x00006f     0x1  ram.o [1]
  .tiny.bss        zero     0x000070     0x1  ram.o [1]
  .tiny.bss        zero     0x000071     0x1  ram.o [1]
  .tiny.bss        zero     0x000072     0x1  ram.o [1]
  .tiny.bss        zero     0x000073     0x1  ram.o [1]
  .tiny.bss        zero     0x000074     0x1  ram.o [1]
                          - 0x000075    0x65

"A2":                                  0x100
  CSTACK                    0x000300   0x100  <Block>
    CSTACK         uninit   0x000300   0x100  <Block tail>
                          - 0x000400   0x100

"A3":                                   0x80
  INTVEC                    0x008000    0x80  <Block>
    .intvec        const    0x008000    0x80  interrupt.o [4]
                          - 0x008080    0x80

"P3":                                 0x12b8
  .near_func.text  ro code  0x008080   0x616  key_and_Other.o [1]
  .near_func.text  ro code  0x008696   0x135  EXIT_FUN.o [1]
  .near_func.text  ro code  0x0087cb   0x120  key_and_Other.o [1]
  .near_func.text  ro code  0x0088eb   0x117  key_and_Other.o [1]
  .near_func.text  ro code  0x008a02    0xd0  key_and_Other.o [1]
  .near_func.text  ro code  0x008ad2    0xad  EXIT_FUN.o [1]
  .near_func.text  ro code  0x008b7f    0xa5  long.o [4]
  .near_func.text  ro code  0x008c24    0x9a  key_and_Other.o [1]
  .near_func.text  ro code  0x008cbe    0x99  initial.o [1]
  .near_func.text  ro code  0x008d57    0x8e  vreg_util.o [4]
  .near_func.text  ro code  0x008de5    0x6f  adf7012.o [1]
  .near_func.text  ro code  0x008e54    0x6b  main.o [1]
  .near_func.text  ro code  0x008ebf    0x5d  adf7012.o [1]
  .near_func.text  ro code  0x008f1c    0x5c  EXIT_FUN.o [1]
  .near_func.text  ro code  0x008f78    0x5b  eeprom.o [1]
  .near_func.text  ro code  0x008fd3    0x4a  key_and_Other.o [1]
  .near_func.text  ro code  0x00901d    0x44  adf7012.o [1]
  .near_func.text  ro code  0x009061    0x32  EXIT_FUN.o [1]
  .near_func.text  ro code  0x009093    0x31  initial.o [1]
  .near_func.text  ro code  0x0090c4    0x2e  initial.o [1]
  .near_func.text  ro code  0x0090f2    0x2a  adf7012.o [1]
  .near_func.text  ro code  0x00911c    0x26  key_and_Other.o [1]
  .near_func.text  ro code  0x009142    0x23  key_and_Other.o [1]
  .near_func.text  ro code  0x009165    0x21  initial.o [1]
  .near_func.text  ro code  0x009186    0x1e  key_and_Other.o [1]
  .iar.init_table  const    0x0091a4     0x8  - Linker created -
  .near_func.text  ro code  0x0091ac    0x1e  init_small.o [4]
  .near_func.text  ro code  0x0091ca    0x1d  Timer.o [1]
  .near_func.text  ro code  0x0091e7    0x1a  long_util.o [4]
  .near_func.text  ro code  0x009201    0x17  init.o [4]
  .near_func.text  ro code  0x009218    0x16  stm8l15x_it.o [1]
  .near_func.text  ro code  0x00922e    0x16  stm8l15x_it.o [1]
  .near_func.text  ro code  0x009244    0x15  key_and_Other.o [1]
  .near_func.text  ro code  0x009259    0x14  __dbg_xxexit.o [3]
  .near_func.text  ro code  0x00926d    0x13  cstartup.o [4]
  .near_func.text  ro code  0x009280    0x12  move.o [4]
  .near.rodata     const    0x009292    0x11  key_and_Other.o [1]
  .near_func.text  ro code  0x0092a3    0x11  Timer.o [1]
  .near_func.text  ro code  0x0092b4    0x11  eeprom.o [1]
  .near_func.text  ro code  0x0092c5    0x10  key_and_Other.o [1]
  .near_func.text  ro code  0x0092d5     0xd  initial.o [1]
  .near_func.text  ro code  0x0092e2     0xb  initial.o [1]
  .near_func.text  ro code  0x0092ed     0xb  dc_util.o [4]
  .near_func.text  ro code  0x0092f8     0x9  EXIT_FUN.o [1]
  .near_func.text  ro code  0x009301     0x6  char.o [4]
  .near_func.text  ro code  0x009307     0x5  cexit.o [4]
  .near_func.text  ro code  0x00930c     0x3  key_and_Other.o [1]
  .near_func.text  ro code  0x00930f     0x3  interrupt.o [4]
  .near_func.text  ro code  0x009312     0x3  low_level_init.o [4]
  .near_func.text  ro code  0x009315     0x3  exit.o [4]
  .near_func.text  ro code  0x009318     0x3  unhandled_exception.o [4]
  .near_func.text  ro code  0x00931b     0x1  stm8l15x_it.o [1]
  .near_func.text  ro code  0x00931c     0x1  stm8l15x_it.o [1]
  .near_func.text  ro code  0x00931d     0x1  stm8l15x_it.o [1]
  .near_func.text  ro code  0x00931e     0x1  stm8l15x_it.o [1]
  .near_func.text  ro code  0x00931f     0x1  stm8l15x_it.o [1]
  .near_func.text  ro code  0x009320     0x1  stm8l15x_it.o [1]
  .near_func.text  ro code  0x009321     0x1  stm8l15x_it.o [1]
  .near_func.text  ro code  0x009322     0x1  stm8l15x_it.o [1]
  .near_func.text  ro code  0x009323     0x1  stm8l15x_it.o [1]
  .near_func.text  ro code  0x009324     0x1  stm8l15x_it.o [1]
  .near_func.text  ro code  0x009325     0x1  stm8l15x_it.o [1]
  .near_func.text  ro code  0x009326     0x1  stm8l15x_it.o [1]
  .near_func.text  ro code  0x009327     0x1  stm8l15x_it.o [1]
  .near_func.text  ro code  0x009328     0x1  stm8l15x_it.o [1]
  .near_func.text  ro code  0x009329     0x1  stm8l15x_it.o [1]
  .near_func.text  ro code  0x00932a     0x1  stm8l15x_it.o [1]
  .near_func.text  ro code  0x00932b     0x1  stm8l15x_it.o [1]
  .near_func.text  ro code  0x00932c     0x1  stm8l15x_it.o [1]
  .near_func.text  ro code  0x00932d     0x1  stm8l15x_it.o [1]
  .near_func.text  ro code  0x00932e     0x1  stm8l15x_it.o [1]
  .near_func.text  ro code  0x00932f     0x1  stm8l15x_it.o [1]
  .near_func.text  ro code  0x009330     0x1  stm8l15x_it.o [1]
  .near_func.text  ro code  0x009331     0x1  stm8l15x_it.o [1]
  .near_func.text  ro code  0x009332     0x1  stm8l15x_it.o [1]
  .near_func.text  ro code  0x009333     0x1  stm8l15x_it.o [1]
  .near_func.text  ro code  0x009334     0x1  stm8l15x_it.o [1]
  .near_func.text  ro code  0x009335     0x1  stm8l15x_it.o [1]
  .near_func.text  ro code  0x009336     0x1  stm8l15x_it.o [1]
  .near_func.text  ro code  0x009337     0x1  __dbg_break.o [3]
                          - 0x009338  0x12b8


*******************************************************************************
*** INIT TABLE
***

          Address   Size
          -------   ----
Zero (__iar_zero_init2)
    1 destination range, total size 0x65:
          0x000010  0x65


*******************************************************************************
*** MODULE SUMMARY
***

    Module                 ro code  ro data  rw data
    ------                 -------  -------  -------
F:\Source Code\bunka-s\Bunka STM8L051F3 TX Source\Bunka STM8L051F3 TX Source Ver1.3\Debug\Obj: [1]
    EXIT_FUN.o                 633
    Timer.o                     46
    adf7012.o                  314
    eeprom.o                   108
    initial.o                  305
    key_and_Other.o          2 704       17
    main.o                     107
    ram.o                                        101
    stm8l15x_it.o               72
    ------------------------------------------------
    Total:                   4 289       17      101

command line: [2]
    ------------------------------------------------
    Total:

dbgstm8ssd.a: [3]
    __dbg_break.o                1
    __dbg_xxexit.o              20
    ------------------------------------------------
    Total:                      21

dlstm8ssn.a: [4]
    cexit.o                      5
    char.o                       6
    cstartup.o                  19
    dc_util.o                   11
    exit.o                       3
    init.o                      23
    init_small.o                30
    interrupt.o                  3      128
    long.o                     165
    long_util.o                 26
    low_level_init.o             3
    move.o                      18
    unhandled_exception.o        3
    vreg_util.o                142
    vregs.o                                       16
    ------------------------------------------------
    Total:                     457      128       16

    Linker created                        8      256
----------------------------------------------------
    Grand Total:             4 767      153      373


*******************************************************************************
*** ENTRY LIST
***

Entry                      Address   Size  Type      Object
-----                      -------   ----  ----      ------
?add32_l0_l0_0x           0x008b82         Code  Gb  long.o [4]
?add32_l0_l0_l1           0x008b7f         Code  Gb  long.o [4]
?b0                       0x000000         Data  Gb  vregs.o [4]
?b1                       0x000001         Data  Gb  vregs.o [4]
?b10                      0x00000a         Data  Gb  vregs.o [4]
?b11                      0x00000b         Data  Gb  vregs.o [4]
?b12                      0x00000c         Data  Gb  vregs.o [4]
?b13                      0x00000d         Data  Gb  vregs.o [4]
?b14                      0x00000e         Data  Gb  vregs.o [4]
?b15                      0x00000f         Data  Gb  vregs.o [4]
?b2                       0x000002         Data  Gb  vregs.o [4]
?b3                       0x000003         Data  Gb  vregs.o [4]
?b4                       0x000004         Data  Gb  vregs.o [4]
?b5                       0x000005         Data  Gb  vregs.o [4]
?b6                       0x000006         Data  Gb  vregs.o [4]
?b7                       0x000007         Data  Gb  vregs.o [4]
?b8                       0x000008         Data  Gb  vregs.o [4]
?b9                       0x000009         Data  Gb  vregs.o [4]
?dc32_px                  0x0092ed         Code  Gb  dc_util.o [4]
?e0                       0x000001         Data  Gb  vregs.o [4]
?e1                       0x000005         Data  Gb  vregs.o [4]
?e2                       0x000009         Data  Gb  vregs.o [4]
?e3                       0x00000d         Data  Gb  vregs.o [4]
?l0                       0x000000         Data  Gb  vregs.o [4]
?l1                       0x000004         Data  Gb  vregs.o [4]
?l2                       0x000008         Data  Gb  vregs.o [4]
?l3                       0x00000c         Data  Gb  vregs.o [4]
?load32_0x_l0             0x0091f3         Code  Gb  long_util.o [4]
?load32_l0_0x             0x0091e7         Code  Gb  long_util.o [4]
?longfarg16_v_w0_a        0x009280         Code  Gb  move.o [4]
?longfarg16_v_w0_x        0x009282         Code  Gb  move.o [4]
?mov_e1_e3                0x008ddb         Code  Gb  vreg_util.o [4]
?mov_l1_l3                0x008dd8         Code  Gb  vreg_util.o [4]
?mov_w3_w7                0x008dde         Code  Gb  vreg_util.o [4]
?mul32_l0_l0_0x           0x008b9d         Code  Gb  long.o [4]
?mul32_l0_l0_dl           0x008b9a         Code  Gb  long.o [4]
?mul32_l0_l0_l1           0x008ba6         Code  Gb  long.o [4]
?pop_l0                   0x008daf         Code  Gb  vreg_util.o [4]
?pop_l1                   0x008dba         Code  Gb  vreg_util.o [4]
?pop_l3                   0x008dc5         Code  Gb  vreg_util.o [4]
?pop_w5                   0x008d74         Code  Gb  vreg_util.o [4]
?push_l0                  0x008d83         Code  Gb  vreg_util.o [4]
?push_l1                  0x008d88         Code  Gb  vreg_util.o [4]
?push_l3                  0x008d8d         Code  Gb  vreg_util.o [4]
?push_w4                  0x008d57         Code  Gb  vreg_util.o [4]
?push_w5                  0x008d5c         Code  Gb  vreg_util.o [4]
?srl8_a_a_5               0x009302         Code  Gb  char.o [4]
?srl8_a_a_6               0x009301         Code  Gb  char.o [4]
?w0                       0x000000         Data  Gb  vregs.o [4]
?w1                       0x000002         Data  Gb  vregs.o [4]
?w2                       0x000004         Data  Gb  vregs.o [4]
?w3                       0x000006         Data  Gb  vregs.o [4]
?w4                       0x000008         Data  Gb  vregs.o [4]
?w5                       0x00000a         Data  Gb  vregs.o [4]
?w6                       0x00000c         Data  Gb  vregs.o [4]
?w7                       0x00000e         Data  Gb  vregs.o [4]
ADC1_COMP_IRQHandler      0x00932c    0x1  Code  Gb  stm8l15x_it.o [1]
BASE_TIME_BEEP_off        0x000065    0x1  Data  Gb  ram.o [1]
BASE_TIME_BEEP_on         0x00004f    0x2  Data  Gb  ram.o [1]
CLK_SWR {Abs}           0x000050c8    0x1  Data  Wk  initial.o [1]
CSTACK$$Base              0x000300          --   Gb  - Linker created -
CSTACK$$Limit             0x000400          --   Gb  - Linker created -
Control_code              0x000061    0x1  Data  Gb  ram.o [1]
DMA1_CHANNEL0_1_IRQHandler
                          0x00931d    0x1  Code  Gb  stm8l15x_it.o [1]
DMA1_CHANNEL2_3_IRQHandler
                          0x00931e    0x1  Code  Gb  stm8l15x_it.o [1]
Delayus                   0x0092d5    0xd  Code  Gb  initial.o [1]
EXIT_init                 0x0092f8    0x9  Code  Gb  EXIT_FUN.o [1]
EXTI0_IRQHandler          0x009323    0x1  Code  Gb  stm8l15x_it.o [1]
EXTI1_IRQHandler          0x009324    0x1  Code  Gb  stm8l15x_it.o [1]
EXTI2_IRQHandler          0x009325    0x1  Code  Gb  stm8l15x_it.o [1]
EXTI3_IRQHandler          0x009326    0x1  Code  Gb  stm8l15x_it.o [1]
EXTI4_IRQHandler          0x009218   0x16  Code  Gb  stm8l15x_it.o [1]
EXTI5_IRQHandler          0x009327    0x1  Code  Gb  stm8l15x_it.o [1]
EXTI6_IRQHandler          0x009328    0x1  Code  Gb  stm8l15x_it.o [1]
EXTI7_IRQHandler          0x009329    0x1  Code  Gb  stm8l15x_it.o [1]
EXTIB_G_IRQHandler        0x009321    0x1  Code  Gb  stm8l15x_it.o [1]
EXTID_H_IRQHandler        0x009322    0x1  Code  Gb  stm8l15x_it.o [1]
EXTIE_F_PVD_IRQHandler    0x009320    0x1  Code  Gb  stm8l15x_it.o [1]
EXTI_PORTA1               0x008f1c   0x5c  Code  Gb  EXIT_FUN.o [1]
FLASH_DUKR {Abs}        0x00005053    0x1  Data  Wk  eeprom.o [1]
FLASH_IRQHandler          0x00931c    0x1  Code  Gb  stm8l15x_it.o [1]
I2C1_SPI2_IRQHandler      0x009336    0x1  Code  Gb  stm8l15x_it.o [1]
ID_INT_CODE               0x000063    0x1  Data  Gb  ram.o [1]
ID_data                   0x000041    0x4  Data  Gb  ram.o [1]
ID_data_add               0x000045    0x4  Data  Gb  ram.o [1]
INTVEC$$Base              0x008000          --   Gb  - Linker created -
INTVEC$$Limit             0x008080          --   Gb  - Linker created -
InitialFlashReg           0x0092b4   0x11  Code  Gb  eeprom.o [1]
KeyOpt_EEPROM_write       0x008f9f   0x17  Code  Gb  eeprom.o [1]
LCD_AES_IRQHandler        0x00932a    0x1  Code  Gb  stm8l15x_it.o [1]
LockFlash                 0x008f78    0xd  Code  Gb  eeprom.o [1]
RAM_OP1                   0x00005d    0x1  Data  Gb  ram.o [1]
RAM_OP2                   0x00005e    0x1  Data  Gb  ram.o [1]
RAM_RegSW                 0x00005f    0x1  Data  Gb  ram.o [1]
RAM_SW                    0x000060    0x1  Data  Gb  ram.o [1]
RAM_clean                 0x0092e2    0xb  Code  Gb  initial.o [1]
RTC_CSSLSE_IRQHandler     0x00931f    0x1  Code  Gb  stm8l15x_it.o [1]
ReadByteEEPROM            0x008fb6    0x5  Code  Gb  eeprom.o [1]
Region$$Table$$Base       0x0091a4          --   Gb  - Linker created -
Region$$Table$$Limit      0x0091ac          --   Gb  - Linker created -
SPI1_IRQHandler           0x009333    0x1  Code  Gb  stm8l15x_it.o [1]
SWITCH_CSS_BREAK_DAC_IRQHandler
                          0x00932b    0x1  Code  Gb  stm8l15x_it.o [1]
SendTxData                0x008ad2   0xad  Code  Gb  EXIT_FUN.o [1]
SetFixedLengthCode        0x009061   0x32  Code  Gb  EXIT_FUN.o [1]
SetTxData                 0x008696  0x135  Code  Gb  EXIT_FUN.o [1]
SysClock_Init             0x0090c4   0x2e  Code  Gb  initial.o [1]
TB_100ms                  0x000067    0x1  Data  Gb  ram.o [1]
TB_5s                     0x000068    0x1  Data  Gb  ram.o [1]
TIM1_CC_IRQHandler        0x009332    0x1  Code  Gb  stm8l15x_it.o [1]
TIM1_UPD_OVF_TRG_COM_IRQHandler
                          0x009331    0x1  Code  Gb  stm8l15x_it.o [1]
TIM2_CC_USART2_RX_IRQHandler
                          0x00932e    0x1  Code  Gb  stm8l15x_it.o [1]
TIM2_UPD_OVF_TRG_BRK_USART2_TX_IRQHandler
                          0x00932d    0x1  Code  Gb  stm8l15x_it.o [1]
TIM3_CC_USART3_RX_IRQHandler
                          0x009330    0x1  Code  Gb  stm8l15x_it.o [1]
TIM3_UPD_OVF_TRG_BRK_USART3_TX_IRQHandler
                          0x00932f    0x1  Code  Gb  stm8l15x_it.o [1]
TIM4_Init                 0x0092a3   0x11  Code  Gb  Timer.o [1]
TIM4_UPD_OVF              0x0091ca   0x1d  Code  Gb  Timer.o [1]
TIM4_UPD_OVF_TRG_IRQHandler
                          0x00922e   0x16  Code  Gb  stm8l15x_it.o [1]
TIME_BEEP_freq            0x000066    0x1  Data  Gb  ram.o [1]
TIME_BEEP_off             0x000064    0x1  Data  Gb  ram.o [1]
TIME_BEEP_on              0x00004d    0x2  Data  Gb  ram.o [1]
TRAP_IRQHandler           0x00931b    0x1  Code  Gb  stm8l15x_it.o [1]
USART1_RX_TIM5_CC_IRQHandler
                          0x009335    0x1  Code  Gb  stm8l15x_it.o [1]
USART1_TX_TIM5_UPD_OVF_TRG_BRK_IRQHandler
                          0x009334    0x1  Code  Gb  stm8l15x_it.o [1]
UnlockFlash               0x008f8a   0x15  Code  Gb  eeprom.o [1]
VHF_GPIO_INIT             0x008cbe   0x99  Code  Gb  initial.o [1]
WriteByteToFLASH          0x008f85    0x5  Code  Gb  eeprom.o [1]
_ClearSpecialMultiKeyState
                          0x0082e1   0x15  Code  Gb  key_and_Other.o [1]
_DupliFuncClear           0x008080   0x15  Code  Gb  key_and_Other.o [1]
_DupliFuncSetMode         0x008095  0x24c  Code  Gb  key_and_Other.o [1]
_FuncAutoTxStart          0x008339    0x1  Code  Gb  key_and_Other.o [1]
_FuncAutoTxStop           0x008338    0x1  Code  Gb  key_and_Other.o [1]
_FuncCloseReg             0x00833b    0x1  Code  Gb  key_and_Other.o [1]
_FuncNoPush               0x008318   0x20  Code  Gb  key_and_Other.o [1]
_FuncOpenReg              0x00833c    0x1  Code  Gb  key_and_Other.o [1]
_FuncOpenStop             0x00833d    0x1  Code  Gb  key_and_Other.o [1]
_FuncReg                  0x008496   0x7f  Code  Gb  key_and_Other.o [1]
_FuncStop                 0x00833e  0x158  Code  Gb  key_and_Other.o [1]
_FuncStopReg              0x008528   0x33  Code  Gb  key_and_Other.o [1]
_FuncVentReg              0x00833a    0x1  Code  Gb  key_and_Other.o [1]
_GetNoPushState           0x0082f6   0x1a  Code  Gb  key_and_Other.o [1]
_GetRegMode               0x00930c    0x3  Code  Gb  key_and_Other.o [1]
_IdClear                  0x00911c   0x26  Code  Gb  key_and_Other.o [1]
_Init_RAM                 0x009093   0x31  Code  Gb  initial.o [1]
_KeyInTx                  0x00855b  0x13b  Code  Gb  key_and_Other.o [1]
_Pass3secKey              0x008515   0x13  Code  Gb  key_and_Other.o [1]
_RegistrationMode         0x0088eb  0x117  Code  Gb  key_and_Other.o [1]
_ReqBuzzer                0x009186   0x1e  Code  Gb  key_and_Other.o [1]
_ReqTxdEdit               0x008c24   0x9a  Code  Gb  key_and_Other.o [1]
_SetKeyChatterCount       0x008310    0x8  Code  Gb  key_and_Other.o [1]
_SetRegistrationMode      0x009244   0x15  Code  Gb  key_and_Other.o [1]
_SwIn                     0x0092c5   0x10  Code  Gb  key_and_Other.o [1]
__DebugBreak              0x009337    0x1  Code  Gb  __dbg_break.o [3]
__exit                    0x009259   0x14  Code  Gb  __dbg_xxexit.o [3]
__iar_data_init2          0x009201   0x17  Code  Gb  init.o [4]
__iar_program_start       0x00926d         Code  Gb  cstartup.o [4]
__iar_unhandled_exception
                          0x009318         Code  Gb  unhandled_exception.o [4]
__iar_zero_init2          0x0091ac         Code  Gb  init_small.o [4]
__intvec                  0x008000         Data  Gb  interrupt.o [4]
__low_level_init          0x009312    0x3  Code  Gb  low_level_init.o [4]
_exit                     0x009307         Code  Gb  cexit.o [4]
_interrupt_1              0x00931b         Code  Gb  stm8l15x_it.o [1]
_interrupt_10             0x009323         Code  Gb  stm8l15x_it.o [1]
_interrupt_11             0x009324         Code  Gb  stm8l15x_it.o [1]
_interrupt_12             0x009325         Code  Gb  stm8l15x_it.o [1]
_interrupt_13             0x009326         Code  Gb  stm8l15x_it.o [1]
_interrupt_14             0x009218         Code  Gb  stm8l15x_it.o [1]
_interrupt_15             0x009327         Code  Gb  stm8l15x_it.o [1]
_interrupt_16             0x009328         Code  Gb  stm8l15x_it.o [1]
_interrupt_17             0x009329         Code  Gb  stm8l15x_it.o [1]
_interrupt_18             0x00932a         Code  Gb  stm8l15x_it.o [1]
_interrupt_19             0x00932b         Code  Gb  stm8l15x_it.o [1]
_interrupt_2              0x00930f         Code  Wk  interrupt.o [4]
_interrupt_20             0x00932c         Code  Gb  stm8l15x_it.o [1]
_interrupt_21             0x00932d         Code  Gb  stm8l15x_it.o [1]
_interrupt_22             0x00932e         Code  Gb  stm8l15x_it.o [1]
_interrupt_23             0x00932f         Code  Gb  stm8l15x_it.o [1]
_interrupt_24             0x009330         Code  Gb  stm8l15x_it.o [1]
_interrupt_25             0x009331         Code  Gb  stm8l15x_it.o [1]
_interrupt_26             0x009332         Code  Gb  stm8l15x_it.o [1]
_interrupt_27             0x00922e         Code  Gb  stm8l15x_it.o [1]
_interrupt_28             0x009333         Code  Gb  stm8l15x_it.o [1]
_interrupt_29             0x009334         Code  Gb  stm8l15x_it.o [1]
_interrupt_3              0x00931c         Code  Gb  stm8l15x_it.o [1]
_interrupt_30             0x009335         Code  Gb  stm8l15x_it.o [1]
_interrupt_31             0x009336         Code  Gb  stm8l15x_it.o [1]
_interrupt_4              0x00931d         Code  Gb  stm8l15x_it.o [1]
_interrupt_5              0x00931e         Code  Gb  stm8l15x_it.o [1]
_interrupt_6              0x00931f         Code  Gb  stm8l15x_it.o [1]
_interrupt_7              0x009320         Code  Gb  stm8l15x_it.o [1]
_interrupt_8              0x009321         Code  Gb  stm8l15x_it.o [1]
_interrupt_9              0x009322         Code  Gb  stm8l15x_it.o [1]
atol                      0x008fd3   0x4a  Code  Gb  key_and_Other.o [1]
beep_init                 0x009165   0x21  Code  Gb  initial.o [1]
ct_KeyDataTable           0x009292   0x11  Data  Gb  key_and_Other.o [1]
dd_set_ADF7021_Power_on
                          0x0090f2   0x2a  Code  Gb  adf7012.o [1]
dd_set_ADF7021_Power_on_Init
                          0x00901d   0x44  Code  Gb  adf7012.o [1]
dd_set_TX_mode            0x008ebf   0x5d  Code  Gb  adf7012.o [1]
dd_write_7021_reg         0x008de5   0x6f  Code  Gb  adf7012.o [1]
eeprom_sys_load           0x008fbb   0x18  Code  Gb  eeprom.o [1]
exit                      0x009315    0x3  Code  Gb  exit.o [4]
key_check                 0x0087cb  0x120  Code  Gb  key_and_Other.o [1]
m_ChatterCount            0x00006c    0x1  Data  Gb  ram.o [1]
m_KeyCloseCount           0x00006f    0x1  Data  Gb  ram.o [1]
m_KeyCount                0x000072    0x1  Data  Gb  ram.o [1]
m_KeyDupli1stTimer        0x000053    0x2  Data  Gb  ram.o [1]
m_KeyDupliSetTimeout      0x000055    0x2  Data  Gb  ram.o [1]
m_KeyNew                  0x000069    0x1  Data  Gb  ram.o [1]
m_KeyNo                   0x00006d    0x1  Data  Gb  ram.o [1]
m_KeyOld                  0x00006b    0x1  Data  Gb  ram.o [1]
m_KeyOpenCount            0x00006e    0x1  Data  Gb  ram.o [1]
m_KeyOptSetMode           0x000070    0x1  Data  Gb  ram.o [1]
m_KindOfKey               0x00006a    0x1  Data  Gb  ram.o [1]
m_RFNormalBuf             0x000010   0x28  Data  Gb  ram.o [1]
m_RegDigit                0x000074    0x1  Data  Gb  ram.o [1]
m_RegID                   0x000038    0x9  Data  Gb  ram.o [1]
m_RegMode                 0x000073    0x1  Data  Gb  ram.o [1]
m_TimerKey                0x000051    0x2  Data  Gb  ram.o [1]
m_TimerKeyMonitor         0x000059    0x2  Data  Gb  ram.o [1]
m_TimerRegMode            0x00005b    0x2  Data  Gb  ram.o [1]
main                      0x008e54   0x6b  Code  Gb  main.o [1]
rom_KeyOpt                0x000071    0x1  Data  Gb  ram.o [1]
test_mode_control         0x008a02   0xd0  Code  Gb  key_and_Other.o [1]
time_control              0x009142   0x23  Code  Gb  key_and_Other.o [1]
time_led                  0x000057    0x2  Data  Gb  ram.o [1]
txphase                   0x000049    0x2  Data  Gb  ram.o [1]
txphase_Repeat            0x000062    0x1  Data  Gb  ram.o [1]
txphase_end               0x00004b    0x2  Data  Gb  ram.o [1]


[1] = F:\Source Code\bunka-s\Bunka STM8L051F3 TX Source\Bunka STM8L051F3 TX Source Ver1.3\Debug\Obj
[2] = command line
[3] = dbgstm8ssd.a
[4] = dlstm8ssn.a

  4 767 bytes of readonly  code memory
    153 bytes of readonly  data memory
    373 bytes of readwrite data memory

Errors: none
Warnings: none
