###############################################################################
#                                                                             #
# IAR ELF Linker V1.31.1.50058 for STM8                 05/Feb/2017  14:35:17 #
# Copyright 2010-2012 IAR Systems AB.                                         #
#                                                                             #
#    Output file  =  F:\Source Code\bunka-s\Bunka STM8L051F3 TX Source\Bunka  #
#                    STM8L151G4 TX Source Ver2.5_STX1731(A)_B                 #
#                    cyw\Debug\Exe\Bunka STM8S003F3 TX Source.out             #
#    Map file     =  F:\Source Code\bunka-s\Bunka STM8L051F3 TX Source\Bunka  #
#                    STM8L151G4 TX Source Ver2.5_STX1731(A)_B                 #
#                    cyw\Debug\List\Bunka STM8S003F3 TX Source.map            #
#    Command line =  "F:\Source Code\bunka-s\Bunka STM8L051F3 TX              #
#                    Source\Bunka STM8L151G4 TX Source Ver2.5_STX1731(A)_B    #
#                    cyw\Debug\Obj\EXIT_FUN.o" "F:\Source Code\bunka-s\Bunka  #
#                    STM8L051F3 TX Source\Bunka STM8L151G4 TX Source          #
#                    Ver2.5_STX1731(A)_B cyw\Debug\Obj\Timer.o" "F:\Source    #
#                    Code\bunka-s\Bunka STM8L051F3 TX Source\Bunka            #
#                    STM8L151G4 TX Source Ver2.5_STX1731(A)_B                 #
#                    cyw\Debug\Obj\ad.o" "F:\Source Code\bunka-s\Bunka        #
#                    STM8L051F3 TX Source\Bunka STM8L151G4 TX Source          #
#                    Ver2.5_STX1731(A)_B cyw\Debug\Obj\adf7012.o" "F:\Source  #
#                    Code\bunka-s\Bunka STM8L051F3 TX Source\Bunka            #
#                    STM8L151G4 TX Source Ver2.5_STX1731(A)_B                 #
#                    cyw\Debug\Obj\eeprom.o" "F:\Source Code\bunka-s\Bunka    #
#                    STM8L051F3 TX Source\Bunka STM8L151G4 TX Source          #
#                    Ver2.5_STX1731(A)_B cyw\Debug\Obj\initial.o" "F:\Source  #
#                    Code\bunka-s\Bunka STM8L051F3 TX Source\Bunka            #
#                    STM8L151G4 TX Source Ver2.5_STX1731(A)_B                 #
#                    cyw\Debug\Obj\key_and_Other.o" "F:\Source                #
#                    Code\bunka-s\Bunka STM8L051F3 TX Source\Bunka            #
#                    STM8L151G4 TX Source Ver2.5_STX1731(A)_B                 #
#                    cyw\Debug\Obj\main.o" "F:\Source Code\bunka-s\Bunka      #
#                    STM8L051F3 TX Source\Bunka STM8L151G4 TX Source          #
#                    Ver2.5_STX1731(A)_B cyw\Debug\Obj\ram.o" "F:\Source      #
#                    Code\bunka-s\Bunka STM8L051F3 TX Source\Bunka            #
#                    STM8L151G4 TX Source Ver2.5_STX1731(A)_B                 #
#                    cyw\Debug\Obj\stm8l15x_it.o" "F:\Source                  #
#                    Code\bunka-s\Bunka STM8L051F3 TX Source\Bunka            #
#                    STM8L151G4 TX Source Ver2.5_STX1731(A)_B                 #
#                    cyw\Debug\Obj\uart.o" --redirect _Printf=_PrintfSmall    #
#                    --redirect _Scanf=_ScanfSmall -o "F:\Source              #
#                    Code\bunka-s\Bunka STM8L051F3 TX Source\Bunka            #
#                    STM8L151G4 TX Source Ver2.5_STX1731(A)_B                 #
#                    cyw\Debug\Exe\Bunka STM8S003F3 TX Source.out" --map      #
#                    "F:\Source Code\bunka-s\Bunka STM8L051F3 TX              #
#                    Source\Bunka STM8L151G4 TX Source Ver2.5_STX1731(A)_B    #
#                    cyw\Debug\List\Bunka STM8S003F3 TX Source.map" --config  #
#                    "D:\Program Files (x86)\IAR Systems\Embedded Workbench   #
#                    6.0 Evaluation\stm8\config\lnkstm8l151g4.icf"            #
#                    --config_def _CSTACK_SIZE=0x100 --config_def             #
#                    _HEAP_SIZE=0x100 --entry __iar_program_start --debug_lib #
#                                                                             #
#                                                                             #
###############################################################################

*******************************************************************************
*** RUNTIME MODEL ATTRIBUTES
***

__SystemLibrary            = DLib
__code_model               = medium_or_large
__core                     = stm8
__data_model               = medium
__dlib_file_descriptor     = 0
__dlib_full_locale_support = 0
__rt_version               = 4


*******************************************************************************
*** RESERVED RANGES
***

Ranges reserved by absolute symbols:
   [0x005053-0x005053]
   [0x0050c8-0x0050c8]
   [0x0050e2-0x0050e2]
   [0x005231-0x005231]


*******************************************************************************
*** PLACEMENT SUMMARY
***

"A1":  place at start of [0x000000-0x0000ff] { rw section .vregs };
"A2":  place at end of [0x000000-0x0007ff] { block CSTACK };
"P2":  place in [from 0x000000 to 0x0007ff] {
          block HEAP, rw section .far.bss, rw section .far.data,
          rw section .far.noinit, rw section .far_func.textrw,
          rw section .huge.bss, rw section .huge.data, rw section .huge.noinit,
          rw section .huge_func.textrw, rw section .iar.dynexit,
          rw section .near.bss, rw section .near.data, rw section .near.noinit,
          rw section .near_func.textrw };
"A3":  place at start of [0x008000-0x00bfff] { block INTVEC };
"P3":  place in [from 0x008000 to 0x00bfff] {
          ro section .far.data_init, ro section .far_func.textrw_init,
          ro section .huge.data_init, ro section .huge_func.textrw_init,
          ro section .iar.init_table, ro section .init_array,
          ro section .near.data_init, ro section .near.rodata,
          ro section .near_func.text, ro section .near_func.textrw_init,
          ro section .tiny.data_init, ro section .tiny.rodata_init };
"P4":  place in [from 0x008000 to 0x00bfff] {
          ro section .far.rodata, ro section .far_func.text };

  Section            Kind      Address    Size  Object
  -------            ----      -------    ----  ------
"A1":                                     0x10
  .vregs             uninit   0x000000    0x10  vregs.o [4]
                            - 0x000010    0x10

"P2", part 1 of 2:                         0x4
  P2 s0                       0x000010     0x4  <Init block>
    .near.data       inited   0x000010     0x4  rand.o [4]
                            - 0x000014     0x4

"P2", part 2 of 2:                       0x15b
  .near.bss          zero     0x000014    0x80  rand.o [4]
  .near.bss          zero     0x000094    0x28  ram.o [1]
  .near.bss          zero     0x0000bc    0x10  ram.o [1]
  .near.bss          zero     0x0000cc    0x10  ram.o [1]
  .near.bss          zero     0x0000dc    0x10  ram.o [1]
  .near.bss          zero     0x0000ec     0x9  ram.o [1]
  .near.bss          zero     0x0000f5     0x4  ram.o [1]
  .near.bss          zero     0x0000f9     0x4  ram.o [1]
  .near.bss          zero     0x0000fd     0x4  ram.o [1]
  .near.bss          zero     0x000101     0x4  ram.o [1]
  .near.bss          zero     0x000105     0x4  ram.o [1]
  .near.bss          zero     0x000109     0x4  rand.o [4]
  .near.bss          zero     0x00010d     0x3  rand.o [4]
  .near.bss          zero     0x000110     0x3  rand.o [4]
  .near.bss          zero     0x000113     0x3  rand.o [4]
  .near.bss          zero     0x000116     0x3  rand.o [4]
  .near.bss          zero     0x000119     0x2  ram.o [1]
  .near.bss          zero     0x00011b     0x2  ram.o [1]
  .near.bss          zero     0x00011d     0x2  ram.o [1]
  .near.bss          zero     0x00011f     0x2  ram.o [1]
  .near.bss          zero     0x000121     0x2  ram.o [1]
  .near.bss          zero     0x000123     0x2  ram.o [1]
  .near.bss          zero     0x000125     0x2  ram.o [1]
  .near.bss          zero     0x000127     0x2  ram.o [1]
  .near.bss          zero     0x000129     0x2  ram.o [1]
  .near.bss          zero     0x00012b     0x2  ram.o [1]
  .near.bss          zero     0x00012d     0x2  ram.o [1]
  .near.bss          zero     0x00012f     0x2  ram.o [1]
  .near.bss          zero     0x000131     0x2  ram.o [1]
  .near.bss          zero     0x000133     0x2  ram.o [1]
  .near.bss          zero     0x000135     0x2  ram.o [1]
  .near.bss          zero     0x000137     0x2  ram.o [1]
  .near.bss          zero     0x000139     0x2  ram.o [1]
  .near.bss          zero     0x00013b     0x2  ram.o [1]
  .near.bss          zero     0x00013d     0x2  ram.o [1]
  .near.bss          zero     0x00013f     0x2  ram.o [1]
  .near.bss          zero     0x000141     0x2  ram.o [1]
  .near.bss          zero     0x000143     0x2  ram.o [1]
  .near.bss          zero     0x000145     0x2  ram.o [1]
  .near.bss          zero     0x000147     0x2  ram.o [1]
  .near.bss          zero     0x000149     0x2  ram.o [1]
  .near.bss          zero     0x00014b     0x1  key_and_Other.o [1]
  .near.bss          zero     0x00014c     0x1  ram.o [1]
  .near.bss          zero     0x00014d     0x1  ram.o [1]
  .near.bss          zero     0x00014e     0x1  ram.o [1]
  .near.bss          zero     0x00014f     0x1  ram.o [1]
  .near.bss          zero     0x000150     0x1  ram.o [1]
  .near.bss          zero     0x000151     0x1  ram.o [1]
  .near.bss          zero     0x000152     0x1  ram.o [1]
  .near.bss          zero     0x000153     0x1  ram.o [1]
  .near.bss          zero     0x000154     0x1  ram.o [1]
  .near.bss          zero     0x000155     0x1  ram.o [1]
  .near.bss          zero     0x000156     0x1  ram.o [1]
  .near.bss          zero     0x000157     0x1  ram.o [1]
  .near.bss          zero     0x000158     0x1  ram.o [1]
  .near.bss          zero     0x000159     0x1  ram.o [1]
  .near.bss          zero     0x00015a     0x1  ram.o [1]
  .near.bss          zero     0x00015b     0x1  ram.o [1]
  .near.bss          zero     0x00015c     0x1  ram.o [1]
  .near.bss          zero     0x00015d     0x1  ram.o [1]
  .near.bss          zero     0x00015e     0x1  ram.o [1]
  .near.bss          zero     0x00015f     0x1  ram.o [1]
  .near.bss          zero     0x000160     0x1  ram.o [1]
  .near.bss          zero     0x000161     0x1  ram.o [1]
  .near.bss          zero     0x000162     0x1  ram.o [1]
  .near.bss          zero     0x000163     0x1  ram.o [1]
  .near.bss          zero     0x000164     0x1  ram.o [1]
  .near.bss          zero     0x000165     0x1  ram.o [1]
  .near.bss          zero     0x000166     0x1  ram.o [1]
  .near.bss          zero     0x000167     0x1  ram.o [1]
  .near.bss          zero     0x000168     0x1  ram.o [1]
  .near.bss          zero     0x000169     0x1  ram.o [1]
  .near.bss          zero     0x00016a     0x1  ram.o [1]
  .near.bss          zero     0x00016b     0x1  ram.o [1]
  .near.bss          zero     0x00016c     0x1  ram.o [1]
  .near.bss          zero     0x00016d     0x1  ram.o [1]
  .near.bss          zero     0x00016e     0x1  rand.o [4]
                            - 0x00016f   0x15b

"A2":                                    0x100
  CSTACK                      0x000700   0x100  <Block>
    CSTACK           uninit   0x000700   0x100  <Block tail>
                            - 0x000800   0x100

"A3":                                     0x80
  INTVEC                      0x008000    0x80  <Block>
    .intvec          const    0x008000    0x80  interrupt.o [4]
                            - 0x008080    0x80

"P3":                                     0x39
  .iar.init_table    const    0x008080    0x14  - Linker created -
  .near.rodata       const    0x008094    0x11  key_and_Other.o [1]
  .near.rodata       const    0x0080a5    0x10  ram.o [1]
  Initializer bytes  ro data  0x0080b5     0x4  <for P2 s0>
                            - 0x0080b9    0x39

"P4":                                   0x2427
  .far_func.text     ro code  0x0080b9   0x91b  key_and_Other.o [1]
  .far_func.text     ro code  0x0089d4   0x371  uart.o [1]
  .far_func.text     ro code  0x008d45   0x1ea  key_and_Other.o [1]
  .far_func.text     ro code  0x008f2f   0x1e6  eeprom.o [1]
  .far_func.text     ro code  0x009115   0x1cc  long.o [4]
  .far_func.text     ro code  0x0092e1   0x179  main.o [1]
  .far_func.text     ro code  0x00945a   0x12e  key_and_Other.o [1]
  .far_func.text     ro code  0x009588   0x111  EXIT_FUN.o [1]
  .far_func.text     ro code  0x009699   0x109  key_and_Other.o [1]
  .far_func.text     ro code  0x0097a2    0xf2  key_and_Other.o [1]
  .far_func.text     ro code  0x009894    0xd9  initial.o [1]
  .far_func.text     ro code  0x00996d    0xd3  ad.o [1]
  .far_func.text     ro code  0x009a40    0xcc  rand.o [4]
  .far_func.text     ro code  0x009b0c    0xc8  vreg_util.o [4]
  .far_func.text     ro code  0x009bd4    0xb6  EXIT_FUN.o [1]
  .far_func.text     ro code  0x009c8a    0x75  adf7012.o [1]
  .far_func.text     ro code  0x009cff    0x6f  adf7012.o [1]
  .far_func.text     ro code  0x009d6e    0x6a  EXIT_FUN.o [1]
  .far_func.text     ro code  0x009dd8    0x66  long_util.o [4]
  .far_func.text     ro code  0x009e3e    0x65  adf7012.o [1]
  .far_func.text     ro code  0x009ea3    0x58  dc_util.o [4]
  .far_func.text     ro code  0x009efb    0x55  key_and_Other.o [1]
  .far_func.text     ro code  0x009f50    0x4f  uart.o [1]
  .far_func.text     ro code  0x009f9f    0x4e  key_and_Other.o [1]
  .far_func.text     ro code  0x009fed    0x45  ad.o [1]
  .far_func.text     ro code  0x00a032    0x40  srand.o [4]
  .far_func.text     ro code  0x00a072    0x32  EXIT_FUN.o [1]
  .far_func.text     ro code  0x00a0a4    0x30  adf7012.o [1]
  .far_func.text     ro code  0x00a0d4    0x2e  initial.o [1]
  .far_func.text     ro code  0x00a102    0x2d  Timer.o [1]
  .far_func.text     ro code  0x00a12f    0x2d  initial.o [1]
  .far_func.text     ro code  0x00a15c    0x29  Timer.o [1]
  .far_func.text     ro code  0x00a185    0x29  key_and_Other.o [1]
  .far_func.text     ro code  0x00a1ae    0x28  init_small.o [4]
  .far_func.text     ro code  0x00a1d6    0x26  rand.o [4]
  .far_func.text     ro code  0x00a1fc    0x25  key_and_Other.o [1]
  .far_func.text     ro code  0x00a221    0x25  move.o [4]
  .far_func.text     ro code  0x00a246    0x23  key_and_Other.o [1]
  .far_func.text     ro code  0x00a269    0x1e  uart.o [1]
  .far_func.text     ro code  0x00a287    0x1e  short.o [4]
  .far_func.text     ro code  0x00a2a5    0x1e  init.o [4]
  .far_func.text     ro code  0x00a2c3    0x1e  init_small.o [4]
  .far_func.text     ro code  0x00a2e1    0x1d  uart.o [1]
  .far_func.text     ro code  0x00a2fe    0x1d  uart.o [1]
  .far_func.text     ro code  0x00a31b    0x1c  far_util.o [4]
  .far_func.text     ro code  0x00a337    0x1b  stm8l15x_it.o [1]
  .far_func.text     ro code  0x00a352    0x1b  stm8l15x_it.o [1]
  .far_func.text     ro code  0x00a36d    0x1b  stm8l15x_it.o [1]
  .far_func.text     ro code  0x00a388    0x1b  stm8l15x_it.o [1]
  .far_func.text     ro code  0x00a3a3    0x1a  uart.o [1]
  .far_func.text     ro code  0x00a3bd    0x17  cstartup.o [4]
  .far_func.text     ro code  0x00a3d4    0x16  __dbg_xxexit.o [3]
  .far_func.text     ro code  0x00a3ea    0x12  key_and_Other.o [1]
  .far_func.text     ro code  0x00a3fc    0x11  Timer.o [1]
  .far_func.text     ro code  0x00a40d    0x11  eeprom.o [1]
  .far_func.text     ro code  0x00a41e    0x11  initial.o [1]
  .far_func.text     ro code  0x00a42f     0xd  initial.o [1]
  .far_func.text     ro code  0x00a43c     0xc  uart.o [1]
  .far_func.text     ro code  0x00a448     0xc  srand.o [4]
  .far_func.text     ro code  0x00a454     0xb  initial.o [1]
  .far_func.text     ro code  0x00a45f     0xb  rand.o [4]
  .far_func.text     ro code  0x00a46a     0xa  uart.o [1]
  .far_func.text     ro code  0x00a474     0xa  rand.o [4]
  .far_func.text     ro code  0x00a47e     0xa  far.o [4]
  .far_func.text     ro code  0x00a488     0x9  EXIT_FUN.o [1]
  .far_func.text     ro code  0x00a491     0x9  Timer.o [1]
  .far_func.text     ro code  0x00a49a     0x8  rand.o [4]
  .far_func.text     ro code  0x00a4a2     0x6  char.o [4]
  .far_func.text     ro code  0x00a4a8     0x6  cexit.o [4]
  .far_func.text     ro code  0x00a4ae     0x5  initial.o [1]
  .far_func.text     ro code  0x00a4b3     0x4  key_and_Other.o [1]
  .far_func.text     ro code  0x00a4b7     0x4  interrupt.o [4]
  .far_func.text     ro code  0x00a4bb     0x4  exit.o [4]
  .far_func.text     ro code  0x00a4bf     0x3  low_level_init.o [4]
  .far_func.text     ro code  0x00a4c2     0x3  unhandled_exception.o [4]
  .far_func.text     ro code  0x00a4c5     0x1  stm8l15x_it.o [1]
  .far_func.text     ro code  0x00a4c6     0x1  stm8l15x_it.o [1]
  .far_func.text     ro code  0x00a4c7     0x1  stm8l15x_it.o [1]
  .far_func.text     ro code  0x00a4c8     0x1  stm8l15x_it.o [1]
  .far_func.text     ro code  0x00a4c9     0x1  stm8l15x_it.o [1]
  .far_func.text     ro code  0x00a4ca     0x1  stm8l15x_it.o [1]
  .far_func.text     ro code  0x00a4cb     0x1  stm8l15x_it.o [1]
  .far_func.text     ro code  0x00a4cc     0x1  stm8l15x_it.o [1]
  .far_func.text     ro code  0x00a4cd     0x1  stm8l15x_it.o [1]
  .far_func.text     ro code  0x00a4ce     0x1  stm8l15x_it.o [1]
  .far_func.text     ro code  0x00a4cf     0x1  stm8l15x_it.o [1]
  .far_func.text     ro code  0x00a4d0     0x1  stm8l15x_it.o [1]
  .far_func.text     ro code  0x00a4d1     0x1  stm8l15x_it.o [1]
  .far_func.text     ro code  0x00a4d2     0x1  stm8l15x_it.o [1]
  .far_func.text     ro code  0x00a4d3     0x1  stm8l15x_it.o [1]
  .far_func.text     ro code  0x00a4d4     0x1  stm8l15x_it.o [1]
  .far_func.text     ro code  0x00a4d5     0x1  stm8l15x_it.o [1]
  .far_func.text     ro code  0x00a4d6     0x1  stm8l15x_it.o [1]
  .far_func.text     ro code  0x00a4d7     0x1  stm8l15x_it.o [1]
  .far_func.text     ro code  0x00a4d8     0x1  stm8l15x_it.o [1]
  .far_func.text     ro code  0x00a4d9     0x1  stm8l15x_it.o [1]
  .far_func.text     ro code  0x00a4da     0x1  stm8l15x_it.o [1]
  .far_func.text     ro code  0x00a4db     0x1  stm8l15x_it.o [1]
  .far_func.text     ro code  0x00a4dc     0x1  stm8l15x_it.o [1]
  .far_func.text     ro code  0x00a4dd     0x1  stm8l15x_it.o [1]
  .far_func.text     ro code  0x00a4de     0x1  stm8l15x_it.o [1]
  .far_func.text     ro code  0x00a4df     0x1  __dbg_break.o [3]
                            - 0x00a4e0  0x2427


*******************************************************************************
*** INIT TABLE
***

          Address   Size
          -------   ----
Zero (__iar_zero_init2)
    1 destination range, total size 0x15b:
          0x000014  0x15b

Copy (__iar_copy_init2)
    1 source range, total size 0x4:
          0x0080b5    0x4
    1 destination range, total size 0x4:
          0x000010    0x4


*******************************************************************************
*** MODULE SUMMARY
***

    Module                 ro code  ro data  rw data
    ------                 -------  -------  -------
F:\Source Code\bunka-s\Bunka STM8L051F3 TX Source\Bunka STM8L151G4 TX Source Ver2.5_STX1731(A)_B cyw\Debug\Obj: [1]
    EXIT_FUN.o                 620
    Timer.o                    112
    ad.o                       280
    adf7012.o                  377
    eeprom.o                   503
    initial.o                  354
    key_and_Other.o          3 928       17        1
    main.o                     377
    ram.o                                16      201
    stm8l15x_it.o              134
    uart.o                   1 096
    ------------------------------------------------
    Total:                   7 781       33      202

command line: [2]
    ------------------------------------------------
    Total:

dbgstm8mmd.a: [3]
    __dbg_break.o                1
    __dbg_xxexit.o              22
    ------------------------------------------------
    Total:                      23

dlstm8mmn.a: [4]
    cexit.o                      6
    char.o                       6
    cstartup.o                  23
    dc_util.o                   88
    exit.o                       4
    far.o                       10
    far_util.o                  28
    init.o                      30
    init_small.o                70
    interrupt.o                  4      128
    long.o                     460
    long_util.o                102
    low_level_init.o             3
    move.o                      37
    rand.o                     271        4      149
    short.o                     30
    srand.o                     76
    unhandled_exception.o        3
    vreg_util.o                200
    vregs.o                                       16
    ------------------------------------------------
    Total:                   1 451      132      165

    Linker created                       20      256
----------------------------------------------------
    Grand Total:             9 255      185      623


*******************************************************************************
*** ENTRY LIST
***

Entry                      Address   Size  Type      Object
-----                      -------   ----  ----      ------
?add32_l0_l0_0x           0x00912b         Code  Gb  long.o [4]
?add32_l0_l0_l1           0x009128         Code  Gb  long.o [4]
?and32_l0_l0_0x           0x0092ad         Code  Gb  long.o [4]
?b0                       0x000000         Data  Gb  vregs.o [4]
?b1                       0x000001         Data  Gb  vregs.o [4]
?b10                      0x00000a         Data  Gb  vregs.o [4]
?b11                      0x00000b         Data  Gb  vregs.o [4]
?b12                      0x00000c         Data  Gb  vregs.o [4]
?b13                      0x00000d         Data  Gb  vregs.o [4]
?b14                      0x00000e         Data  Gb  vregs.o [4]
?b15                      0x00000f         Data  Gb  vregs.o [4]
?b2                       0x000002         Data  Gb  vregs.o [4]
?b3                       0x000003         Data  Gb  vregs.o [4]
?b4                       0x000004         Data  Gb  vregs.o [4]
?b5                       0x000005         Data  Gb  vregs.o [4]
?b6                       0x000006         Data  Gb  vregs.o [4]
?b7                       0x000007         Data  Gb  vregs.o [4]
?b8                       0x000008         Data  Gb  vregs.o [4]
?b9                       0x000009         Data  Gb  vregs.o [4]
?dc32_l0                  0x009ea3         Code  Gb  dc_util.o [4]
?dc32_l1                  0x009ecf         Code  Gb  dc_util.o [4]
?e0                       0x000001         Data  Gb  vregs.o [4]
?e1                       0x000005         Data  Gb  vregs.o [4]
?e2                       0x000009         Data  Gb  vregs.o [4]
?e3                       0x00000d         Data  Gb  vregs.o [4]
?epilogue_l2              0x009bb9         Code  Gb  vreg_util.o [4]
?epilogue_l2_w6           0x009bbe         Code  Gb  vreg_util.o [4]
?inc32_0x_0x              0x00911a         Code  Gb  long.o [4]
?inc32_l0_l0              0x009115         Code  Gb  long.o [4]
?l0                       0x000000         Data  Gb  vregs.o [4]
?l1                       0x000004         Data  Gb  vregs.o [4]
?l2                       0x000008         Data  Gb  vregs.o [4]
?l3                       0x00000c         Data  Gb  vregs.o [4]
?load24_e0_0x             0x00a31b         Code  Gb  far_util.o [4]
?load24_e1_0x             0x00a329         Code  Gb  far_util.o [4]
?load32_0x_l0             0x009e14         Code  Gb  long_util.o [4]
?load32_0x_l1             0x009e22         Code  Gb  long_util.o [4]
?load32_0x_l2             0x009e30         Code  Gb  long_util.o [4]
?load32_l0_0x             0x009df2         Code  Gb  long_util.o [4]
?load32_l0_asp            0x009de6         Code  Gb  long_util.o [4]
?load32_l0_dbsp           0x009dd8         Code  Gb  long_util.o [4]
?load32_l0_xsp            0x009de8         Code  Gb  long_util.o [4]
?load32_l1_0x             0x009dfe         Code  Gb  long_util.o [4]
?load32_xsp_l0            0x009e0a         Code  Gb  long_util.o [4]
?longfarg16_v_w0_a        0x00a22e         Code  Gb  move.o [4]
?longfarg16_v_w0_x        0x00a230         Code  Gb  move.o [4]
?mov_e1_e3                0x009bca         Code  Gb  vreg_util.o [4]
?mov_l1_l3                0x009bc7         Code  Gb  vreg_util.o [4]
?mov_w3_w7                0x009bcd         Code  Gb  vreg_util.o [4]
?move1616_v_x_y_a         0x00a221         Code  Gb  move.o [4]
?mul16_x_x_w0             0x00a287         Code  Gb  short.o [4]
?mul32_l0_l0_0x           0x00915e         Code  Gb  long.o [4]
?mul32_l0_l0_l1           0x009167         Code  Gb  long.o [4]
?pop_l0                   0x009b81         Code  Gb  vreg_util.o [4]
?pop_l1                   0x009b8c         Code  Gb  vreg_util.o [4]
?pop_l2                   0x009b97         Code  Gb  vreg_util.o [4]
?pop_l3                   0x009ba2         Code  Gb  vreg_util.o [4]
?pop_w5                   0x009b32         Code  Gb  vreg_util.o [4]
?pop_w6                   0x009b39         Code  Gb  vreg_util.o [4]
?push_l0                  0x009b4c         Code  Gb  vreg_util.o [4]
?push_l1                  0x009b51         Code  Gb  vreg_util.o [4]
?push_l2                  0x009b56         Code  Gb  vreg_util.o [4]
?push_l3                  0x009b5b         Code  Gb  vreg_util.o [4]
?push_w4                  0x009b0c         Code  Gb  vreg_util.o [4]
?push_w5                  0x009b11         Code  Gb  vreg_util.o [4]
?push_w6                  0x009b16         Code  Gb  vreg_util.o [4]
?sdiv32_l0_dl_l1          0x00925c         Code  Gb  long.o [4]
?sdiv32_l0_l0_l1          0x009262         Code  Gb  long.o [4]
?sext32_l0_x              0x0092d6         Code  Gb  long.o [4]
?smod32_l1_l0_l1          0x009262         Code  Gb  long.o [4]
?srl32_0x_0x_a            0x0092c8         Code  Gb  long.o [4]
?srl32_l0_l0_a            0x0092c5         Code  Gb  long.o [4]
?srl8_a_a_5               0x00a4a3         Code  Gb  char.o [4]
?srl8_a_a_6               0x00a4a2         Code  Gb  char.o [4]
?sub32_l0_l0_0x           0x009146         Code  Gb  long.o [4]
?sub32_l0_l0_l1           0x009143         Code  Gb  long.o [4]
?ucmp24_c_0x_e0           0x00a47e         Code  Gb  far.o [4]
?udiv32_l0_l0_dl          0x0091eb         Code  Gb  long.o [4]
?udiv32_l0_l0_l1          0x0091ef         Code  Gb  long.o [4]
?umod32_l1_l0_dl          0x0091e5         Code  Gb  long.o [4]
?umod32_l1_l0_l1          0x0091ef         Code  Gb  long.o [4]
?w0                       0x000000         Data  Gb  vregs.o [4]
?w1                       0x000002         Data  Gb  vregs.o [4]
?w2                       0x000004         Data  Gb  vregs.o [4]
?w3                       0x000006         Data  Gb  vregs.o [4]
?w4                       0x000008         Data  Gb  vregs.o [4]
?w5                       0x00000a         Data  Gb  vregs.o [4]
?w6                       0x00000c         Data  Gb  vregs.o [4]
?w7                       0x00000e         Data  Gb  vregs.o [4]
ADC1_COMP_IRQHandler      0x00a352   0x1b  Code  Gb  stm8l15x_it.o [1]
ADC2_EOC_INT              0x009994   0xac  Code  Gb  ad.o [1]
AD_DATA_BUFF              0x00012f    0x2  Data  Gb  ram.o [1]
AD_control                0x009fed   0x45  Code  Gb  ad.o [1]
BASE_TIME_BEEP_off        0x000154    0x1  Data  Gb  ram.o [1]
BASE_TIME_BEEP_on         0x00011f    0x2  Data  Gb  ram.o [1]
BAT_Voltage_value         0x000101    0x4  Data  Gb  ram.o [1]
BAT_out                   0x000165    0x1  Data  Gb  ram.o [1]
CLK_SWR {Abs}           0x000050c8    0x1  Data  Wk  initial.o [1]
CSTACK$$Base              0x000700          --   Gb  - Linker created -
CSTACK$$Limit             0x000800          --   Gb  - Linker created -
ClearWDT                  0x00a4ae    0x5  Code  Gb  initial.o [1]
Control_code              0x000150    0x1  Data  Gb  ram.o [1]
DMA1_CHANNEL0_1_IRQHandler
                          0x00a4c7    0x1  Code  Gb  stm8l15x_it.o [1]
DMA1_CHANNEL2_3_IRQHandler
                          0x00a4c8    0x1  Code  Gb  stm8l15x_it.o [1]
Default_adf7012_value     0x0080a5   0x10  Data  Gb  ram.o [1]
Delayus                   0x00a42f    0xd  Code  Gb  initial.o [1]
EXIT_init                 0x00a488    0x9  Code  Gb  EXIT_FUN.o [1]
EXTI0_IRQHandler          0x00a4cd    0x1  Code  Gb  stm8l15x_it.o [1]
EXTI1_IRQHandler          0x00a4ce    0x1  Code  Gb  stm8l15x_it.o [1]
EXTI2_IRQHandler          0x00a4cf    0x1  Code  Gb  stm8l15x_it.o [1]
EXTI3_IRQHandler          0x00a4d0    0x1  Code  Gb  stm8l15x_it.o [1]
EXTI4_IRQHandler          0x00a337   0x1b  Code  Gb  stm8l15x_it.o [1]
EXTI5_IRQHandler          0x00a4d1    0x1  Code  Gb  stm8l15x_it.o [1]
EXTI6_IRQHandler          0x00a4d2    0x1  Code  Gb  stm8l15x_it.o [1]
EXTI7_IRQHandler          0x00a4d3    0x1  Code  Gb  stm8l15x_it.o [1]
EXTIB_G_IRQHandler        0x00a4cb    0x1  Code  Gb  stm8l15x_it.o [1]
EXTID_H_IRQHandler        0x00a4cc    0x1  Code  Gb  stm8l15x_it.o [1]
EXTIE_F_PVD_IRQHandler    0x00a4ca    0x1  Code  Gb  stm8l15x_it.o [1]
EXTI_PORTA1               0x009d6e   0x6a  Code  Gb  EXIT_FUN.o [1]
FLAG_AUTO_TX              0x000167    0x1  Data  Gb  ram.o [1]
FLAG_AUTO_TX_stop         0x000168    0x1  Data  Gb  ram.o [1]
FLAG_StopKey_Close        0x00016d    0x1  Data  Gb  ram.o [1]
FLAG_StopKey_Open         0x00016c    0x1  Data  Gb  ram.o [1]
FLAG_srand_data           0x00016a    0x1  Data  Gb  ram.o [1]
FLASH_DUKR {Abs}        0x00005053    0x1  Data  Wk  eeprom.o [1]
FLASH_IRQHandler          0x00a4c6    0x1  Code  Gb  stm8l15x_it.o [1]
I2C1_SPI2_IRQHandler      0x00a4de    0x1  Code  Gb  stm8l15x_it.o [1]
ID_INT_CODE               0x000152    0x1  Data  Gb  ram.o [1]
ID_data                   0x0000f5    0x4  Data  Gb  ram.o [1]
ID_data_add               0x0000f9    0x4  Data  Gb  ram.o [1]
INTVEC$$Base              0x008000          --   Gb  - Linker created -
INTVEC$$Limit             0x008080          --   Gb  - Linker created -
IWDG_RLR {Abs}          0x000050e2    0x1  Data  Wk  initial.o [1]
InitialFlashReg           0x00a40d   0x11  Code  Gb  eeprom.o [1]
KEY_stop_count            0x00016b    0x1  Data  Gb  ram.o [1]
KeyOpt_EEPROM_write       0x008f56   0x1b  Code  Gb  eeprom.o [1]
LCD_AES_IRQHandler        0x00a4d4    0x1  Code  Gb  stm8l15x_it.o [1]
LockFlash                 0x008f2f    0xd  Code  Gb  eeprom.o [1]
PC_PRG                    0x0089d4  0x371  Code  Gb  uart.o [1]
POWER_ON_PIN_KEY_STOP     0x000169    0x1  Data  Gb  ram.o [1]
RAM_BAT_AVG               0x000131    0x2  Data  Gb  ram.o [1]
RAM_BAT_CNT               0x000164    0x1  Data  Gb  ram.o [1]
RAM_BAT_SUM               0x0000fd    0x4  Data  Gb  ram.o [1]
RAM_OP1                   0x00014c    0x1  Data  Gb  ram.o [1]
RAM_OP2                   0x00014d    0x1  Data  Gb  ram.o [1]
RAM_RegSW                 0x00014e    0x1  Data  Gb  ram.o [1]
RAM_SW                    0x00014f    0x1  Data  Gb  ram.o [1]
RAM_clean                 0x00a454    0xb  Code  Gb  initial.o [1]
ROM_adf7012_value         0x0000dc   0x10  Data  Gb  ram.o [1]
RTC_CSSLSE_IRQHandler     0x00a4c9    0x1  Code  Gb  stm8l15x_it.o [1]
ReadByteEEPROM            0x008f71    0x5  Code  Gb  eeprom.o [1]
Region$$Table$$Base       0x008080          --   Gb  - Linker created -
Region$$Table$$Limit      0x008094          --   Gb  - Linker created -
SIO_DATA                  0x0000cc   0x10  Data  Gb  ram.o [1]
SIO_buff                  0x0000bc   0x10  Data  Gb  ram.o [1]
SIO_cnt                   0x000158    0x1  Data  Gb  ram.o [1]
SPI1_IRQHandler           0x00a4dc    0x1  Code  Gb  stm8l15x_it.o [1]
START_AD_SAMPLER          0x00996d   0x27  Code  Gb  ad.o [1]
SWITCH_CSS_BREAK_DAC_IRQHandler
                          0x00a4d5    0x1  Code  Gb  stm8l15x_it.o [1]
SendTxData                0x009bd4   0xb6  Code  Gb  EXIT_FUN.o [1]
Send_char                 0x00a269   0x1e  Code  Gb  uart.o [1]
SetFixedLengthCode        0x00a072   0x32  Code  Gb  EXIT_FUN.o [1]
SetTxData                 0x009588  0x111  Code  Gb  EXIT_FUN.o [1]
SysClock_Init             0x00a0d4   0x2e  Code  Gb  initial.o [1]
TB_100ms                  0x000156    0x1  Data  Gb  ram.o [1]
TB_5s                     0x000157    0x1  Data  Gb  ram.o [1]
TIM1_CC_IRQHandler        0x00a4db    0x1  Code  Gb  stm8l15x_it.o [1]
TIM1_UPD_OVF_TRG_COM_IRQHandler
                          0x00a4da    0x1  Code  Gb  stm8l15x_it.o [1]
TIM2_CC_USART2_RX_IRQHandler
                          0x00a4d7    0x1  Code  Gb  stm8l15x_it.o [1]
TIM2_UPD_OVF_TRG_BRK_USART2_TX_IRQHandler
                          0x00a4d6    0x1  Code  Gb  stm8l15x_it.o [1]
TIM3_CC_USART3_RX_IRQHandler
                          0x00a4d9    0x1  Code  Gb  stm8l15x_it.o [1]
TIM3_UPD_OVF_TRG_BRK_USART3_TX_IRQHandler
                          0x00a4d8    0x1  Code  Gb  stm8l15x_it.o [1]
TIM3_init                 0x00a102   0x2d  Code  Gb  Timer.o [1]
TIM4_Init                 0x00a3fc   0x11  Code  Gb  Timer.o [1]
TIM4_UPD_OVF              0x00a15c   0x29  Code  Gb  Timer.o [1]
TIM4_UPD_OVF_TRG_IRQHandler
                          0x00a36d   0x1b  Code  Gb  stm8l15x_it.o [1]
TIME_10s                  0x000135    0x2  Data  Gb  ram.o [1]
TIME_2s_RestTX            0x000166    0x1  Data  Gb  ram.o [1]
TIME_AUTO_TX              0x000139    0x2  Data  Gb  ram.o [1]
TIME_AUTO_TX_bak          0x00013b    0x2  Data  Gb  ram.o [1]
TIME_BEEP_freq            0x000155    0x1  Data  Gb  ram.o [1]
TIME_BEEP_off             0x000153    0x1  Data  Gb  ram.o [1]
TIME_BEEP_on              0x00011d    0x2  Data  Gb  ram.o [1]
TIME_Once_twice_switch    0x000133    0x2  Data  Gb  ram.o [1]
TIME_StopKey_Open_Close
                          0x000149    0x2  Data  Gb  ram.o [1]
TIME_data                 0x00013d    0x2  Data  Gb  ram.o [1]
TIME_data_differ          0x00013f    0x2  Data  Gb  ram.o [1]
TRAP_IRQHandler           0x00a4c5    0x1  Code  Gb  stm8l15x_it.o [1]
Tone_OFF                  0x00a491    0x9  Code  Gb  Timer.o [1]
UART1_INIT                0x00a2e1   0x1d  Code  Gb  uart.o [1]
UART1_RX_RXNE             0x009f50   0x4f  Code  Gb  uart.o [1]
UART1_end                 0x00a2fe   0x1d  Code  Gb  uart.o [1]
USART1_DR {Abs}         0x00005231    0x1  Data  Wk  uart.o [1]
USART1_RX_TIM5_CC_IRQHandler
                          0x00a388   0x1b  Code  Gb  stm8l15x_it.o [1]
USART1_TX_TIM5_UPD_OVF_TRG_BRK_IRQHandler
                          0x00a4dd    0x1  Code  Gb  stm8l15x_it.o [1]
UnlockFlash               0x008f41   0x15  Code  Gb  eeprom.o [1]
VHF_GPIO_INIT             0x009894   0xd9  Code  Gb  initial.o [1]
WDT_init                  0x00a41e   0x11  Code  Gb  initial.o [1]
WriteByteToFLASH          0x008f3c    0x5  Code  Gb  eeprom.o [1]
_ClearSpecialMultiKeyState
                          0x00837f   0x15  Code  Gb  key_and_Other.o [1]
_DupliFuncClear           0x0080b9   0x17  Code  Gb  key_and_Other.o [1]
_DupliFuncSetMode         0x0080d0  0x2af  Code  Gb  key_and_Other.o [1]
_FuncAutoTxStart          0x0083df    0x1  Code  Gb  key_and_Other.o [1]
_FuncAutoTxStop           0x0083de    0x1  Code  Gb  key_and_Other.o [1]
_FuncCloseReg             0x0086de   0x3b  Code  Gb  key_and_Other.o [1]
_FuncNoPush               0x0083bd   0x21  Code  Gb  key_and_Other.o [1]
_FuncOpenReg              0x008719   0x3e  Code  Gb  key_and_Other.o [1]
_FuncOpenStop             0x008757   0x21  Code  Gb  key_and_Other.o [1]
_FuncReg                  0x0085c0   0x8f  Code  Gb  key_and_Other.o [1]
_FuncStop                 0x0083e0  0x1e0  Code  Gb  key_and_Other.o [1]
_FuncStopReg              0x00866a   0x39  Code  Gb  key_and_Other.o [1]
_FuncVentReg              0x0086a3   0x3b  Code  Gb  key_and_Other.o [1]
_GetNoPushState           0x008394   0x1e  Code  Gb  key_and_Other.o [1]
_GetRegMode               0x00a4b3    0x4  Code  Gb  key_and_Other.o [1]
_IdClear                  0x00a246   0x23  Code  Gb  key_and_Other.o [1]
_Init_RAM                 0x00a12f   0x2d  Code  Gb  initial.o [1]
_KeyInTx                  0x008778  0x25c  Code  Gb  key_and_Other.o [1]
_Pass3secKey              0x00864f   0x1b  Code  Gb  key_and_Other.o [1]
_Rand_idx                 0x000109    0x4  Data  Lc  rand.o [4]
_Rand_rv                  0x000014   0x80  Data  Lc  rand.o [4]
_Randinit                 0x00016e    0x1  Data  Gb  rand.o [4]
_Randseed                 0x000010    0x4  Data  Gb  rand.o [4]
_RegistrationMode         0x00945a  0x12e  Code  Gb  key_and_Other.o [1]
_ReqBuzzer                0x00a185   0x29  Code  Gb  key_and_Other.o [1]
_ReqTxdEdit               0x009699  0x109  Code  Gb  key_and_Other.o [1]
_SetKeyChatterCount       0x0083b2    0xb  Code  Gb  key_and_Other.o [1]
_SetRegistrationMode      0x00a1fc   0x25  Code  Gb  key_and_Other.o [1]
_SwIn                     0x00a3ea   0x12  Code  Gb  key_and_Other.o [1]
__DebugBreak              0x00a4df    0x1  Code  Gb  __dbg_break.o [3]
__exit                    0x00a3d4   0x16  Code  Gb  __dbg_xxexit.o [3]
__iar_Tls_setup__Rand_idx
                          0x000113    0x3  Data  Lc  rand.o [4]
__iar_Tls_setup__Rand_rv
                          0x000116    0x3  Data  Lc  rand.o [4]
__iar_Tls_setup__Randinit
                          0x00010d    0x3  Data  Gb  rand.o [4]
__iar_Tls_setup__Randseed
                          0x000110    0x3  Data  Gb  rand.o [4]
__iar_copy_init2          0x00a1ae         Code  Gb  init_small.o [4]
__iar_data_init2          0x00a2a5   0x1e  Code  Gb  init.o [4]
__iar_program_start       0x00a3bd         Code  Gb  cstartup.o [4]
__iar_unhandled_exception
                          0x00a4c2         Code  Gb  unhandled_exception.o [4]
__iar_zero_init2          0x00a2c3         Code  Gb  init_small.o [4]
__intvec                  0x008000         Data  Gb  interrupt.o [4]
__low_level_init          0x00a4bf    0x3  Code  Gb  low_level_init.o [4]
_exit                     0x00a4a8         Code  Gb  cexit.o [4]
_interrupt_1              0x00a4c5         Code  Gb  stm8l15x_it.o [1]
_interrupt_10             0x00a4cd         Code  Gb  stm8l15x_it.o [1]
_interrupt_11             0x00a4ce         Code  Gb  stm8l15x_it.o [1]
_interrupt_12             0x00a4cf         Code  Gb  stm8l15x_it.o [1]
_interrupt_13             0x00a4d0         Code  Gb  stm8l15x_it.o [1]
_interrupt_14             0x00a337         Code  Gb  stm8l15x_it.o [1]
_interrupt_15             0x00a4d1         Code  Gb  stm8l15x_it.o [1]
_interrupt_16             0x00a4d2         Code  Gb  stm8l15x_it.o [1]
_interrupt_17             0x00a4d3         Code  Gb  stm8l15x_it.o [1]
_interrupt_18             0x00a4d4         Code  Gb  stm8l15x_it.o [1]
_interrupt_19             0x00a4d5         Code  Gb  stm8l15x_it.o [1]
_interrupt_2              0x00a4b7         Code  Wk  interrupt.o [4]
_interrupt_20             0x00a352         Code  Gb  stm8l15x_it.o [1]
_interrupt_21             0x00a4d6         Code  Gb  stm8l15x_it.o [1]
_interrupt_22             0x00a4d7         Code  Gb  stm8l15x_it.o [1]
_interrupt_23             0x00a4d8         Code  Gb  stm8l15x_it.o [1]
_interrupt_24             0x00a4d9         Code  Gb  stm8l15x_it.o [1]
_interrupt_25             0x00a4da         Code  Gb  stm8l15x_it.o [1]
_interrupt_26             0x00a4db         Code  Gb  stm8l15x_it.o [1]
_interrupt_27             0x00a36d         Code  Gb  stm8l15x_it.o [1]
_interrupt_28             0x00a4dc         Code  Gb  stm8l15x_it.o [1]
_interrupt_29             0x00a4dd         Code  Gb  stm8l15x_it.o [1]
_interrupt_3              0x00a4c6         Code  Gb  stm8l15x_it.o [1]
_interrupt_30             0x00a388         Code  Gb  stm8l15x_it.o [1]
_interrupt_31             0x00a4de         Code  Gb  stm8l15x_it.o [1]
_interrupt_4              0x00a4c7         Code  Gb  stm8l15x_it.o [1]
_interrupt_5              0x00a4c8         Code  Gb  stm8l15x_it.o [1]
_interrupt_6              0x00a4c9         Code  Gb  stm8l15x_it.o [1]
_interrupt_7              0x00a4ca         Code  Gb  stm8l15x_it.o [1]
_interrupt_8              0x00a4cb         Code  Gb  stm8l15x_it.o [1]
_interrupt_9              0x00a4cc         Code  Gb  stm8l15x_it.o [1]
asc_hex                   0x00a46a    0xa  Code  Gb  uart.o [1]
asc_hex_2                 0x00a3a3   0x1a  Code  Gb  uart.o [1]
atol_a                    0x009efb   0x55  Code  Gb  key_and_Other.o [1]
ct_KeyDataTable           0x008094   0x11  Data  Gb  key_and_Other.o [1]
dd_set_ADF7021_Power_on
                          0x00a0a4   0x30  Code  Gb  adf7012.o [1]
dd_set_ADF7021_Power_on_Init
                          0x009e3e   0x65  Code  Gb  adf7012.o [1]
dd_set_TX_mode            0x009c8a   0x75  Code  Gb  adf7012.o [1]
dd_write_7021_reg         0x009cff   0x6f  Code  Gb  adf7012.o [1]
eeprom_sys_load           0x008f76  0x19f  Code  Gb  eeprom.o [1]
exit                      0x00a4bb    0x4  Code  Gb  exit.o [4]
hex_asc                   0x00a43c    0xc  Code  Gb  uart.o [1]
key_Value                 0x000137    0x2  Data  Gb  ram.o [1]
key_check                 0x008d45  0x1ea  Code  Gb  key_and_Other.o [1]
m_ChatterCount            0x000121    0x2  Data  Gb  ram.o [1]
m_KeyCloseCount           0x00015e    0x1  Data  Gb  ram.o [1]
m_KeyCount                0x000161    0x1  Data  Gb  ram.o [1]
m_KeyDupli1stTimer        0x000125    0x2  Data  Gb  ram.o [1]
m_KeyDupliSetTimeout      0x000127    0x2  Data  Gb  ram.o [1]
m_KeyNew                  0x000159    0x1  Data  Gb  ram.o [1]
m_KeyNo                   0x00015c    0x1  Data  Gb  ram.o [1]
m_KeyOld                  0x00015b    0x1  Data  Gb  ram.o [1]
m_KeyOpenCount            0x00015d    0x1  Data  Gb  ram.o [1]
m_KeyOptSetMode           0x00015f    0x1  Data  Gb  ram.o [1]
m_KindOfKey               0x00015a    0x1  Data  Gb  ram.o [1]
m_RFNormalBuf             0x000094   0x28  Data  Gb  ram.o [1]
m_RegDigit                0x000163    0x1  Data  Gb  ram.o [1]
m_RegID                   0x0000ec    0x9  Data  Gb  ram.o [1]
m_RegMode                 0x000162    0x1  Data  Gb  ram.o [1]
m_TimerKey                0x000123    0x2  Data  Gb  ram.o [1]
m_TimerKeyMonitor         0x00012b    0x2  Data  Gb  ram.o [1]
m_TimerRegMode            0x00012d    0x2  Data  Gb  ram.o [1]
main                      0x0092e1  0x179  Code  Gb  main.o [1]
moli_stop_cyw             0x00014b    0x1  Data  Gb  key_and_Other.o [1]
rand                      0x009a40   0xcc  Code  Gb  rand.o [4]
rand_data                 0x000141    0x2  Data  Gb  ram.o [1]
rom_KeyOpt                0x000160    0x1  Data  Gb  ram.o [1]
srand                     0x00a032   0x40  Code  Gb  srand.o [4]
srand_TIME                0x000143    0x2  Data  Gb  ram.o [1]
srand_data                0x000147    0x2  Data  Gb  ram.o [1]
srand_data_AD             0x000145    0x2  Data  Gb  ram.o [1]
srand_data_other          0x000105    0x4  Data  Gb  ram.o [1]
test_mode_control         0x0097a2   0xf2  Code  Gb  key_and_Other.o [1]
time_control              0x009f9f   0x4e  Code  Gb  key_and_Other.o [1]
time_led                  0x000129    0x2  Data  Gb  ram.o [1]
txphase                   0x000119    0x2  Data  Gb  ram.o [1]
txphase_Repeat            0x000151    0x1  Data  Gb  ram.o [1]
txphase_end               0x00011b    0x2  Data  Gb  ram.o [1]


[1] = F:\Source Code\bunka-s\Bunka STM8L051F3 TX Source\Bunka STM8L151G4 TX Source Ver2.5_STX1731(A)_B cyw\Debug\Obj
[2] = command line
[3] = dbgstm8mmd.a
[4] = dlstm8mmn.a

  9 255 bytes of readonly  code memory
    185 bytes of readonly  data memory
    623 bytes of readwrite data memory

Errors: none
Warnings: none
