###############################################################################
#                                                                             #
# IAR ELF Linker V1.31.1.50058 for STM8                 24/Jul/2017  10:05:32 #
# Copyright 2010-2012 IAR Systems AB.                                         #
#                                                                             #
#    Output file  =  F:\Source Code\bunka-s\Bunka STM8L051F3 TX Source\Bunka  #
#                    STM8L151G4 TX Source Ver2.6_STX1731(A)_B                 #
#                    MP\Debug\Exe\Bunka STM8S003F3 TX Source.out              #
#    Map file     =  F:\Source Code\bunka-s\Bunka STM8L051F3 TX Source\Bunka  #
#                    STM8L151G4 TX Source Ver2.6_STX1731(A)_B                 #
#                    MP\Debug\List\Bunka STM8S003F3 TX Source.map             #
#    Command line =  "F:\Source Code\bunka-s\Bunka STM8L051F3 TX              #
#                    Source\Bunka STM8L151G4 TX Source Ver2.6_STX1731(A)_B    #
#                    MP\Debug\Obj\EXIT_FUN.o" "F:\Source Code\bunka-s\Bunka   #
#                    STM8L051F3 TX Source\Bunka STM8L151G4 TX Source          #
#                    Ver2.6_STX1731(A)_B MP\Debug\Obj\Timer.o" "F:\Source     #
#                    Code\bunka-s\Bunka STM8L051F3 TX Source\Bunka            #
#                    STM8L151G4 TX Source Ver2.6_STX1731(A)_B                 #
#                    MP\Debug\Obj\ad.o" "F:\Source Code\bunka-s\Bunka         #
#                    STM8L051F3 TX Source\Bunka STM8L151G4 TX Source          #
#                    Ver2.6_STX1731(A)_B MP\Debug\Obj\adf7012.o" "F:\Source   #
#                    Code\bunka-s\Bunka STM8L051F3 TX Source\Bunka            #
#                    STM8L151G4 TX Source Ver2.6_STX1731(A)_B                 #
#                    MP\Debug\Obj\eeprom.o" "F:\Source Code\bunka-s\Bunka     #
#                    STM8L051F3 TX Source\Bunka STM8L151G4 TX Source          #
#                    Ver2.6_STX1731(A)_B MP\Debug\Obj\initial.o" "F:\Source   #
#                    Code\bunka-s\Bunka STM8L051F3 TX Source\Bunka            #
#                    STM8L151G4 TX Source Ver2.6_STX1731(A)_B                 #
#                    MP\Debug\Obj\key_and_Other.o" "F:\Source                 #
#                    Code\bunka-s\Bunka STM8L051F3 TX Source\Bunka            #
#                    STM8L151G4 TX Source Ver2.6_STX1731(A)_B                 #
#                    MP\Debug\Obj\main.o" "F:\Source Code\bunka-s\Bunka       #
#                    STM8L051F3 TX Source\Bunka STM8L151G4 TX Source          #
#                    Ver2.6_STX1731(A)_B MP\Debug\Obj\ram.o" "F:\Source       #
#                    Code\bunka-s\Bunka STM8L051F3 TX Source\Bunka            #
#                    STM8L151G4 TX Source Ver2.6_STX1731(A)_B                 #
#                    MP\Debug\Obj\stm8l15x_it.o" "F:\Source                   #
#                    Code\bunka-s\Bunka STM8L051F3 TX Source\Bunka            #
#                    STM8L151G4 TX Source Ver2.6_STX1731(A)_B                 #
#                    MP\Debug\Obj\uart.o" --redirect _Printf=_PrintfSmall     #
#                    --redirect _Scanf=_ScanfSmall -o "F:\Source              #
#                    Code\bunka-s\Bunka STM8L051F3 TX Source\Bunka            #
#                    STM8L151G4 TX Source Ver2.6_STX1731(A)_B                 #
#                    MP\Debug\Exe\Bunka STM8S003F3 TX Source.out" --map       #
#                    "F:\Source Code\bunka-s\Bunka STM8L051F3 TX              #
#                    Source\Bunka STM8L151G4 TX Source Ver2.6_STX1731(A)_B    #
#                    MP\Debug\List\Bunka STM8S003F3 TX Source.map" --config   #
#                    "D:\Program Files (x86)\IAR Systems\Embedded Workbench   #
#                    6.0 Evaluation\stm8\config\lnkstm8l151g4.icf"            #
#                    --config_def _CSTACK_SIZE=0x100 --config_def             #
#                    _HEAP_SIZE=0x100 --entry __iar_program_start --debug_lib #
#                                                                             #
#                                                                             #
###############################################################################

*******************************************************************************
*** RUNTIME MODEL ATTRIBUTES
***

__SystemLibrary            = DLib
__code_model               = medium_or_large
__core                     = stm8
__data_model               = medium
__dlib_file_descriptor     = 0
__dlib_full_locale_support = 0
__rt_version               = 4


*******************************************************************************
*** RESERVED RANGES
***

Ranges reserved by absolute symbols:
   [0x005053-0x005053]
   [0x0050c8-0x0050c8]
   [0x0050e2-0x0050e2]
   [0x005231-0x005231]


*******************************************************************************
*** PLACEMENT SUMMARY
***

"A1":  place at start of [0x000000-0x0000ff] { rw section .vregs };
"A2":  place at end of [0x000000-0x0007ff] { block CSTACK };
"P2":  place in [from 0x000000 to 0x0007ff] {
          block HEAP, rw section .far.bss, rw section .far.data,
          rw section .far.noinit, rw section .far_func.textrw,
          rw section .huge.bss, rw section .huge.data, rw section .huge.noinit,
          rw section .huge_func.textrw, rw section .iar.dynexit,
          rw section .near.bss, rw section .near.data, rw section .near.noinit,
          rw section .near_func.textrw };
"A3":  place at start of [0x008000-0x00bfff] { block INTVEC };
"P3":  place in [from 0x008000 to 0x00bfff] {
          ro section .far.data_init, ro section .far_func.textrw_init,
          ro section .huge.data_init, ro section .huge_func.textrw_init,
          ro section .iar.init_table, ro section .init_array,
          ro section .near.data_init, ro section .near.rodata,
          ro section .near_func.text, ro section .near_func.textrw_init,
          ro section .tiny.data_init, ro section .tiny.rodata_init };
"P4":  place in [from 0x008000 to 0x00bfff] {
          ro section .far.rodata, ro section .far_func.text };

  Section            Kind      Address    Size  Object
  -------            ----      -------    ----  ------
"A1":                                     0x10
  .vregs             uninit   0x000000    0x10  vregs.o [4]
                            - 0x000010    0x10

"P2", part 1 of 2:                         0x4
  P2 s0                       0x000010     0x4  <Init block>
    .near.data       inited   0x000010     0x4  rand.o [4]
                            - 0x000014     0x4

"P2", part 2 of 2:                       0x15a
  .near.bss          zero     0x000014    0x80  rand.o [4]
  .near.bss          zero     0x000094    0x28  ram.o [1]
  .near.bss          zero     0x0000bc    0x10  ram.o [1]
  .near.bss          zero     0x0000cc    0x10  ram.o [1]
  .near.bss          zero     0x0000dc    0x10  ram.o [1]
  .near.bss          zero     0x0000ec     0x9  ram.o [1]
  .near.bss          zero     0x0000f5     0x4  ram.o [1]
  .near.bss          zero     0x0000f9     0x4  ram.o [1]
  .near.bss          zero     0x0000fd     0x4  ram.o [1]
  .near.bss          zero     0x000101     0x4  ram.o [1]
  .near.bss          zero     0x000105     0x4  ram.o [1]
  .near.bss          zero     0x000109     0x4  rand.o [4]
  .near.bss          zero     0x00010d     0x3  rand.o [4]
  .near.bss          zero     0x000110     0x3  rand.o [4]
  .near.bss          zero     0x000113     0x3  rand.o [4]
  .near.bss          zero     0x000116     0x3  rand.o [4]
  .near.bss          zero     0x000119     0x2  ram.o [1]
  .near.bss          zero     0x00011b     0x2  ram.o [1]
  .near.bss          zero     0x00011d     0x2  ram.o [1]
  .near.bss          zero     0x00011f     0x2  ram.o [1]
  .near.bss          zero     0x000121     0x2  ram.o [1]
  .near.bss          zero     0x000123     0x2  ram.o [1]
  .near.bss          zero     0x000125     0x2  ram.o [1]
  .near.bss          zero     0x000127     0x2  ram.o [1]
  .near.bss          zero     0x000129     0x2  ram.o [1]
  .near.bss          zero     0x00012b     0x2  ram.o [1]
  .near.bss          zero     0x00012d     0x2  ram.o [1]
  .near.bss          zero     0x00012f     0x2  ram.o [1]
  .near.bss          zero     0x000131     0x2  ram.o [1]
  .near.bss          zero     0x000133     0x2  ram.o [1]
  .near.bss          zero     0x000135     0x2  ram.o [1]
  .near.bss          zero     0x000137     0x2  ram.o [1]
  .near.bss          zero     0x000139     0x2  ram.o [1]
  .near.bss          zero     0x00013b     0x2  ram.o [1]
  .near.bss          zero     0x00013d     0x2  ram.o [1]
  .near.bss          zero     0x00013f     0x2  ram.o [1]
  .near.bss          zero     0x000141     0x2  ram.o [1]
  .near.bss          zero     0x000143     0x2  ram.o [1]
  .near.bss          zero     0x000145     0x2  ram.o [1]
  .near.bss          zero     0x000147     0x2  ram.o [1]
  .near.bss          zero     0x000149     0x2  ram.o [1]
  .near.bss          zero     0x00014b     0x1  ram.o [1]
  .near.bss          zero     0x00014c     0x1  ram.o [1]
  .near.bss          zero     0x00014d     0x1  ram.o [1]
  .near.bss          zero     0x00014e     0x1  ram.o [1]
  .near.bss          zero     0x00014f     0x1  ram.o [1]
  .near.bss          zero     0x000150     0x1  ram.o [1]
  .near.bss          zero     0x000151     0x1  ram.o [1]
  .near.bss          zero     0x000152     0x1  ram.o [1]
  .near.bss          zero     0x000153     0x1  ram.o [1]
  .near.bss          zero     0x000154     0x1  ram.o [1]
  .near.bss          zero     0x000155     0x1  ram.o [1]
  .near.bss          zero     0x000156     0x1  ram.o [1]
  .near.bss          zero     0x000157     0x1  ram.o [1]
  .near.bss          zero     0x000158     0x1  ram.o [1]
  .near.bss          zero     0x000159     0x1  ram.o [1]
  .near.bss          zero     0x00015a     0x1  ram.o [1]
  .near.bss          zero     0x00015b     0x1  ram.o [1]
  .near.bss          zero     0x00015c     0x1  ram.o [1]
  .near.bss          zero     0x00015d     0x1  ram.o [1]
  .near.bss          zero     0x00015e     0x1  ram.o [1]
  .near.bss          zero     0x00015f     0x1  ram.o [1]
  .near.bss          zero     0x000160     0x1  ram.o [1]
  .near.bss          zero     0x000161     0x1  ram.o [1]
  .near.bss          zero     0x000162     0x1  ram.o [1]
  .near.bss          zero     0x000163     0x1  ram.o [1]
  .near.bss          zero     0x000164     0x1  ram.o [1]
  .near.bss          zero     0x000165     0x1  ram.o [1]
  .near.bss          zero     0x000166     0x1  ram.o [1]
  .near.bss          zero     0x000167     0x1  ram.o [1]
  .near.bss          zero     0x000168     0x1  ram.o [1]
  .near.bss          zero     0x000169     0x1  ram.o [1]
  .near.bss          zero     0x00016a     0x1  ram.o [1]
  .near.bss          zero     0x00016b     0x1  ram.o [1]
  .near.bss          zero     0x00016c     0x1  ram.o [1]
  .near.bss          zero     0x00016d     0x1  rand.o [4]
                            - 0x00016e   0x15a

"A2":                                    0x100
  CSTACK                      0x000700   0x100  <Block>
    CSTACK           uninit   0x000700   0x100  <Block tail>
                            - 0x000800   0x100

"A3":                                     0x80
  INTVEC                      0x008000    0x80  <Block>
    .intvec          const    0x008000    0x80  interrupt.o [4]
                            - 0x008080    0x80

"P3":                                     0x39
  .iar.init_table    const    0x008080    0x14  - Linker created -
  .near.rodata       const    0x008094    0x11  key_and_Other.o [1]
  .near.rodata       const    0x0080a5    0x10  ram.o [1]
  Initializer bytes  ro data  0x0080b5     0x4  <for P2 s0>
                            - 0x0080b9    0x39

"P4":                                   0x1fcd
  .far_func.text     ro code  0x0080b9   0x6ac  key_and_Other.o [1]
  .far_func.text     ro code  0x008765   0x371  uart.o [1]
  .far_func.text     ro code  0x008ad6   0x1cc  long.o [4]
  .far_func.text     ro code  0x008ca2   0x1cb  eeprom.o [1]
  .far_func.text     ro code  0x008e6d   0x1c6  key_and_Other.o [1]
  .far_func.text     ro code  0x009033   0x179  main.o [1]
  .far_func.text     ro code  0x0091ac   0x111  EXIT_FUN.o [1]
  .far_func.text     ro code  0x0092bd   0x109  key_and_Other.o [1]
  .far_func.text     ro code  0x0093c6    0xf2  key_and_Other.o [1]
  .far_func.text     ro code  0x0094b8    0xd9  initial.o [1]
  .far_func.text     ro code  0x009591    0xd3  ad.o [1]
  .far_func.text     ro code  0x009664    0xcc  rand.o [4]
  .far_func.text     ro code  0x009730    0xb6  EXIT_FUN.o [1]
  .far_func.text     ro code  0x0097e6    0x9f  vreg_util.o [4]
  .far_func.text     ro code  0x009885    0x75  adf7012.o [1]
  .far_func.text     ro code  0x0098fa    0x6f  adf7012.o [1]
  .far_func.text     ro code  0x009969    0x6a  EXIT_FUN.o [1]
  .far_func.text     ro code  0x0099d3    0x66  long_util.o [4]
  .far_func.text     ro code  0x009a39    0x65  adf7012.o [1]
  .far_func.text     ro code  0x009a9e    0x58  dc_util.o [4]
  .far_func.text     ro code  0x009af6    0x4f  uart.o [1]
  .far_func.text     ro code  0x009b45    0x4e  key_and_Other.o [1]
  .far_func.text     ro code  0x009b93    0x45  ad.o [1]
  .far_func.text     ro code  0x009bd8    0x40  srand.o [4]
  .far_func.text     ro code  0x009c18    0x32  EXIT_FUN.o [1]
  .far_func.text     ro code  0x009c4a    0x30  adf7012.o [1]
  .far_func.text     ro code  0x009c7a    0x2e  initial.o [1]
  .far_func.text     ro code  0x009ca8    0x2d  Timer.o [1]
  .far_func.text     ro code  0x009cd5    0x2d  initial.o [1]
  .far_func.text     ro code  0x009d02    0x29  Timer.o [1]
  .far_func.text     ro code  0x009d2b    0x29  key_and_Other.o [1]
  .far_func.text     ro code  0x009d54    0x28  init_small.o [4]
  .far_func.text     ro code  0x009d7c    0x26  rand.o [4]
  .far_func.text     ro code  0x009da2    0x25  key_and_Other.o [1]
  .far_func.text     ro code  0x009dc7    0x25  move.o [4]
  .far_func.text     ro code  0x009dec    0x23  key_and_Other.o [1]
  .far_func.text     ro code  0x009e0f    0x1e  uart.o [1]
  .far_func.text     ro code  0x009e2d    0x1e  short.o [4]
  .far_func.text     ro code  0x009e4b    0x1e  init.o [4]
  .far_func.text     ro code  0x009e69    0x1e  init_small.o [4]
  .far_func.text     ro code  0x009e87    0x1d  uart.o [1]
  .far_func.text     ro code  0x009ea4    0x1d  uart.o [1]
  .far_func.text     ro code  0x009ec1    0x1c  far_util.o [4]
  .far_func.text     ro code  0x009edd    0x1b  stm8l15x_it.o [1]
  .far_func.text     ro code  0x009ef8    0x1b  stm8l15x_it.o [1]
  .far_func.text     ro code  0x009f13    0x1b  stm8l15x_it.o [1]
  .far_func.text     ro code  0x009f2e    0x1b  stm8l15x_it.o [1]
  .far_func.text     ro code  0x009f49    0x1a  uart.o [1]
  .far_func.text     ro code  0x009f63    0x17  cstartup.o [4]
  .far_func.text     ro code  0x009f7a    0x16  __dbg_xxexit.o [3]
  .far_func.text     ro code  0x009f90    0x12  key_and_Other.o [1]
  .far_func.text     ro code  0x009fa2    0x11  Timer.o [1]
  .far_func.text     ro code  0x009fb3    0x11  eeprom.o [1]
  .far_func.text     ro code  0x009fc4    0x11  initial.o [1]
  .far_func.text     ro code  0x009fd5     0xd  initial.o [1]
  .far_func.text     ro code  0x009fe2     0xc  uart.o [1]
  .far_func.text     ro code  0x009fee     0xc  srand.o [4]
  .far_func.text     ro code  0x009ffa     0xb  initial.o [1]
  .far_func.text     ro code  0x00a005     0xb  rand.o [4]
  .far_func.text     ro code  0x00a010     0xa  uart.o [1]
  .far_func.text     ro code  0x00a01a     0xa  rand.o [4]
  .far_func.text     ro code  0x00a024     0xa  far.o [4]
  .far_func.text     ro code  0x00a02e     0x9  EXIT_FUN.o [1]
  .far_func.text     ro code  0x00a037     0x9  Timer.o [1]
  .far_func.text     ro code  0x00a040     0x8  rand.o [4]
  .far_func.text     ro code  0x00a048     0x6  char.o [4]
  .far_func.text     ro code  0x00a04e     0x6  cexit.o [4]
  .far_func.text     ro code  0x00a054     0x5  initial.o [1]
  .far_func.text     ro code  0x00a059     0x4  key_and_Other.o [1]
  .far_func.text     ro code  0x00a05d     0x4  interrupt.o [4]
  .far_func.text     ro code  0x00a061     0x4  exit.o [4]
  .far_func.text     ro code  0x00a065     0x3  low_level_init.o [4]
  .far_func.text     ro code  0x00a068     0x3  unhandled_exception.o [4]
  .far_func.text     ro code  0x00a06b     0x1  stm8l15x_it.o [1]
  .far_func.text     ro code  0x00a06c     0x1  stm8l15x_it.o [1]
  .far_func.text     ro code  0x00a06d     0x1  stm8l15x_it.o [1]
  .far_func.text     ro code  0x00a06e     0x1  stm8l15x_it.o [1]
  .far_func.text     ro code  0x00a06f     0x1  stm8l15x_it.o [1]
  .far_func.text     ro code  0x00a070     0x1  stm8l15x_it.o [1]
  .far_func.text     ro code  0x00a071     0x1  stm8l15x_it.o [1]
  .far_func.text     ro code  0x00a072     0x1  stm8l15x_it.o [1]
  .far_func.text     ro code  0x00a073     0x1  stm8l15x_it.o [1]
  .far_func.text     ro code  0x00a074     0x1  stm8l15x_it.o [1]
  .far_func.text     ro code  0x00a075     0x1  stm8l15x_it.o [1]
  .far_func.text     ro code  0x00a076     0x1  stm8l15x_it.o [1]
  .far_func.text     ro code  0x00a077     0x1  stm8l15x_it.o [1]
  .far_func.text     ro code  0x00a078     0x1  stm8l15x_it.o [1]
  .far_func.text     ro code  0x00a079     0x1  stm8l15x_it.o [1]
  .far_func.text     ro code  0x00a07a     0x1  stm8l15x_it.o [1]
  .far_func.text     ro code  0x00a07b     0x1  stm8l15x_it.o [1]
  .far_func.text     ro code  0x00a07c     0x1  stm8l15x_it.o [1]
  .far_func.text     ro code  0x00a07d     0x1  stm8l15x_it.o [1]
  .far_func.text     ro code  0x00a07e     0x1  stm8l15x_it.o [1]
  .far_func.text     ro code  0x00a07f     0x1  stm8l15x_it.o [1]
  .far_func.text     ro code  0x00a080     0x1  stm8l15x_it.o [1]
  .far_func.text     ro code  0x00a081     0x1  stm8l15x_it.o [1]
  .far_func.text     ro code  0x00a082     0x1  stm8l15x_it.o [1]
  .far_func.text     ro code  0x00a083     0x1  stm8l15x_it.o [1]
  .far_func.text     ro code  0x00a084     0x1  stm8l15x_it.o [1]
  .far_func.text     ro code  0x00a085     0x1  __dbg_break.o [3]
                            - 0x00a086  0x1fcd


*******************************************************************************
*** INIT TABLE
***

          Address   Size
          -------   ----
Zero (__iar_zero_init2)
    1 destination range, total size 0x15a:
          0x000014  0x15a

Copy (__iar_copy_init2)
    1 source range, total size 0x4:
          0x0080b5    0x4
    1 destination range, total size 0x4:
          0x000010    0x4


*******************************************************************************
*** MODULE SUMMARY
***

    Module                 ro code  ro data  rw data
    ------                 -------  -------  -------
F:\Source Code\bunka-s\Bunka STM8L051F3 TX Source\Bunka STM8L151G4 TX Source Ver2.6_STX1731(A)_B MP\Debug\Obj: [1]
    EXIT_FUN.o                 620
    Timer.o                    112
    ad.o                       280
    adf7012.o                  377
    eeprom.o                   476
    initial.o                  354
    key_and_Other.o          2 882       17
    main.o                     377
    ram.o                                16      201
    stm8l15x_it.o              134
    uart.o                   1 096
    ------------------------------------------------
    Total:                   6 708       33      201

command line: [2]
    ------------------------------------------------
    Total:

dbgstm8mmd.a: [3]
    __dbg_break.o                1
    __dbg_xxexit.o              22
    ------------------------------------------------
    Total:                      23

dlstm8mmn.a: [4]
    cexit.o                      6
    char.o                       6
    cstartup.o                  23
    dc_util.o                   88
    exit.o                       4
    far.o                       10
    far_util.o                  28
    init.o                      30
    init_small.o                70
    interrupt.o                  4      128
    long.o                     460
    long_util.o                102
    low_level_init.o             3
    move.o                      37
    rand.o                     271        4      149
    short.o                     30
    srand.o                     76
    unhandled_exception.o        3
    vreg_util.o                159
    vregs.o                                       16
    ------------------------------------------------
    Total:                   1 410      132      165

    Linker created                       20      256
----------------------------------------------------
    Grand Total:             8 141      185      622


*******************************************************************************
*** ENTRY LIST
***

Entry                      Address   Size  Type      Object
-----                      -------   ----  ----      ------
?add32_l0_l0_0x           0x008aec         Code  Gb  long.o [4]
?add32_l0_l0_l1           0x008ae9         Code  Gb  long.o [4]
?and32_l0_l0_0x           0x008c6e         Code  Gb  long.o [4]
?b0                       0x000000         Data  Gb  vregs.o [4]
?b1                       0x000001         Data  Gb  vregs.o [4]
?b10                      0x00000a         Data  Gb  vregs.o [4]
?b11                      0x00000b         Data  Gb  vregs.o [4]
?b12                      0x00000c         Data  Gb  vregs.o [4]
?b13                      0x00000d         Data  Gb  vregs.o [4]
?b14                      0x00000e         Data  Gb  vregs.o [4]
?b15                      0x00000f         Data  Gb  vregs.o [4]
?b2                       0x000002         Data  Gb  vregs.o [4]
?b3                       0x000003         Data  Gb  vregs.o [4]
?b4                       0x000004         Data  Gb  vregs.o [4]
?b5                       0x000005         Data  Gb  vregs.o [4]
?b6                       0x000006         Data  Gb  vregs.o [4]
?b7                       0x000007         Data  Gb  vregs.o [4]
?b8                       0x000008         Data  Gb  vregs.o [4]
?b9                       0x000009         Data  Gb  vregs.o [4]
?dc32_l0                  0x009a9e         Code  Gb  dc_util.o [4]
?dc32_l1                  0x009aca         Code  Gb  dc_util.o [4]
?e0                       0x000001         Data  Gb  vregs.o [4]
?e1                       0x000005         Data  Gb  vregs.o [4]
?e2                       0x000009         Data  Gb  vregs.o [4]
?e3                       0x00000d         Data  Gb  vregs.o [4]
?epilogue_l2              0x009877         Code  Gb  vreg_util.o [4]
?epilogue_l2_w6           0x00987c         Code  Gb  vreg_util.o [4]
?inc32_0x_0x              0x008adb         Code  Gb  long.o [4]
?inc32_l0_l0              0x008ad6         Code  Gb  long.o [4]
?l0                       0x000000         Data  Gb  vregs.o [4]
?l1                       0x000004         Data  Gb  vregs.o [4]
?l2                       0x000008         Data  Gb  vregs.o [4]
?l3                       0x00000c         Data  Gb  vregs.o [4]
?load24_e0_0x             0x009ec1         Code  Gb  far_util.o [4]
?load24_e1_0x             0x009ecf         Code  Gb  far_util.o [4]
?load32_0x_l0             0x009a0f         Code  Gb  long_util.o [4]
?load32_0x_l1             0x009a1d         Code  Gb  long_util.o [4]
?load32_0x_l2             0x009a2b         Code  Gb  long_util.o [4]
?load32_l0_0x             0x0099ed         Code  Gb  long_util.o [4]
?load32_l0_asp            0x0099e1         Code  Gb  long_util.o [4]
?load32_l0_dbsp           0x0099d3         Code  Gb  long_util.o [4]
?load32_l0_xsp            0x0099e3         Code  Gb  long_util.o [4]
?load32_l1_0x             0x0099f9         Code  Gb  long_util.o [4]
?load32_xsp_l0            0x009a05         Code  Gb  long_util.o [4]
?longfarg16_v_w0_a        0x009dd4         Code  Gb  move.o [4]
?longfarg16_v_w0_x        0x009dd6         Code  Gb  move.o [4]
?move1616_v_x_y_a         0x009dc7         Code  Gb  move.o [4]
?mul16_x_x_w0             0x009e2d         Code  Gb  short.o [4]
?mul32_l0_l0_0x           0x008b1f         Code  Gb  long.o [4]
?mul32_l0_l0_l1           0x008b28         Code  Gb  long.o [4]
?pop_l0                   0x00984a         Code  Gb  vreg_util.o [4]
?pop_l1                   0x009855         Code  Gb  vreg_util.o [4]
?pop_l2                   0x009860         Code  Gb  vreg_util.o [4]
?pop_w6                   0x009807         Code  Gb  vreg_util.o [4]
?push_l0                  0x00981a         Code  Gb  vreg_util.o [4]
?push_l1                  0x00981f         Code  Gb  vreg_util.o [4]
?push_l2                  0x009824         Code  Gb  vreg_util.o [4]
?push_w4                  0x0097e6         Code  Gb  vreg_util.o [4]
?push_w6                  0x0097eb         Code  Gb  vreg_util.o [4]
?sdiv32_l0_dl_l1          0x008c1d         Code  Gb  long.o [4]
?sdiv32_l0_l0_l1          0x008c23         Code  Gb  long.o [4]
?sext32_l0_x              0x008c97         Code  Gb  long.o [4]
?smod32_l1_l0_l1          0x008c23         Code  Gb  long.o [4]
?srl32_0x_0x_a            0x008c89         Code  Gb  long.o [4]
?srl32_l0_l0_a            0x008c86         Code  Gb  long.o [4]
?srl8_a_a_5               0x00a049         Code  Gb  char.o [4]
?srl8_a_a_6               0x00a048         Code  Gb  char.o [4]
?sub32_l0_l0_0x           0x008b07         Code  Gb  long.o [4]
?sub32_l0_l0_l1           0x008b04         Code  Gb  long.o [4]
?ucmp24_c_0x_e0           0x00a024         Code  Gb  far.o [4]
?udiv32_l0_l0_dl          0x008bac         Code  Gb  long.o [4]
?udiv32_l0_l0_l1          0x008bb0         Code  Gb  long.o [4]
?umod32_l1_l0_dl          0x008ba6         Code  Gb  long.o [4]
?umod32_l1_l0_l1          0x008bb0         Code  Gb  long.o [4]
?w0                       0x000000         Data  Gb  vregs.o [4]
?w1                       0x000002         Data  Gb  vregs.o [4]
?w2                       0x000004         Data  Gb  vregs.o [4]
?w3                       0x000006         Data  Gb  vregs.o [4]
?w4                       0x000008         Data  Gb  vregs.o [4]
?w5                       0x00000a         Data  Gb  vregs.o [4]
?w6                       0x00000c         Data  Gb  vregs.o [4]
?w7                       0x00000e         Data  Gb  vregs.o [4]
ADC1_COMP_IRQHandler      0x009ef8   0x1b  Code  Gb  stm8l15x_it.o [1]
ADC2_EOC_INT              0x0095b8   0xac  Code  Gb  ad.o [1]
AD_DATA_BUFF              0x00012f    0x2  Data  Gb  ram.o [1]
AD_control                0x009b93   0x45  Code  Gb  ad.o [1]
BASE_TIME_BEEP_off        0x000153    0x1  Data  Gb  ram.o [1]
BASE_TIME_BEEP_on         0x00011f    0x2  Data  Gb  ram.o [1]
BAT_Voltage_value         0x000101    0x4  Data  Gb  ram.o [1]
BAT_out                   0x000164    0x1  Data  Gb  ram.o [1]
CLK_SWR {Abs}           0x000050c8    0x1  Data  Wk  initial.o [1]
CSTACK$$Base              0x000700          --   Gb  - Linker created -
CSTACK$$Limit             0x000800          --   Gb  - Linker created -
ClearWDT                  0x00a054    0x5  Code  Gb  initial.o [1]
Control_code              0x00014f    0x1  Data  Gb  ram.o [1]
DMA1_CHANNEL0_1_IRQHandler
                          0x00a06d    0x1  Code  Gb  stm8l15x_it.o [1]
DMA1_CHANNEL2_3_IRQHandler
                          0x00a06e    0x1  Code  Gb  stm8l15x_it.o [1]
Default_adf7012_value     0x0080a5   0x10  Data  Gb  ram.o [1]
Delayus                   0x009fd5    0xd  Code  Gb  initial.o [1]
EXIT_init                 0x00a02e    0x9  Code  Gb  EXIT_FUN.o [1]
EXTI0_IRQHandler          0x00a073    0x1  Code  Gb  stm8l15x_it.o [1]
EXTI1_IRQHandler          0x00a074    0x1  Code  Gb  stm8l15x_it.o [1]
EXTI2_IRQHandler          0x00a075    0x1  Code  Gb  stm8l15x_it.o [1]
EXTI3_IRQHandler          0x00a076    0x1  Code  Gb  stm8l15x_it.o [1]
EXTI4_IRQHandler          0x009edd   0x1b  Code  Gb  stm8l15x_it.o [1]
EXTI5_IRQHandler          0x00a077    0x1  Code  Gb  stm8l15x_it.o [1]
EXTI6_IRQHandler          0x00a078    0x1  Code  Gb  stm8l15x_it.o [1]
EXTI7_IRQHandler          0x00a079    0x1  Code  Gb  stm8l15x_it.o [1]
EXTIB_G_IRQHandler        0x00a071    0x1  Code  Gb  stm8l15x_it.o [1]
EXTID_H_IRQHandler        0x00a072    0x1  Code  Gb  stm8l15x_it.o [1]
EXTIE_F_PVD_IRQHandler    0x00a070    0x1  Code  Gb  stm8l15x_it.o [1]
EXTI_PORTA1               0x009969   0x6a  Code  Gb  EXIT_FUN.o [1]
FLAG_AUTO_TX              0x000166    0x1  Data  Gb  ram.o [1]
FLAG_AUTO_TX_stop         0x000167    0x1  Data  Gb  ram.o [1]
FLAG_StopKey_Close        0x00016c    0x1  Data  Gb  ram.o [1]
FLAG_StopKey_Open         0x00016b    0x1  Data  Gb  ram.o [1]
FLAG_srand_data           0x000169    0x1  Data  Gb  ram.o [1]
FLASH_DUKR {Abs}        0x00005053    0x1  Data  Wk  eeprom.o [1]
FLASH_IRQHandler          0x00a06c    0x1  Code  Gb  stm8l15x_it.o [1]
I2C1_SPI2_IRQHandler      0x00a084    0x1  Code  Gb  stm8l15x_it.o [1]
ID_INT_CODE               0x000151    0x1  Data  Gb  ram.o [1]
ID_data                   0x0000f5    0x4  Data  Gb  ram.o [1]
ID_data_add               0x0000f9    0x4  Data  Gb  ram.o [1]
INTVEC$$Base              0x008000          --   Gb  - Linker created -
INTVEC$$Limit             0x008080          --   Gb  - Linker created -
IWDG_RLR {Abs}          0x000050e2    0x1  Data  Wk  initial.o [1]
InitialFlashReg           0x009fb3   0x11  Code  Gb  eeprom.o [1]
KEY_stop_count            0x00016a    0x1  Data  Gb  ram.o [1]
LCD_AES_IRQHandler        0x00a07a    0x1  Code  Gb  stm8l15x_it.o [1]
LockFlash                 0x008ca2    0xd  Code  Gb  eeprom.o [1]
PC_PRG                    0x008765  0x371  Code  Gb  uart.o [1]
POWER_ON_PIN_KEY_STOP     0x000168    0x1  Data  Gb  ram.o [1]
RAM_BAT_AVG               0x000131    0x2  Data  Gb  ram.o [1]
RAM_BAT_CNT               0x000163    0x1  Data  Gb  ram.o [1]
RAM_BAT_SUM               0x0000fd    0x4  Data  Gb  ram.o [1]
RAM_OP1                   0x00014b    0x1  Data  Gb  ram.o [1]
RAM_OP2                   0x00014c    0x1  Data  Gb  ram.o [1]
RAM_RegSW                 0x00014d    0x1  Data  Gb  ram.o [1]
RAM_SW                    0x00014e    0x1  Data  Gb  ram.o [1]
RAM_clean                 0x009ffa    0xb  Code  Gb  initial.o [1]
ROM_adf7012_value         0x0000dc   0x10  Data  Gb  ram.o [1]
RTC_CSSLSE_IRQHandler     0x00a06f    0x1  Code  Gb  stm8l15x_it.o [1]
ReadByteEEPROM            0x008cc9    0x5  Code  Gb  eeprom.o [1]
Region$$Table$$Base       0x008080          --   Gb  - Linker created -
Region$$Table$$Limit      0x008094          --   Gb  - Linker created -
SIO_DATA                  0x0000cc   0x10  Data  Gb  ram.o [1]
SIO_buff                  0x0000bc   0x10  Data  Gb  ram.o [1]
SIO_cnt                   0x000157    0x1  Data  Gb  ram.o [1]
SPI1_IRQHandler           0x00a082    0x1  Code  Gb  stm8l15x_it.o [1]
START_AD_SAMPLER          0x009591   0x27  Code  Gb  ad.o [1]
SWITCH_CSS_BREAK_DAC_IRQHandler
                          0x00a07b    0x1  Code  Gb  stm8l15x_it.o [1]
SendTxData                0x009730   0xb6  Code  Gb  EXIT_FUN.o [1]
Send_char                 0x009e0f   0x1e  Code  Gb  uart.o [1]
SetFixedLengthCode        0x009c18   0x32  Code  Gb  EXIT_FUN.o [1]
SetTxData                 0x0091ac  0x111  Code  Gb  EXIT_FUN.o [1]
SysClock_Init             0x009c7a   0x2e  Code  Gb  initial.o [1]
TB_100ms                  0x000155    0x1  Data  Gb  ram.o [1]
TB_5s                     0x000156    0x1  Data  Gb  ram.o [1]
TIM1_CC_IRQHandler        0x00a081    0x1  Code  Gb  stm8l15x_it.o [1]
TIM1_UPD_OVF_TRG_COM_IRQHandler
                          0x00a080    0x1  Code  Gb  stm8l15x_it.o [1]
TIM2_CC_USART2_RX_IRQHandler
                          0x00a07d    0x1  Code  Gb  stm8l15x_it.o [1]
TIM2_UPD_OVF_TRG_BRK_USART2_TX_IRQHandler
                          0x00a07c    0x1  Code  Gb  stm8l15x_it.o [1]
TIM3_CC_USART3_RX_IRQHandler
                          0x00a07f    0x1  Code  Gb  stm8l15x_it.o [1]
TIM3_UPD_OVF_TRG_BRK_USART3_TX_IRQHandler
                          0x00a07e    0x1  Code  Gb  stm8l15x_it.o [1]
TIM3_init                 0x009ca8   0x2d  Code  Gb  Timer.o [1]
TIM4_Init                 0x009fa2   0x11  Code  Gb  Timer.o [1]
TIM4_UPD_OVF              0x009d02   0x29  Code  Gb  Timer.o [1]
TIM4_UPD_OVF_TRG_IRQHandler
                          0x009f13   0x1b  Code  Gb  stm8l15x_it.o [1]
TIME_10s                  0x000135    0x2  Data  Gb  ram.o [1]
TIME_2s_RestTX            0x000165    0x1  Data  Gb  ram.o [1]
TIME_AUTO_TX              0x000139    0x2  Data  Gb  ram.o [1]
TIME_AUTO_TX_bak          0x00013b    0x2  Data  Gb  ram.o [1]
TIME_BEEP_freq            0x000154    0x1  Data  Gb  ram.o [1]
TIME_BEEP_off             0x000152    0x1  Data  Gb  ram.o [1]
TIME_BEEP_on              0x00011d    0x2  Data  Gb  ram.o [1]
TIME_Once_twice_switch    0x000133    0x2  Data  Gb  ram.o [1]
TIME_StopKey_Open_Close
                          0x000149    0x2  Data  Gb  ram.o [1]
TIME_data                 0x00013d    0x2  Data  Gb  ram.o [1]
TIME_data_differ          0x00013f    0x2  Data  Gb  ram.o [1]
TRAP_IRQHandler           0x00a06b    0x1  Code  Gb  stm8l15x_it.o [1]
Tone_OFF                  0x00a037    0x9  Code  Gb  Timer.o [1]
UART1_INIT                0x009e87   0x1d  Code  Gb  uart.o [1]
UART1_RX_RXNE             0x009af6   0x4f  Code  Gb  uart.o [1]
UART1_end                 0x009ea4   0x1d  Code  Gb  uart.o [1]
USART1_DR {Abs}         0x00005231    0x1  Data  Wk  uart.o [1]
USART1_RX_TIM5_CC_IRQHandler
                          0x009f2e   0x1b  Code  Gb  stm8l15x_it.o [1]
USART1_TX_TIM5_UPD_OVF_TRG_BRK_IRQHandler
                          0x00a083    0x1  Code  Gb  stm8l15x_it.o [1]
UnlockFlash               0x008cb4   0x15  Code  Gb  eeprom.o [1]
VHF_GPIO_INIT             0x0094b8   0xd9  Code  Gb  initial.o [1]
WDT_init                  0x009fc4   0x11  Code  Gb  initial.o [1]
WriteByteToFLASH          0x008caf    0x5  Code  Gb  eeprom.o [1]
_ClearSpecialMultiKeyState
                          0x0080d0   0x15  Code  Gb  key_and_Other.o [1]
_DupliFuncClear           0x0080b9   0x17  Code  Gb  key_and_Other.o [1]
_FuncAutoTxStart          0x008130    0x1  Code  Gb  key_and_Other.o [1]
_FuncAutoTxStop           0x00812f    0x1  Code  Gb  key_and_Other.o [1]
_FuncCloseReg             0x00846f   0x3b  Code  Gb  key_and_Other.o [1]
_FuncNoPush               0x00810e   0x21  Code  Gb  key_and_Other.o [1]
_FuncOpenReg              0x0084aa   0x3e  Code  Gb  key_and_Other.o [1]
_FuncOpenStop             0x0084e8   0x21  Code  Gb  key_and_Other.o [1]
_FuncReg                  0x008351   0x8f  Code  Gb  key_and_Other.o [1]
_FuncStop                 0x008131  0x220  Code  Gb  key_and_Other.o [1]
_FuncStopReg              0x0083fb   0x39  Code  Gb  key_and_Other.o [1]
_FuncVentReg              0x008434   0x3b  Code  Gb  key_and_Other.o [1]
_GetNoPushState           0x0080e5   0x1e  Code  Gb  key_and_Other.o [1]
_GetRegMode               0x00a059    0x4  Code  Gb  key_and_Other.o [1]
_IdClear                  0x009dec   0x23  Code  Gb  key_and_Other.o [1]
_Init_RAM                 0x009cd5   0x2d  Code  Gb  initial.o [1]
_KeyInTx                  0x008509  0x25c  Code  Gb  key_and_Other.o [1]
_Pass3secKey              0x0083e0   0x1b  Code  Gb  key_and_Other.o [1]
_Rand_idx                 0x000109    0x4  Data  Lc  rand.o [4]
_Rand_rv                  0x000014   0x80  Data  Lc  rand.o [4]
_Randinit                 0x00016d    0x1  Data  Gb  rand.o [4]
_Randseed                 0x000010    0x4  Data  Gb  rand.o [4]
_ReqBuzzer                0x009d2b   0x29  Code  Gb  key_and_Other.o [1]
_ReqTxdEdit               0x0092bd  0x109  Code  Gb  key_and_Other.o [1]
_SetKeyChatterCount       0x008103    0xb  Code  Gb  key_and_Other.o [1]
_SetRegistrationMode      0x009da2   0x25  Code  Gb  key_and_Other.o [1]
_SwIn                     0x009f90   0x12  Code  Gb  key_and_Other.o [1]
__DebugBreak              0x00a085    0x1  Code  Gb  __dbg_break.o [3]
__exit                    0x009f7a   0x16  Code  Gb  __dbg_xxexit.o [3]
__iar_Tls_setup__Rand_idx
                          0x000113    0x3  Data  Lc  rand.o [4]
__iar_Tls_setup__Rand_rv
                          0x000116    0x3  Data  Lc  rand.o [4]
__iar_Tls_setup__Randinit
                          0x00010d    0x3  Data  Gb  rand.o [4]
__iar_Tls_setup__Randseed
                          0x000110    0x3  Data  Gb  rand.o [4]
__iar_copy_init2          0x009d54         Code  Gb  init_small.o [4]
__iar_data_init2          0x009e4b   0x1e  Code  Gb  init.o [4]
__iar_program_start       0x009f63         Code  Gb  cstartup.o [4]
__iar_unhandled_exception
                          0x00a068         Code  Gb  unhandled_exception.o [4]
__iar_zero_init2          0x009e69         Code  Gb  init_small.o [4]
__intvec                  0x008000         Data  Gb  interrupt.o [4]
__low_level_init          0x00a065    0x3  Code  Gb  low_level_init.o [4]
_exit                     0x00a04e         Code  Gb  cexit.o [4]
_interrupt_1              0x00a06b         Code  Gb  stm8l15x_it.o [1]
_interrupt_10             0x00a073         Code  Gb  stm8l15x_it.o [1]
_interrupt_11             0x00a074         Code  Gb  stm8l15x_it.o [1]
_interrupt_12             0x00a075         Code  Gb  stm8l15x_it.o [1]
_interrupt_13             0x00a076         Code  Gb  stm8l15x_it.o [1]
_interrupt_14             0x009edd         Code  Gb  stm8l15x_it.o [1]
_interrupt_15             0x00a077         Code  Gb  stm8l15x_it.o [1]
_interrupt_16             0x00a078         Code  Gb  stm8l15x_it.o [1]
_interrupt_17             0x00a079         Code  Gb  stm8l15x_it.o [1]
_interrupt_18             0x00a07a         Code  Gb  stm8l15x_it.o [1]
_interrupt_19             0x00a07b         Code  Gb  stm8l15x_it.o [1]
_interrupt_2              0x00a05d         Code  Wk  interrupt.o [4]
_interrupt_20             0x009ef8         Code  Gb  stm8l15x_it.o [1]
_interrupt_21             0x00a07c         Code  Gb  stm8l15x_it.o [1]
_interrupt_22             0x00a07d         Code  Gb  stm8l15x_it.o [1]
_interrupt_23             0x00a07e         Code  Gb  stm8l15x_it.o [1]
_interrupt_24             0x00a07f         Code  Gb  stm8l15x_it.o [1]
_interrupt_25             0x00a080         Code  Gb  stm8l15x_it.o [1]
_interrupt_26             0x00a081         Code  Gb  stm8l15x_it.o [1]
_interrupt_27             0x009f13         Code  Gb  stm8l15x_it.o [1]
_interrupt_28             0x00a082         Code  Gb  stm8l15x_it.o [1]
_interrupt_29             0x00a083         Code  Gb  stm8l15x_it.o [1]
_interrupt_3              0x00a06c         Code  Gb  stm8l15x_it.o [1]
_interrupt_30             0x009f2e         Code  Gb  stm8l15x_it.o [1]
_interrupt_31             0x00a084         Code  Gb  stm8l15x_it.o [1]
_interrupt_4              0x00a06d         Code  Gb  stm8l15x_it.o [1]
_interrupt_5              0x00a06e         Code  Gb  stm8l15x_it.o [1]
_interrupt_6              0x00a06f         Code  Gb  stm8l15x_it.o [1]
_interrupt_7              0x00a070         Code  Gb  stm8l15x_it.o [1]
_interrupt_8              0x00a071         Code  Gb  stm8l15x_it.o [1]
_interrupt_9              0x00a072         Code  Gb  stm8l15x_it.o [1]
asc_hex                   0x00a010    0xa  Code  Gb  uart.o [1]
asc_hex_2                 0x009f49   0x1a  Code  Gb  uart.o [1]
ct_KeyDataTable           0x008094   0x11  Data  Gb  key_and_Other.o [1]
dd_set_ADF7021_Power_on
                          0x009c4a   0x30  Code  Gb  adf7012.o [1]
dd_set_ADF7021_Power_on_Init
                          0x009a39   0x65  Code  Gb  adf7012.o [1]
dd_set_TX_mode            0x009885   0x75  Code  Gb  adf7012.o [1]
dd_write_7021_reg         0x0098fa   0x6f  Code  Gb  adf7012.o [1]
eeprom_sys_load           0x008cce  0x19f  Code  Gb  eeprom.o [1]
exit                      0x00a061    0x4  Code  Gb  exit.o [4]
hex_asc                   0x009fe2    0xc  Code  Gb  uart.o [1]
key_Value                 0x000137    0x2  Data  Gb  ram.o [1]
key_check                 0x008e6d  0x1c6  Code  Gb  key_and_Other.o [1]
m_ChatterCount            0x000121    0x2  Data  Gb  ram.o [1]
m_KeyCloseCount           0x00015d    0x1  Data  Gb  ram.o [1]
m_KeyCount                0x000160    0x1  Data  Gb  ram.o [1]
m_KeyDupli1stTimer        0x000125    0x2  Data  Gb  ram.o [1]
m_KeyDupliSetTimeout      0x000127    0x2  Data  Gb  ram.o [1]
m_KeyNew                  0x000158    0x1  Data  Gb  ram.o [1]
m_KeyNo                   0x00015b    0x1  Data  Gb  ram.o [1]
m_KeyOld                  0x00015a    0x1  Data  Gb  ram.o [1]
m_KeyOpenCount            0x00015c    0x1  Data  Gb  ram.o [1]
m_KeyOptSetMode           0x00015e    0x1  Data  Gb  ram.o [1]
m_KindOfKey               0x000159    0x1  Data  Gb  ram.o [1]
m_RFNormalBuf             0x000094   0x28  Data  Gb  ram.o [1]
m_RegDigit                0x000162    0x1  Data  Gb  ram.o [1]
m_RegID                   0x0000ec    0x9  Data  Gb  ram.o [1]
m_RegMode                 0x000161    0x1  Data  Gb  ram.o [1]
m_TimerKey                0x000123    0x2  Data  Gb  ram.o [1]
m_TimerKeyMonitor         0x00012b    0x2  Data  Gb  ram.o [1]
m_TimerRegMode            0x00012d    0x2  Data  Gb  ram.o [1]
main                      0x009033  0x179  Code  Gb  main.o [1]
rand                      0x009664   0xcc  Code  Gb  rand.o [4]
rand_data                 0x000141    0x2  Data  Gb  ram.o [1]
rom_KeyOpt                0x00015f    0x1  Data  Gb  ram.o [1]
srand                     0x009bd8   0x40  Code  Gb  srand.o [4]
srand_TIME                0x000143    0x2  Data  Gb  ram.o [1]
srand_data                0x000147    0x2  Data  Gb  ram.o [1]
srand_data_AD             0x000145    0x2  Data  Gb  ram.o [1]
srand_data_other          0x000105    0x4  Data  Gb  ram.o [1]
test_mode_control         0x0093c6   0xf2  Code  Gb  key_and_Other.o [1]
time_control              0x009b45   0x4e  Code  Gb  key_and_Other.o [1]
time_led                  0x000129    0x2  Data  Gb  ram.o [1]
txphase                   0x000119    0x2  Data  Gb  ram.o [1]
txphase_Repeat            0x000150    0x1  Data  Gb  ram.o [1]
txphase_end               0x00011b    0x2  Data  Gb  ram.o [1]


[1] = F:\Source Code\bunka-s\Bunka STM8L051F3 TX Source\Bunka STM8L151G4 TX Source Ver2.6_STX1731(A)_B MP\Debug\Obj
[2] = command line
[3] = dbgstm8mmd.a
[4] = dlstm8mmn.a

  8 141 bytes of readonly  code memory
    185 bytes of readonly  data memory
    622 bytes of readwrite data memory

Errors: none
Warnings: none
