###############################################################################
#                                                                             #
# IAR ELF Linker V1.31.1.50058 for STM8                 25/Jun/2014  15:53:17 #
# Copyright 2010-2012 IAR Systems AB.                                         #
#                                                                             #
#    Output file  =  F:\Source Code\bunka-s\Bunka STM8L051F3 TX Source\Bunka  #
#                    STM8L051F3 TX Source Ver1.2\Debug\Exe\Bunka STM8S003F3   #
#                    TX Source.out                                            #
#    Map file     =  F:\Source Code\bunka-s\Bunka STM8L051F3 TX Source\Bunka  #
#                    STM8L051F3 TX Source Ver1.2\Debug\List\Bunka STM8S003F3  #
#                    TX Source.map                                            #
#    Command line =  "F:\Source Code\bunka-s\Bunka STM8L051F3 TX              #
#                    Source\Bunka STM8L051F3 TX Source                        #
#                    Ver1.2\Debug\Obj\EXIT_FUN.o" "F:\Source                  #
#                    Code\bunka-s\Bunka STM8L051F3 TX Source\Bunka            #
#                    STM8L051F3 TX Source Ver1.2\Debug\Obj\Timer.o"           #
#                    "F:\Source Code\bunka-s\Bunka STM8L051F3 TX              #
#                    Source\Bunka STM8L051F3 TX Source                        #
#                    Ver1.2\Debug\Obj\adf7012.o" "F:\Source                   #
#                    Code\bunka-s\Bunka STM8L051F3 TX Source\Bunka            #
#                    STM8L051F3 TX Source Ver1.2\Debug\Obj\eeprom.o"          #
#                    "F:\Source Code\bunka-s\Bunka STM8L051F3 TX              #
#                    Source\Bunka STM8L051F3 TX Source                        #
#                    Ver1.2\Debug\Obj\initial.o" "F:\Source                   #
#                    Code\bunka-s\Bunka STM8L051F3 TX Source\Bunka            #
#                    STM8L051F3 TX Source Ver1.2\Debug\Obj\key_and_Other.o"   #
#                    "F:\Source Code\bunka-s\Bunka STM8L051F3 TX              #
#                    Source\Bunka STM8L051F3 TX Source                        #
#                    Ver1.2\Debug\Obj\main.o" "F:\Source Code\bunka-s\Bunka   #
#                    STM8L051F3 TX Source\Bunka STM8L051F3 TX Source          #
#                    Ver1.2\Debug\Obj\ram.o" "F:\Source Code\bunka-s\Bunka    #
#                    STM8L051F3 TX Source\Bunka STM8L051F3 TX Source          #
#                    Ver1.2\Debug\Obj\stm8l15x_it.o" --redirect               #
#                    _Printf=_PrintfSmall --redirect _Scanf=_ScanfSmall -o    #
#                    "F:\Source Code\bunka-s\Bunka STM8L051F3 TX              #
#                    Source\Bunka STM8L051F3 TX Source                        #
#                    Ver1.2\Debug\Exe\Bunka STM8S003F3 TX Source.out" --map   #
#                    "F:\Source Code\bunka-s\Bunka STM8L051F3 TX              #
#                    Source\Bunka STM8L051F3 TX Source                        #
#                    Ver1.2\Debug\List\Bunka STM8S003F3 TX Source.map"        #
#                    --config "D:\Program Files\IAR Systems\Embedded          #
#                    Workbench 6.0 Evaluation\stm8\config\lnkstm8l051f3.icf"  #
#                    --config_def _CSTACK_SIZE=0x100 --config_def             #
#                    _HEAP_SIZE=0x100 --entry __iar_program_start --debug_lib #
#                                                                             #
#                                                                             #
###############################################################################

*******************************************************************************
*** RUNTIME MODEL ATTRIBUTES
***

__SystemLibrary            = DLib
__code_model               = small
__core                     = stm8
__data_model               = small
__dlib_file_descriptor     = 0
__dlib_full_locale_support = 0
__rt_version               = 4


*******************************************************************************
*** RESERVED RANGES
***

Ranges reserved by absolute symbols:
   [0x005053-0x005053]
   [0x0050c8-0x0050c8]


*******************************************************************************
*** PLACEMENT SUMMARY
***

"A1":  place at start of [0x000000-0x0000ff] { rw section .vregs };
"P1":  place in [from 0x000000 to 0x0000ff] {
          rw section .tiny.bss, rw section .tiny.data, rw section .tiny.noinit,
          rw section .tiny.rodata };
"A2":  place at end of [0x000000-0x0003ff] { block CSTACK };
"A3":  place at start of [0x008000-0x009fff] { block INTVEC };
"P3":  place in [from 0x008000 to 0x009fff] {
          ro section .far.data_init, ro section .far_func.textrw_init,
          ro section .huge.data_init, ro section .huge_func.textrw_init,
          ro section .iar.init_table, ro section .init_array,
          ro section .near.data_init, ro section .near.rodata,
          ro section .near_func.text, ro section .near_func.textrw_init,
          ro section .tiny.data_init, ro section .tiny.rodata_init };

  Section          Kind      Address   Size  Object
  -------          ----      -------   ----  ------
"A1":                                   0xc
  .vregs           uninit   0x000000    0xc  vregs.o [4]
                          - 0x00000c    0xc

"P1":                                  0x40
  .tiny.bss        zero     0x00000c   0x1c  ram.o [1]
  .tiny.bss        zero     0x000028    0x4  ram.o [1]
  .tiny.bss        zero     0x00002c    0x2  ram.o [1]
  .tiny.bss        zero     0x00002e    0x2  ram.o [1]
  .tiny.bss        zero     0x000030    0x2  ram.o [1]
  .tiny.bss        zero     0x000032    0x2  ram.o [1]
  .tiny.bss        zero     0x000034    0x1  ram.o [1]
  .tiny.bss        zero     0x000035    0x1  ram.o [1]
  .tiny.bss        zero     0x000036    0x1  ram.o [1]
  .tiny.bss        zero     0x000037    0x1  ram.o [1]
  .tiny.bss        zero     0x000038    0x1  ram.o [1]
  .tiny.bss        zero     0x000039    0x1  ram.o [1]
  .tiny.bss        zero     0x00003a    0x1  ram.o [1]
  .tiny.bss        zero     0x00003b    0x1  ram.o [1]
  .tiny.bss        zero     0x00003c    0x1  ram.o [1]
  .tiny.bss        zero     0x00003d    0x1  ram.o [1]
  .tiny.bss        zero     0x00003e    0x1  ram.o [1]
  .tiny.bss        zero     0x00003f    0x1  ram.o [1]
  .tiny.bss        zero     0x000040    0x1  ram.o [1]
  .tiny.bss        zero     0x000041    0x1  ram.o [1]
  .tiny.bss        zero     0x000042    0x1  ram.o [1]
  .tiny.bss        zero     0x000043    0x1  ram.o [1]
  .tiny.bss        zero     0x000044    0x1  ram.o [1]
  .tiny.bss        zero     0x000045    0x1  ram.o [1]
  .tiny.bss        zero     0x000046    0x1  ram.o [1]
  .tiny.bss        zero     0x000047    0x1  ram.o [1]
  .tiny.bss        zero     0x000048    0x1  ram.o [1]
  .tiny.bss        zero     0x000049    0x1  ram.o [1]
  .tiny.bss        zero     0x00004a    0x1  ram.o [1]
  .tiny.bss        zero     0x00004b    0x1  ram.o [1]
                          - 0x00004c   0x40

"A2":                                 0x100
  CSTACK                    0x000300  0x100  <Block>
    CSTACK         uninit   0x000300  0x100  <Block tail>
                          - 0x000400  0x100

"A3":                                  0x80
  INTVEC                    0x008000   0x80  <Block>
    .intvec        const    0x008000   0x80  interrupt.o [4]
                          - 0x008080   0x80

"P3":                                 0xd86
  .near_func.text  ro code  0x008080  0x5e2  key_and_Other.o [1]
  .near_func.text  ro code  0x008662  0x10a  key_and_Other.o [1]
  .near_func.text  ro code  0x00876c   0xd0  key_and_Other.o [1]
  .near_func.text  ro code  0x00883c   0x91  initial.o [1]
  .near_func.text  ro code  0x0088cd   0x7a  EXIT_FUN.o [1]
  .near_func.text  ro code  0x008947   0x6f  adf7012.o [1]
  .near_func.text  ro code  0x0089b6   0x6b  main.o [1]
  .near_func.text  ro code  0x008a21   0x5d  EXIT_FUN.o [1]
  .near_func.text  ro code  0x008a7e   0x5d  adf7012.o [1]
  .near_func.text  ro code  0x008adb   0x5d  vreg_util.o [4]
  .near_func.text  ro code  0x008b38   0x5b  eeprom.o [1]
  .near_func.text  ro code  0x008b93   0x3e  EXIT_FUN.o [1]
  .near_func.text  ro code  0x008bd1   0x32  EXIT_FUN.o [1]
  .near_func.text  ro code  0x008c03   0x32  initial.o [1]
  .near_func.text  ro code  0x008c35   0x2e  initial.o [1]
  .near_func.text  ro code  0x008c63   0x2a  adf7012.o [1]
  .near_func.text  ro code  0x008c8d   0x23  key_and_Other.o [1]
  .near_func.text  ro code  0x008cb0   0x21  initial.o [1]
  .near_func.text  ro code  0x008cd1   0x17  init.o [4]
  .iar.init_table  const    0x008ce8    0x8  - Linker created -
  .near_func.text  ro code  0x008cf0   0x1e  init_small.o [4]
  .near_func.text  ro code  0x008d0e   0x1d  Timer.o [1]
  .near_func.text  ro code  0x008d2b   0x16  stm8l15x_it.o [1]
  .near_func.text  ro code  0x008d41   0x16  stm8l15x_it.o [1]
  .near_func.text  ro code  0x008d57   0x14  __dbg_xxexit.o [3]
  .near_func.text  ro code  0x008d6b   0x13  cstartup.o [4]
  .near.rodata     const    0x008d7e   0x11  key_and_Other.o [1]
  .near_func.text  ro code  0x008d8f   0x11  Timer.o [1]
  .near_func.text  ro code  0x008da0   0x11  eeprom.o [1]
  .near_func.text  ro code  0x008db1    0xd  initial.o [1]
  .near_func.text  ro code  0x008dbe    0xb  initial.o [1]
  .near_func.text  ro code  0x008dc9    0x9  EXIT_FUN.o [1]
  .near_func.text  ro code  0x008dd2    0x6  char.o [4]
  .near_func.text  ro code  0x008dd8    0x5  cexit.o [4]
  .near_func.text  ro code  0x008ddd    0x3  interrupt.o [4]
  .near_func.text  ro code  0x008de0    0x3  low_level_init.o [4]
  .near_func.text  ro code  0x008de3    0x3  exit.o [4]
  .near_func.text  ro code  0x008de6    0x3  unhandled_exception.o [4]
  .near_func.text  ro code  0x008de9    0x1  stm8l15x_it.o [1]
  .near_func.text  ro code  0x008dea    0x1  stm8l15x_it.o [1]
  .near_func.text  ro code  0x008deb    0x1  stm8l15x_it.o [1]
  .near_func.text  ro code  0x008dec    0x1  stm8l15x_it.o [1]
  .near_func.text  ro code  0x008ded    0x1  stm8l15x_it.o [1]
  .near_func.text  ro code  0x008dee    0x1  stm8l15x_it.o [1]
  .near_func.text  ro code  0x008def    0x1  stm8l15x_it.o [1]
  .near_func.text  ro code  0x008df0    0x1  stm8l15x_it.o [1]
  .near_func.text  ro code  0x008df1    0x1  stm8l15x_it.o [1]
  .near_func.text  ro code  0x008df2    0x1  stm8l15x_it.o [1]
  .near_func.text  ro code  0x008df3    0x1  stm8l15x_it.o [1]
  .near_func.text  ro code  0x008df4    0x1  stm8l15x_it.o [1]
  .near_func.text  ro code  0x008df5    0x1  stm8l15x_it.o [1]
  .near_func.text  ro code  0x008df6    0x1  stm8l15x_it.o [1]
  .near_func.text  ro code  0x008df7    0x1  stm8l15x_it.o [1]
  .near_func.text  ro code  0x008df8    0x1  stm8l15x_it.o [1]
  .near_func.text  ro code  0x008df9    0x1  stm8l15x_it.o [1]
  .near_func.text  ro code  0x008dfa    0x1  stm8l15x_it.o [1]
  .near_func.text  ro code  0x008dfb    0x1  stm8l15x_it.o [1]
  .near_func.text  ro code  0x008dfc    0x1  stm8l15x_it.o [1]
  .near_func.text  ro code  0x008dfd    0x1  stm8l15x_it.o [1]
  .near_func.text  ro code  0x008dfe    0x1  stm8l15x_it.o [1]
  .near_func.text  ro code  0x008dff    0x1  stm8l15x_it.o [1]
  .near_func.text  ro code  0x008e00    0x1  stm8l15x_it.o [1]
  .near_func.text  ro code  0x008e01    0x1  stm8l15x_it.o [1]
  .near_func.text  ro code  0x008e02    0x1  stm8l15x_it.o [1]
  .near_func.text  ro code  0x008e03    0x1  stm8l15x_it.o [1]
  .near_func.text  ro code  0x008e04    0x1  stm8l15x_it.o [1]
  .near_func.text  ro code  0x008e05    0x1  __dbg_break.o [3]
                          - 0x008e06  0xd86


*******************************************************************************
*** INIT TABLE
***

          Address   Size
          -------   ----
Zero (__iar_zero_init2)
    1 destination range, total size 0x40:
          0x00000c  0x40


*******************************************************************************
*** MODULE SUMMARY
***

    Module                 ro code  ro data  rw data
    ------                 -------  -------  -------
F:\Source Code\bunka-s\Bunka STM8L051F3 TX Source\Bunka STM8L051F3 TX Source Ver1.2\Debug\Obj: [1]
    EXIT_FUN.o                 336
    Timer.o                     46
    adf7012.o                  246
    eeprom.o                   108
    initial.o                  298
    key_and_Other.o          2 015       17
    main.o                     107
    ram.o                                         64
    stm8l15x_it.o               72
    ------------------------------------------------
    Total:                   3 228       17       64

command line: [2]
    ------------------------------------------------
    Total:

dbgstm8ssd.a: [3]
    __dbg_break.o                1
    __dbg_xxexit.o              20
    ------------------------------------------------
    Total:                      21

dlstm8ssn.a: [4]
    cexit.o                      5
    char.o                       6
    cstartup.o                  19
    exit.o                       3
    init.o                      23
    init_small.o                30
    interrupt.o                  3      128
    low_level_init.o             3
    unhandled_exception.o        3
    vreg_util.o                 93
    vregs.o                                       12
    ------------------------------------------------
    Total:                     188      128       12

    Linker created                        8      256
----------------------------------------------------
    Grand Total:             3 437      153      332


*******************************************************************************
*** ENTRY LIST
***

Entry                      Address   Size  Type      Object
-----                      -------   ----  ----      ------
?b0                       0x000000         Data  Gb  vregs.o [4]
?b1                       0x000001         Data  Gb  vregs.o [4]
?b10                      0x00000a         Data  Gb  vregs.o [4]
?b11                      0x00000b         Data  Gb  vregs.o [4]
?b2                       0x000002         Data  Gb  vregs.o [4]
?b3                       0x000003         Data  Gb  vregs.o [4]
?b4                       0x000004         Data  Gb  vregs.o [4]
?b5                       0x000005         Data  Gb  vregs.o [4]
?b6                       0x000006         Data  Gb  vregs.o [4]
?b7                       0x000007         Data  Gb  vregs.o [4]
?b8                       0x000008         Data  Gb  vregs.o [4]
?b9                       0x000009         Data  Gb  vregs.o [4]
?e0                       0x000001         Data  Gb  vregs.o [4]
?e1                       0x000005         Data  Gb  vregs.o [4]
?e2                       0x000009         Data  Gb  vregs.o [4]
?l0                       0x000000         Data  Gb  vregs.o [4]
?l1                       0x000004         Data  Gb  vregs.o [4]
?l2                       0x000008         Data  Gb  vregs.o [4]
?pop_l0                   0x008b1a         Code  Gb  vreg_util.o [4]
?pop_l1                   0x008b25         Code  Gb  vreg_util.o [4]
?push_l0                  0x008af3         Code  Gb  vreg_util.o [4]
?push_l1                  0x008af8         Code  Gb  vreg_util.o [4]
?push_w4                  0x008adb         Code  Gb  vreg_util.o [4]
?srl8_a_a_5               0x008dd3         Code  Gb  char.o [4]
?srl8_a_a_6               0x008dd2         Code  Gb  char.o [4]
?w0                       0x000000         Data  Gb  vregs.o [4]
?w1                       0x000002         Data  Gb  vregs.o [4]
?w2                       0x000004         Data  Gb  vregs.o [4]
?w3                       0x000006         Data  Gb  vregs.o [4]
?w4                       0x000008         Data  Gb  vregs.o [4]
?w5                       0x00000a         Data  Gb  vregs.o [4]
ADC1_COMP_IRQHandler      0x008dfa    0x1  Code  Gb  stm8l15x_it.o [1]
BASE_TIME_BEEP_off        0x00003e    0x1  Data  Gb  ram.o [1]
BASE_TIME_BEEP_on         0x00003d    0x1  Data  Gb  ram.o [1]
CLK_SWR {Abs}           0x000050c8    0x1  Data  Wk  initial.o [1]
CSTACK$$Base              0x000300          --   Gb  - Linker created -
CSTACK$$Limit             0x000400          --   Gb  - Linker created -
Control_code              0x000038    0x1  Data  Gb  ram.o [1]
DMA1_CHANNEL0_1_IRQHandler
                          0x008deb    0x1  Code  Gb  stm8l15x_it.o [1]
DMA1_CHANNEL2_3_IRQHandler
                          0x008dec    0x1  Code  Gb  stm8l15x_it.o [1]
Delayus                   0x008db1    0xd  Code  Gb  initial.o [1]
EXIT_init                 0x008dc9    0x9  Code  Gb  EXIT_FUN.o [1]
EXTI0_IRQHandler          0x008df1    0x1  Code  Gb  stm8l15x_it.o [1]
EXTI1_IRQHandler          0x008df2    0x1  Code  Gb  stm8l15x_it.o [1]
EXTI2_IRQHandler          0x008df3    0x1  Code  Gb  stm8l15x_it.o [1]
EXTI3_IRQHandler          0x008df4    0x1  Code  Gb  stm8l15x_it.o [1]
EXTI4_IRQHandler          0x008d2b   0x16  Code  Gb  stm8l15x_it.o [1]
EXTI5_IRQHandler          0x008df5    0x1  Code  Gb  stm8l15x_it.o [1]
EXTI6_IRQHandler          0x008df6    0x1  Code  Gb  stm8l15x_it.o [1]
EXTI7_IRQHandler          0x008df7    0x1  Code  Gb  stm8l15x_it.o [1]
EXTIB_G_IRQHandler        0x008def    0x1  Code  Gb  stm8l15x_it.o [1]
EXTID_H_IRQHandler        0x008df0    0x1  Code  Gb  stm8l15x_it.o [1]
EXTIE_F_PVD_IRQHandler    0x008dee    0x1  Code  Gb  stm8l15x_it.o [1]
EXTI_PORTA1               0x008a21   0x5d  Code  Gb  EXIT_FUN.o [1]
FLASH_DUKR {Abs}        0x00005053    0x1  Data  Wk  eeprom.o [1]
FLASH_IRQHandler          0x008dea    0x1  Code  Gb  stm8l15x_it.o [1]
I2C1_SPI2_IRQHandler      0x008e04    0x1  Code  Gb  stm8l15x_it.o [1]
ID_INT_CODE               0x00003a    0x1  Data  Gb  ram.o [1]
ID_data                   0x000028    0x4  Data  Gb  ram.o [1]
INTVEC$$Base              0x008000          --   Gb  - Linker created -
INTVEC$$Limit             0x008080          --   Gb  - Linker created -
InitialFlashReg           0x008da0   0x11  Code  Gb  eeprom.o [1]
KeyOpt_EEPROM_write       0x008b5f   0x17  Code  Gb  eeprom.o [1]
LCD_AES_IRQHandler        0x008df8    0x1  Code  Gb  stm8l15x_it.o [1]
LockFlash                 0x008b38    0xd  Code  Gb  eeprom.o [1]
RAM_OP1                   0x000034    0x1  Data  Gb  ram.o [1]
RAM_OP2                   0x000035    0x1  Data  Gb  ram.o [1]
RAM_RegSW                 0x000036    0x1  Data  Gb  ram.o [1]
RAM_SW                    0x000037    0x1  Data  Gb  ram.o [1]
RAM_clean                 0x008dbe    0xb  Code  Gb  initial.o [1]
RTC_CSSLSE_IRQHandler     0x008ded    0x1  Code  Gb  stm8l15x_it.o [1]
ReadByteEEPROM            0x008b76    0x5  Code  Gb  eeprom.o [1]
Region$$Table$$Base       0x008ce8          --   Gb  - Linker created -
Region$$Table$$Limit      0x008cf0          --   Gb  - Linker created -
SPI1_IRQHandler           0x008e01    0x1  Code  Gb  stm8l15x_it.o [1]
SWITCH_CSS_BREAK_DAC_IRQHandler
                          0x008df9    0x1  Code  Gb  stm8l15x_it.o [1]
SendTxData                0x008b93   0x3e  Code  Gb  EXIT_FUN.o [1]
SetFixedLengthCode        0x008bd1   0x32  Code  Gb  EXIT_FUN.o [1]
SetTxData                 0x0088cd   0x7a  Code  Gb  EXIT_FUN.o [1]
SysClock_Init             0x008c35   0x2e  Code  Gb  initial.o [1]
TB_100ms                  0x000040    0x1  Data  Gb  ram.o [1]
TB_5s                     0x000041    0x1  Data  Gb  ram.o [1]
TIM1_CC_IRQHandler        0x008e00    0x1  Code  Gb  stm8l15x_it.o [1]
TIM1_UPD_OVF_TRG_COM_IRQHandler
                          0x008dff    0x1  Code  Gb  stm8l15x_it.o [1]
TIM2_CC_USART2_RX_IRQHandler
                          0x008dfc    0x1  Code  Gb  stm8l15x_it.o [1]
TIM2_UPD_OVF_TRG_BRK_USART2_TX_IRQHandler
                          0x008dfb    0x1  Code  Gb  stm8l15x_it.o [1]
TIM3_CC_USART3_RX_IRQHandler
                          0x008dfe    0x1  Code  Gb  stm8l15x_it.o [1]
TIM3_UPD_OVF_TRG_BRK_USART3_TX_IRQHandler
                          0x008dfd    0x1  Code  Gb  stm8l15x_it.o [1]
TIM4_Init                 0x008d8f   0x11  Code  Gb  Timer.o [1]
TIM4_UPD_OVF              0x008d0e   0x1d  Code  Gb  Timer.o [1]
TIM4_UPD_OVF_TRG_IRQHandler
                          0x008d41   0x16  Code  Gb  stm8l15x_it.o [1]
TIME_BEEP_freq            0x00003f    0x1  Data  Gb  ram.o [1]
TIME_BEEP_off             0x00003c    0x1  Data  Gb  ram.o [1]
TIME_BEEP_on              0x00003b    0x1  Data  Gb  ram.o [1]
TRAP_IRQHandler           0x008de9    0x1  Code  Gb  stm8l15x_it.o [1]
USART1_RX_TIM5_CC_IRQHandler
                          0x008e03    0x1  Code  Gb  stm8l15x_it.o [1]
USART1_TX_TIM5_UPD_OVF_TRG_BRK_IRQHandler
                          0x008e02    0x1  Code  Gb  stm8l15x_it.o [1]
UnlockFlash               0x008b4a   0x15  Code  Gb  eeprom.o [1]
VHF_GPIO_INIT             0x00883c   0x91  Code  Gb  initial.o [1]
WriteByteToFLASH          0x008b45    0x5  Code  Gb  eeprom.o [1]
_ClearSpecialMultiKeyState
                          0x00839f   0x15  Code  Gb  key_and_Other.o [1]
_DupliFuncClear           0x008080   0x15  Code  Gb  key_and_Other.o [1]
_DupliFuncSetMode         0x008095  0x283  Code  Gb  key_and_Other.o [1]
_FuncAutoTxStart          0x0083f3    0x1  Code  Gb  key_and_Other.o [1]
_FuncAutoTxStop           0x0083f2    0x1  Code  Gb  key_and_Other.o [1]
_FuncCloseReg             0x0083f5    0x1  Code  Gb  key_and_Other.o [1]
_FuncNoPush               0x0083d6   0x1c  Code  Gb  key_and_Other.o [1]
_FuncOpenReg              0x0083f7    0x1  Code  Gb  key_and_Other.o [1]
_FuncOpenStop             0x0083f8    0x1  Code  Gb  key_and_Other.o [1]
_FuncReg                  0x00855f    0x1  Code  Gb  key_and_Other.o [1]
_FuncStop                 0x0083f9  0x166  Code  Gb  key_and_Other.o [1]
_FuncStopReg              0x0083f6    0x1  Code  Gb  key_and_Other.o [1]
_FuncVentReg              0x0083f4    0x1  Code  Gb  key_and_Other.o [1]
_GetNoPushState           0x0083b4   0x1a  Code  Gb  key_and_Other.o [1]
_Init_RAM                 0x008c03   0x32  Code  Gb  initial.o [1]
_KeyInTx                  0x008570   0xf2  Code  Gb  key_and_Other.o [1]
_ReqTxdEdit               0x008318   0x87  Code  Gb  key_and_Other.o [1]
_SetKeyChatterCount       0x0083ce    0x8  Code  Gb  key_and_Other.o [1]
_SwIn                     0x008560   0x10  Code  Gb  key_and_Other.o [1]
__DebugBreak              0x008e05    0x1  Code  Gb  __dbg_break.o [3]
__exit                    0x008d57   0x14  Code  Gb  __dbg_xxexit.o [3]
__iar_data_init2          0x008cd1   0x17  Code  Gb  init.o [4]
__iar_program_start       0x008d6b         Code  Gb  cstartup.o [4]
__iar_unhandled_exception
                          0x008de6         Code  Gb  unhandled_exception.o [4]
__iar_zero_init2          0x008cf0         Code  Gb  init_small.o [4]
__intvec                  0x008000         Data  Gb  interrupt.o [4]
__low_level_init          0x008de0    0x3  Code  Gb  low_level_init.o [4]
_exit                     0x008dd8         Code  Gb  cexit.o [4]
_interrupt_1              0x008de9         Code  Gb  stm8l15x_it.o [1]
_interrupt_10             0x008df1         Code  Gb  stm8l15x_it.o [1]
_interrupt_11             0x008df2         Code  Gb  stm8l15x_it.o [1]
_interrupt_12             0x008df3         Code  Gb  stm8l15x_it.o [1]
_interrupt_13             0x008df4         Code  Gb  stm8l15x_it.o [1]
_interrupt_14             0x008d2b         Code  Gb  stm8l15x_it.o [1]
_interrupt_15             0x008df5         Code  Gb  stm8l15x_it.o [1]
_interrupt_16             0x008df6         Code  Gb  stm8l15x_it.o [1]
_interrupt_17             0x008df7         Code  Gb  stm8l15x_it.o [1]
_interrupt_18             0x008df8         Code  Gb  stm8l15x_it.o [1]
_interrupt_19             0x008df9         Code  Gb  stm8l15x_it.o [1]
_interrupt_2              0x008ddd         Code  Wk  interrupt.o [4]
_interrupt_20             0x008dfa         Code  Gb  stm8l15x_it.o [1]
_interrupt_21             0x008dfb         Code  Gb  stm8l15x_it.o [1]
_interrupt_22             0x008dfc         Code  Gb  stm8l15x_it.o [1]
_interrupt_23             0x008dfd         Code  Gb  stm8l15x_it.o [1]
_interrupt_24             0x008dfe         Code  Gb  stm8l15x_it.o [1]
_interrupt_25             0x008dff         Code  Gb  stm8l15x_it.o [1]
_interrupt_26             0x008e00         Code  Gb  stm8l15x_it.o [1]
_interrupt_27             0x008d41         Code  Gb  stm8l15x_it.o [1]
_interrupt_28             0x008e01         Code  Gb  stm8l15x_it.o [1]
_interrupt_29             0x008e02         Code  Gb  stm8l15x_it.o [1]
_interrupt_3              0x008dea         Code  Gb  stm8l15x_it.o [1]
_interrupt_30             0x008e03         Code  Gb  stm8l15x_it.o [1]
_interrupt_31             0x008e04         Code  Gb  stm8l15x_it.o [1]
_interrupt_4              0x008deb         Code  Gb  stm8l15x_it.o [1]
_interrupt_5              0x008dec         Code  Gb  stm8l15x_it.o [1]
_interrupt_6              0x008ded         Code  Gb  stm8l15x_it.o [1]
_interrupt_7              0x008dee         Code  Gb  stm8l15x_it.o [1]
_interrupt_8              0x008def         Code  Gb  stm8l15x_it.o [1]
_interrupt_9              0x008df0         Code  Gb  stm8l15x_it.o [1]
beep_init                 0x008cb0   0x21  Code  Gb  initial.o [1]
ct_KeyDataTable           0x008d7e   0x11  Data  Gb  key_and_Other.o [1]
dd_set_ADF7021_Power_on
                          0x008c63   0x2a  Code  Gb  adf7012.o [1]
dd_set_TX_mode            0x008a7e   0x5d  Code  Gb  adf7012.o [1]
dd_write_7021_reg         0x008947   0x6f  Code  Gb  adf7012.o [1]
eeprom_sys_load           0x008b7b   0x18  Code  Gb  eeprom.o [1]
exit                      0x008de3    0x3  Code  Gb  exit.o [4]
key_check                 0x008662  0x10a  Code  Gb  key_and_Other.o [1]
m_ChatterCount            0x000045    0x1  Data  Gb  ram.o [1]
m_KeyCloseCount           0x000048    0x1  Data  Gb  ram.o [1]
m_KeyDupli1stTimer        0x000030    0x2  Data  Gb  ram.o [1]
m_KeyDupliSetTimeout      0x000032    0x2  Data  Gb  ram.o [1]
m_KeyNew                  0x000042    0x1  Data  Gb  ram.o [1]
m_KeyNo                   0x000046    0x1  Data  Gb  ram.o [1]
m_KeyOld                  0x000044    0x1  Data  Gb  ram.o [1]
m_KeyOpenCount            0x000047    0x1  Data  Gb  ram.o [1]
m_KeyOptSetMode           0x000049    0x1  Data  Gb  ram.o [1]
m_KindOfKey               0x000043    0x1  Data  Gb  ram.o [1]
m_RFNormalBuf             0x00000c   0x1c  Data  Gb  ram.o [1]
m_TimerKey                0x00002e    0x2  Data  Gb  ram.o [1]
main                      0x0089b6   0x6b  Code  Gb  main.o [1]
rom_KeyOpt                0x00004a    0x1  Data  Gb  ram.o [1]
test_mode_control         0x00876c   0xd0  Code  Gb  key_and_Other.o [1]
time_control              0x008c8d   0x23  Code  Gb  key_and_Other.o [1]
time_led                  0x00004b    0x1  Data  Gb  ram.o [1]
txphase                   0x00002c    0x2  Data  Gb  ram.o [1]
txphase_Repeat            0x000039    0x1  Data  Gb  ram.o [1]


[1] = F:\Source Code\bunka-s\Bunka STM8L051F3 TX Source\Bunka STM8L051F3 TX Source Ver1.2\Debug\Obj
[2] = command line
[3] = dbgstm8ssd.a
[4] = dlstm8ssn.a

  3 437 bytes of readonly  code memory
    153 bytes of readonly  data memory
    332 bytes of readwrite data memory

Errors: none
Warnings: none
