###############################################################################
#                                                                             #
# IAR ELF Linker V1.31.1.50058 for STM8                 24/Feb/2016  15:41:35 #
# Copyright 2010-2012 IAR Systems AB.                                         #
#                                                                             #
#    Output file  =  F:\Source Code\bunka-s\Bunka STM8L051F3 TX Source\Bunka  #
#                    STM8L051F3 TX Source Ver2.0.1_One-button test(CPU        #
#                    1MHz)\Debug\Exe\Bunka STM8S003F3 TX Source.out           #
#    Map file     =  F:\Source Code\bunka-s\Bunka STM8L051F3 TX Source\Bunka  #
#                    STM8L051F3 TX Source Ver2.0.1_One-button test(CPU        #
#                    1MHz)\Debug\List\Bunka STM8S003F3 TX Source.map          #
#    Command line =  "F:\Source Code\bunka-s\Bunka STM8L051F3 TX              #
#                    Source\Bunka STM8L051F3 TX Source Ver2.0.1_One-button    #
#                    test(CPU 1MHz)\Debug\Obj\EXIT_FUN.o" "F:\Source          #
#                    Code\bunka-s\Bunka STM8L051F3 TX Source\Bunka            #
#                    STM8L051F3 TX Source Ver2.0.1_One-button test(CPU        #
#                    1MHz)\Debug\Obj\Timer.o" "F:\Source Code\bunka-s\Bunka   #
#                    STM8L051F3 TX Source\Bunka STM8L051F3 TX Source          #
#                    Ver2.0.1_One-button test(CPU 1MHz)\Debug\Obj\ad.o"       #
#                    "F:\Source Code\bunka-s\Bunka STM8L051F3 TX              #
#                    Source\Bunka STM8L051F3 TX Source Ver2.0.1_One-button    #
#                    test(CPU 1MHz)\Debug\Obj\adf7012.o" "F:\Source           #
#                    Code\bunka-s\Bunka STM8L051F3 TX Source\Bunka            #
#                    STM8L051F3 TX Source Ver2.0.1_One-button test(CPU        #
#                    1MHz)\Debug\Obj\eeprom.o" "F:\Source Code\bunka-s\Bunka  #
#                    STM8L051F3 TX Source\Bunka STM8L051F3 TX Source          #
#                    Ver2.0.1_One-button test(CPU 1MHz)\Debug\Obj\initial.o"  #
#                    "F:\Source Code\bunka-s\Bunka STM8L051F3 TX              #
#                    Source\Bunka STM8L051F3 TX Source Ver2.0.1_One-button    #
#                    test(CPU 1MHz)\Debug\Obj\key_and_Other.o" "F:\Source     #
#                    Code\bunka-s\Bunka STM8L051F3 TX Source\Bunka            #
#                    STM8L051F3 TX Source Ver2.0.1_One-button test(CPU        #
#                    1MHz)\Debug\Obj\main.o" "F:\Source Code\bunka-s\Bunka    #
#                    STM8L051F3 TX Source\Bunka STM8L051F3 TX Source          #
#                    Ver2.0.1_One-button test(CPU 1MHz)\Debug\Obj\ram.o"      #
#                    "F:\Source Code\bunka-s\Bunka STM8L051F3 TX              #
#                    Source\Bunka STM8L051F3 TX Source Ver2.0.1_One-button    #
#                    test(CPU 1MHz)\Debug\Obj\stm8l15x_it.o" "F:\Source       #
#                    Code\bunka-s\Bunka STM8L051F3 TX Source\Bunka            #
#                    STM8L051F3 TX Source Ver2.0.1_One-button test(CPU        #
#                    1MHz)\Debug\Obj\uart.o" --redirect _Printf=_PrintfSmall  #
#                    --redirect _Scanf=_ScanfSmall -o "F:\Source              #
#                    Code\bunka-s\Bunka STM8L051F3 TX Source\Bunka            #
#                    STM8L051F3 TX Source Ver2.0.1_One-button test(CPU        #
#                    1MHz)\Debug\Exe\Bunka STM8S003F3 TX Source.out" --map    #
#                    "F:\Source Code\bunka-s\Bunka STM8L051F3 TX              #
#                    Source\Bunka STM8L051F3 TX Source Ver2.0.1_One-button    #
#                    test(CPU 1MHz)\Debug\List\Bunka STM8S003F3 TX            #
#                    Source.map" --config "D:\Program Files (x86)\IAR         #
#                    Systems\Embedded Workbench 6.0                           #
#                    Evaluation\stm8\config\lnkstm8l051f3.icf" --config_def   #
#                    _CSTACK_SIZE=0x100 --config_def _HEAP_SIZE=0x100         #
#                    --entry __iar_program_start --debug_lib                  #
#                                                                             #
#                                                                             #
###############################################################################

*******************************************************************************
*** RUNTIME MODEL ATTRIBUTES
***

__SystemLibrary            = DLib
__code_model               = small
__core                     = stm8
__data_model               = small
__dlib_file_descriptor     = 0
__dlib_full_locale_support = 0
__rt_version               = 4


*******************************************************************************
*** RESERVED RANGES
***

Ranges reserved by absolute symbols:
   [0x005053-0x005053]
   [0x0050c8-0x0050c8]
   [0x0050e2-0x0050e2]
   [0x005231-0x005231]


*******************************************************************************
*** PLACEMENT SUMMARY
***

"A1":  place at start of [0x000000-0x0000ff] { rw section .vregs };
"P1":  place in [from 0x000000 to 0x0000ff] {
          rw section .tiny.bss, rw section .tiny.data, rw section .tiny.noinit,
          rw section .tiny.rodata };
"A2":  place at end of [0x000000-0x0003ff] { block CSTACK };
"A3":  place at start of [0x008000-0x009fff] { block INTVEC };
"P3":  place in [from 0x008000 to 0x009fff] {
          ro section .far.data_init, ro section .far_func.textrw_init,
          ro section .huge.data_init, ro section .huge_func.textrw_init,
          ro section .iar.init_table, ro section .init_array,
          ro section .near.data_init, ro section .near.rodata,
          ro section .near_func.text, ro section .near_func.textrw_init,
          ro section .tiny.data_init, ro section .tiny.rodata_init };

  Section          Kind      Address    Size  Object
  -------          ----      -------    ----  ------
"A1":                                   0x10
  .vregs           uninit   0x000000    0x10  vregs.o [4]
                          - 0x000010    0x10

"P1":                                   0xac
  .tiny.bss        zero     0x000010    0x28  ram.o [1]
  .tiny.bss        zero     0x000038    0x10  ram.o [1]
  .tiny.bss        zero     0x000048    0x10  ram.o [1]
  .tiny.bss        zero     0x000058    0x10  ram.o [1]
  .tiny.bss        zero     0x000068     0x9  ram.o [1]
  .tiny.bss        zero     0x000071     0x4  ram.o [1]
  .tiny.bss        zero     0x000075     0x4  ram.o [1]
  .tiny.bss        zero     0x000079     0x4  ram.o [1]
  .tiny.bss        zero     0x00007d     0x4  ram.o [1]
  .tiny.bss        zero     0x000081     0x2  ram.o [1]
  .tiny.bss        zero     0x000083     0x2  ram.o [1]
  .tiny.bss        zero     0x000085     0x2  ram.o [1]
  .tiny.bss        zero     0x000087     0x2  ram.o [1]
  .tiny.bss        zero     0x000089     0x2  ram.o [1]
  .tiny.bss        zero     0x00008b     0x2  ram.o [1]
  .tiny.bss        zero     0x00008d     0x2  ram.o [1]
  .tiny.bss        zero     0x00008f     0x2  ram.o [1]
  .tiny.bss        zero     0x000091     0x2  ram.o [1]
  .tiny.bss        zero     0x000093     0x2  ram.o [1]
  .tiny.bss        zero     0x000095     0x2  ram.o [1]
  .tiny.bss        zero     0x000097     0x2  ram.o [1]
  .tiny.bss        zero     0x000099     0x2  ram.o [1]
  .tiny.bss        zero     0x00009b     0x2  ram.o [1]
  .tiny.bss        zero     0x00009d     0x2  ram.o [1]
  .tiny.bss        zero     0x00009f     0x2  ram.o [1]
  .tiny.bss        zero     0x0000a1     0x1  ram.o [1]
  .tiny.bss        zero     0x0000a2     0x1  ram.o [1]
  .tiny.bss        zero     0x0000a3     0x1  ram.o [1]
  .tiny.bss        zero     0x0000a4     0x1  ram.o [1]
  .tiny.bss        zero     0x0000a5     0x1  ram.o [1]
  .tiny.bss        zero     0x0000a6     0x1  ram.o [1]
  .tiny.bss        zero     0x0000a7     0x1  ram.o [1]
  .tiny.bss        zero     0x0000a8     0x1  ram.o [1]
  .tiny.bss        zero     0x0000a9     0x1  ram.o [1]
  .tiny.bss        zero     0x0000aa     0x1  ram.o [1]
  .tiny.bss        zero     0x0000ab     0x1  ram.o [1]
  .tiny.bss        zero     0x0000ac     0x1  ram.o [1]
  .tiny.bss        zero     0x0000ad     0x1  ram.o [1]
  .tiny.bss        zero     0x0000ae     0x1  ram.o [1]
  .tiny.bss        zero     0x0000af     0x1  ram.o [1]
  .tiny.bss        zero     0x0000b0     0x1  ram.o [1]
  .tiny.bss        zero     0x0000b1     0x1  ram.o [1]
  .tiny.bss        zero     0x0000b2     0x1  ram.o [1]
  .tiny.bss        zero     0x0000b3     0x1  ram.o [1]
  .tiny.bss        zero     0x0000b4     0x1  ram.o [1]
  .tiny.bss        zero     0x0000b5     0x1  ram.o [1]
  .tiny.bss        zero     0x0000b6     0x1  ram.o [1]
  .tiny.bss        zero     0x0000b7     0x1  ram.o [1]
  .tiny.bss        zero     0x0000b8     0x1  ram.o [1]
  .tiny.bss        zero     0x0000b9     0x1  ram.o [1]
  .tiny.bss        zero     0x0000ba     0x1  ram.o [1]
  .tiny.bss        zero     0x0000bb     0x1  ram.o [1]
                          - 0x0000bc    0xac

"A2":                                  0x100
  CSTACK                    0x000300   0x100  <Block>
    CSTACK         uninit   0x000300   0x100  <Block tail>
                          - 0x000400   0x100

"A3":                                   0x80
  INTVEC                    0x008000    0x80  <Block>
    .intvec        const    0x008000    0x80  interrupt.o [4]
                          - 0x008080    0x80

"P3":                                 0x1c91
  .near_func.text  ro code  0x008080   0x731  key_and_Other.o [1]
  .near_func.text  ro code  0x0087b1   0x2d2  uart.o [1]
  .near_func.text  ro code  0x008a83   0x1a4  eeprom.o [1]
  .near_func.text  ro code  0x008c27   0x1a3  long.o [4]
  .near_func.text  ro code  0x008dca   0x135  EXIT_FUN.o [1]
  .near_func.text  ro code  0x008eff   0x12e  key_and_Other.o [1]
  .near_func.text  ro code  0x00902d   0x117  key_and_Other.o [1]
  .near_func.text  ro code  0x009144    0xf8  key_and_Other.o [1]
  .near_func.text  ro code  0x00923c    0xe9  key_and_Other.o [1]
  .near_func.text  ro code  0x009325    0xb1  vreg_util.o [4]
  .near_func.text  ro code  0x0093d6    0xa9  EXIT_FUN.o [1]
  .near_func.text  ro code  0x00947f    0xa5  ad.o [1]
  .near_func.text  ro code  0x009524    0xa1  initial.o [1]
  .near_func.text  ro code  0x0095c5    0x8c  main.o [1]
  .near_func.text  ro code  0x009651    0x6f  adf7012.o [1]
  .near_func.text  ro code  0x0096c0    0x60  EXIT_FUN.o [1]
  .near_func.text  ro code  0x009720    0x5d  adf7012.o [1]
  .near_func.text  ro code  0x00977d    0x50  adf7012.o [1]
  .near_func.text  ro code  0x0097cd    0x4d  uart.o [1]
  .near_func.text  ro code  0x00981a    0x4a  key_and_Other.o [1]
  .near_func.text  ro code  0x009864    0x47  long_util.o [4]
  .near_func.text  ro code  0x0098ab    0x3e  ad.o [1]
  .near_func.text  ro code  0x0098e9    0x32  EXIT_FUN.o [1]
  .near_func.text  ro code  0x00991b    0x2e  initial.o [1]
  .near_func.text  ro code  0x009949    0x2d  Timer.o [1]
  .near_func.text  ro code  0x009976    0x2d  key_and_Other.o [1]
  .near_func.text  ro code  0x0099a3    0x2a  adf7012.o [1]
  .near_func.text  ro code  0x0099cd    0x27  initial.o [1]
  .near_func.text  ro code  0x0099f4    0x26  key_and_Other.o [1]
  .near_func.text  ro code  0x009a1a    0x26  key_and_Other.o [1]
  .near_func.text  ro code  0x009a40    0x25  dc_util.o [4]
  .near_func.text  ro code  0x009a65    0x1f  key_and_Other.o [1]
  .iar.init_table  const    0x009a84     0x8  - Linker created -
  .near_func.text  ro code  0x009a8c    0x1f  move.o [4]
  .near_func.text  ro code  0x009aab    0x1e  key_and_Other.o [1]
  .near_func.text  ro code  0x009ac9    0x1e  short.o [4]
  .near_func.text  ro code  0x009ae7    0x1e  init_small.o [4]
  .near_func.text  ro code  0x009b05    0x1d  Timer.o [1]
  .near_func.text  ro code  0x009b22    0x1d  uart.o [1]
  .near_func.text  ro code  0x009b3f    0x1d  uart.o [1]
  .near_func.text  ro code  0x009b5c    0x1d  uart.o [1]
  .near_func.text  ro code  0x009b79    0x19  initial.o [1]
  .near_func.text  ro code  0x009b92    0x18  uart.o [1]
  .near_func.text  ro code  0x009baa    0x17  init.o [4]
  .near_func.text  ro code  0x009bc1    0x16  stm8l15x_it.o [1]
  .near_func.text  ro code  0x009bd7    0x16  stm8l15x_it.o [1]
  .near_func.text  ro code  0x009bed    0x16  stm8l15x_it.o [1]
  .near_func.text  ro code  0x009c03    0x16  stm8l15x_it.o [1]
  .near_func.text  ro code  0x009c19    0x14  __dbg_xxexit.o [3]
  .near_func.text  ro code  0x009c2d    0x13  cstartup.o [4]
  .near.rodata     const    0x009c40    0x11  key_and_Other.o [1]
  .near_func.text  ro code  0x009c51    0x11  Timer.o [1]
  .near_func.text  ro code  0x009c62    0x11  eeprom.o [1]
  .near_func.text  ro code  0x009c73    0x11  initial.o [1]
  .near.rodata     const    0x009c84    0x10  ram.o [1]
  .near_func.text  ro code  0x009c94    0x10  key_and_Other.o [1]
  .near_func.text  ro code  0x009ca4     0xc  uart.o [1]
  .near_func.text  ro code  0x009cb0     0xb  initial.o [1]
  .near_func.text  ro code  0x009cbb     0xa  uart.o [1]
  .near_func.text  ro code  0x009cc5     0x9  EXIT_FUN.o [1]
  .near_func.text  ro code  0x009cce     0x9  Timer.o [1]
  .near_func.text  ro code  0x009cd7     0x6  char.o [4]
  .near_func.text  ro code  0x009cdd     0x5  initial.o [1]
  .near_func.text  ro code  0x009ce2     0x5  cexit.o [4]
  .near_func.text  ro code  0x009ce7     0x3  key_and_Other.o [1]
  .near_func.text  ro code  0x009cea     0x3  interrupt.o [4]
  .near_func.text  ro code  0x009ced     0x3  low_level_init.o [4]
  .near_func.text  ro code  0x009cf0     0x3  exit.o [4]
  .near_func.text  ro code  0x009cf3     0x3  unhandled_exception.o [4]
  .near_func.text  ro code  0x009cf6     0x1  stm8l15x_it.o [1]
  .near_func.text  ro code  0x009cf7     0x1  stm8l15x_it.o [1]
  .near_func.text  ro code  0x009cf8     0x1  stm8l15x_it.o [1]
  .near_func.text  ro code  0x009cf9     0x1  stm8l15x_it.o [1]
  .near_func.text  ro code  0x009cfa     0x1  stm8l15x_it.o [1]
  .near_func.text  ro code  0x009cfb     0x1  stm8l15x_it.o [1]
  .near_func.text  ro code  0x009cfc     0x1  stm8l15x_it.o [1]
  .near_func.text  ro code  0x009cfd     0x1  stm8l15x_it.o [1]
  .near_func.text  ro code  0x009cfe     0x1  stm8l15x_it.o [1]
  .near_func.text  ro code  0x009cff     0x1  stm8l15x_it.o [1]
  .near_func.text  ro code  0x009d00     0x1  stm8l15x_it.o [1]
  .near_func.text  ro code  0x009d01     0x1  stm8l15x_it.o [1]
  .near_func.text  ro code  0x009d02     0x1  stm8l15x_it.o [1]
  .near_func.text  ro code  0x009d03     0x1  stm8l15x_it.o [1]
  .near_func.text  ro code  0x009d04     0x1  stm8l15x_it.o [1]
  .near_func.text  ro code  0x009d05     0x1  stm8l15x_it.o [1]
  .near_func.text  ro code  0x009d06     0x1  stm8l15x_it.o [1]
  .near_func.text  ro code  0x009d07     0x1  stm8l15x_it.o [1]
  .near_func.text  ro code  0x009d08     0x1  stm8l15x_it.o [1]
  .near_func.text  ro code  0x009d09     0x1  stm8l15x_it.o [1]
  .near_func.text  ro code  0x009d0a     0x1  stm8l15x_it.o [1]
  .near_func.text  ro code  0x009d0b     0x1  stm8l15x_it.o [1]
  .near_func.text  ro code  0x009d0c     0x1  stm8l15x_it.o [1]
  .near_func.text  ro code  0x009d0d     0x1  stm8l15x_it.o [1]
  .near_func.text  ro code  0x009d0e     0x1  stm8l15x_it.o [1]
  .near_func.text  ro code  0x009d0f     0x1  stm8l15x_it.o [1]
  .near_func.text  ro code  0x009d10     0x1  __dbg_break.o [3]
                          - 0x009d11  0x1c91


*******************************************************************************
*** INIT TABLE
***

          Address   Size
          -------   ----
Zero (__iar_zero_init2)
    1 destination range, total size 0xac:
          0x000010  0xac


*******************************************************************************
*** MODULE SUMMARY
***

    Module                 ro code  ro data  rw data
    ------                 -------  -------  -------
F:\Source Code\bunka-s\Bunka STM8L051F3 TX Source\Bunka STM8L051F3 TX Source Ver2.0.1_One-button test(CPU 1MHz)\Debug\Obj: [1]
    EXIT_FUN.o                 633
    Timer.o                    100
    ad.o                       227
    adf7012.o                  326
    eeprom.o                   437
    initial.o                  304
    key_and_Other.o          3 178       17
    main.o                     140
    ram.o                                16      172
    stm8l15x_it.o              114
    uart.o                     932
    ------------------------------------------------
    Total:                   6 391       33      172

command line: [2]
    ------------------------------------------------
    Total:

dbgstm8ssd.a: [3]
    __dbg_break.o                1
    __dbg_xxexit.o              20
    ------------------------------------------------
    Total:                      21

dlstm8ssn.a: [4]
    cexit.o                      5
    char.o                       6
    cstartup.o                  19
    dc_util.o                   37
    exit.o                       3
    init.o                      23
    init_small.o                30
    interrupt.o                  3      128
    long.o                     419
    long_util.o                 71
    low_level_init.o             3
    move.o                      31
    short.o                     30
    unhandled_exception.o        3
    vreg_util.o                177
    vregs.o                                       16
    ------------------------------------------------
    Total:                     860      128       16

    Linker created                        8      256
----------------------------------------------------
    Grand Total:             7 272      169      444


*******************************************************************************
*** ENTRY LIST
***

Entry                      Address   Size  Type      Object
-----                      -------   ----  ----      ------
?add32_l0_l0_0x           0x008c2a         Code  Gb  long.o [4]
?add32_l0_l0_l1           0x008c27         Code  Gb  long.o [4]
?and32_l0_l0_0x           0x008da7         Code  Gb  long.o [4]
?and32_l0_l0_l1           0x008da4         Code  Gb  long.o [4]
?b0                       0x000000         Data  Gb  vregs.o [4]
?b1                       0x000001         Data  Gb  vregs.o [4]
?b10                      0x00000a         Data  Gb  vregs.o [4]
?b11                      0x00000b         Data  Gb  vregs.o [4]
?b12                      0x00000c         Data  Gb  vregs.o [4]
?b13                      0x00000d         Data  Gb  vregs.o [4]
?b14                      0x00000e         Data  Gb  vregs.o [4]
?b15                      0x00000f         Data  Gb  vregs.o [4]
?b2                       0x000002         Data  Gb  vregs.o [4]
?b3                       0x000003         Data  Gb  vregs.o [4]
?b4                       0x000004         Data  Gb  vregs.o [4]
?b5                       0x000005         Data  Gb  vregs.o [4]
?b6                       0x000006         Data  Gb  vregs.o [4]
?b7                       0x000007         Data  Gb  vregs.o [4]
?b8                       0x000008         Data  Gb  vregs.o [4]
?b9                       0x000009         Data  Gb  vregs.o [4]
?dc32_l0                  0x009a40         Code  Gb  dc_util.o [4]
?dc32_l1                  0x009a4d         Code  Gb  dc_util.o [4]
?dc32_px                  0x009a5a         Code  Gb  dc_util.o [4]
?e0                       0x000001         Data  Gb  vregs.o [4]
?e1                       0x000005         Data  Gb  vregs.o [4]
?e2                       0x000009         Data  Gb  vregs.o [4]
?e3                       0x00000d         Data  Gb  vregs.o [4]
?epilogue_l2_w6           0x0093c2         Code  Gb  vreg_util.o [4]
?l0                       0x000000         Data  Gb  vregs.o [4]
?l1                       0x000004         Data  Gb  vregs.o [4]
?l2                       0x000008         Data  Gb  vregs.o [4]
?l3                       0x00000c         Data  Gb  vregs.o [4]
?load32_0x_l0             0x00989d         Code  Gb  long_util.o [4]
?load32_asp_l0            0x009891         Code  Gb  long_util.o [4]
?load32_dbsp_l0           0x00988c         Code  Gb  long_util.o [4]
?load32_l0_0x             0x009874         Code  Gb  long_util.o [4]
?load32_l0_asp            0x009869         Code  Gb  long_util.o [4]
?load32_l0_dbsp           0x009864         Code  Gb  long_util.o [4]
?load32_l0_xsp            0x00986b         Code  Gb  long_util.o [4]
?load32_l1_0x             0x009880         Code  Gb  long_util.o [4]
?load32_xsp_l0            0x009893         Code  Gb  long_util.o [4]
?longfarg16_v_w0_a        0x009a99         Code  Gb  move.o [4]
?longfarg16_v_w0_x        0x009a9b         Code  Gb  move.o [4]
?mov_e1_e3                0x0093cc         Code  Gb  vreg_util.o [4]
?mov_l1_l3                0x0093c9         Code  Gb  vreg_util.o [4]
?mov_w3_w7                0x0093cf         Code  Gb  vreg_util.o [4]
?move1616_v_x_y_a         0x009a8c         Code  Gb  move.o [4]
?mul16_x_x_w0             0x009ac9         Code  Gb  short.o [4]
?mul32_l0_l0_0x           0x008c62         Code  Gb  long.o [4]
?mul32_l0_l0_dl           0x008c5f         Code  Gb  long.o [4]
?mul32_l0_l0_l1           0x008c6b         Code  Gb  long.o [4]
?pop_l0                   0x00938e         Code  Gb  vreg_util.o [4]
?pop_l1                   0x009399         Code  Gb  vreg_util.o [4]
?pop_l2                   0x0093a4         Code  Gb  vreg_util.o [4]
?pop_l3                   0x0093af         Code  Gb  vreg_util.o [4]
?pop_w5                   0x009347         Code  Gb  vreg_util.o [4]
?pop_w6                   0x00934e         Code  Gb  vreg_util.o [4]
?push_l0                  0x00935d         Code  Gb  vreg_util.o [4]
?push_l1                  0x009362         Code  Gb  vreg_util.o [4]
?push_l2                  0x009367         Code  Gb  vreg_util.o [4]
?push_l3                  0x00936c         Code  Gb  vreg_util.o [4]
?push_w4                  0x009325         Code  Gb  vreg_util.o [4]
?push_w5                  0x00932a         Code  Gb  vreg_util.o [4]
?push_w6                  0x00932f         Code  Gb  vreg_util.o [4]
?sdiv32_l0_dl_l1          0x008d59         Code  Gb  long.o [4]
?sdiv32_l0_l0_l1          0x008d5e         Code  Gb  long.o [4]
?sext32_l0_x              0x008dbf         Code  Gb  long.o [4]
?smod32_l1_l0_l1          0x008d5e         Code  Gb  long.o [4]
?srl8_a_a_5               0x009cd8         Code  Gb  char.o [4]
?srl8_a_a_6               0x009cd7         Code  Gb  char.o [4]
?sub32_l0_l0_0x           0x008c47         Code  Gb  long.o [4]
?sub32_l0_l0_dl           0x008c42         Code  Gb  long.o [4]
?udiv32_l0_l0_dl          0x008ce9         Code  Gb  long.o [4]
?udiv32_l0_l0_l1          0x008cec         Code  Gb  long.o [4]
?umod32_l1_l0_l1          0x008cec         Code  Gb  long.o [4]
?w0                       0x000000         Data  Gb  vregs.o [4]
?w1                       0x000002         Data  Gb  vregs.o [4]
?w2                       0x000004         Data  Gb  vregs.o [4]
?w3                       0x000006         Data  Gb  vregs.o [4]
?w4                       0x000008         Data  Gb  vregs.o [4]
?w5                       0x00000a         Data  Gb  vregs.o [4]
?w6                       0x00000c         Data  Gb  vregs.o [4]
?w7                       0x00000e         Data  Gb  vregs.o [4]
ADC1_COMP_IRQHandler      0x009bd7   0x16  Code  Gb  stm8l15x_it.o [1]
ADC2_EOC_INT              0x0094a6   0x7e  Code  Gb  ad.o [1]
AD_DATA_BUFF              0x000097    0x2  Data  Gb  ram.o [1]
AD_control                0x0098ab   0x3e  Code  Gb  ad.o [1]
BASE_TIME_BEEP_off        0x0000a9    0x1  Data  Gb  ram.o [1]
BASE_TIME_BEEP_on         0x000087    0x2  Data  Gb  ram.o [1]
BAT_Voltage_value         0x00007d    0x4  Data  Gb  ram.o [1]
BAT_out                   0x0000ba    0x1  Data  Gb  ram.o [1]
CLK_SWR {Abs}           0x000050c8    0x1  Data  Wk  initial.o [1]
CSTACK$$Base              0x000300          --   Gb  - Linker created -
CSTACK$$Limit             0x000400          --   Gb  - Linker created -
ClearWDT                  0x009cdd    0x5  Code  Gb  initial.o [1]
Control_code              0x0000a5    0x1  Data  Gb  ram.o [1]
DMA1_CHANNEL0_1_IRQHandler
                          0x009cf8    0x1  Code  Gb  stm8l15x_it.o [1]
DMA1_CHANNEL2_3_IRQHandler
                          0x009cf9    0x1  Code  Gb  stm8l15x_it.o [1]
Default_adf7012_value     0x009c84   0x10  Data  Gb  ram.o [1]
Delayus                   0x009b79   0x19  Code  Gb  initial.o [1]
EXIT_init                 0x009cc5    0x9  Code  Gb  EXIT_FUN.o [1]
EXTI0_IRQHandler          0x009cfe    0x1  Code  Gb  stm8l15x_it.o [1]
EXTI1_IRQHandler          0x009cff    0x1  Code  Gb  stm8l15x_it.o [1]
EXTI2_IRQHandler          0x009d00    0x1  Code  Gb  stm8l15x_it.o [1]
EXTI3_IRQHandler          0x009d01    0x1  Code  Gb  stm8l15x_it.o [1]
EXTI4_IRQHandler          0x009bc1   0x16  Code  Gb  stm8l15x_it.o [1]
EXTI5_IRQHandler          0x009d02    0x1  Code  Gb  stm8l15x_it.o [1]
EXTI6_IRQHandler          0x009d03    0x1  Code  Gb  stm8l15x_it.o [1]
EXTI7_IRQHandler          0x009d04    0x1  Code  Gb  stm8l15x_it.o [1]
EXTIB_G_IRQHandler        0x009cfc    0x1  Code  Gb  stm8l15x_it.o [1]
EXTID_H_IRQHandler        0x009cfd    0x1  Code  Gb  stm8l15x_it.o [1]
EXTIE_F_PVD_IRQHandler    0x009cfb    0x1  Code  Gb  stm8l15x_it.o [1]
EXTI_PORTA1               0x0096c0   0x60  Code  Gb  EXIT_FUN.o [1]
FLASH_DUKR {Abs}        0x00005053    0x1  Data  Wk  eeprom.o [1]
FLASH_IRQHandler          0x009cf7    0x1  Code  Gb  stm8l15x_it.o [1]
I2C1_SPI2_IRQHandler      0x009d0f    0x1  Code  Gb  stm8l15x_it.o [1]
ID_INT_CODE               0x0000a7    0x1  Data  Gb  ram.o [1]
ID_data                   0x000071    0x4  Data  Gb  ram.o [1]
ID_data_add               0x000075    0x4  Data  Gb  ram.o [1]
INTVEC$$Base              0x008000          --   Gb  - Linker created -
INTVEC$$Limit             0x008080          --   Gb  - Linker created -
IWDG_RLR {Abs}          0x000050e2    0x1  Data  Wk  initial.o [1]
InitialFlashReg           0x009c62   0x11  Code  Gb  eeprom.o [1]
KeyOpt_EEPROM_write       0x008aaa   0x17  Code  Gb  eeprom.o [1]
LCD_AES_IRQHandler        0x009d05    0x1  Code  Gb  stm8l15x_it.o [1]
LockFlash                 0x008a83    0xd  Code  Gb  eeprom.o [1]
PC_PRG                    0x0087b1  0x2d2  Code  Gb  uart.o [1]
RAM_BAT_AVG               0x000099    0x2  Data  Gb  ram.o [1]
RAM_BAT_CNT               0x0000b9    0x1  Data  Gb  ram.o [1]
RAM_BAT_SUM               0x000079    0x4  Data  Gb  ram.o [1]
RAM_OP1                   0x0000a1    0x1  Data  Gb  ram.o [1]
RAM_OP2                   0x0000a2    0x1  Data  Gb  ram.o [1]
RAM_RegSW                 0x0000a3    0x1  Data  Gb  ram.o [1]
RAM_SW                    0x0000a4    0x1  Data  Gb  ram.o [1]
RAM_clean                 0x009cb0    0xb  Code  Gb  initial.o [1]
ROM_adf7012_value         0x000058   0x10  Data  Gb  ram.o [1]
RTC_CSSLSE_IRQHandler     0x009cfa    0x1  Code  Gb  stm8l15x_it.o [1]
ReadByteEEPROM            0x008ac1    0x5  Code  Gb  eeprom.o [1]
Region$$Table$$Base       0x009a84          --   Gb  - Linker created -
Region$$Table$$Limit      0x009a8c          --   Gb  - Linker created -
SIO_DATA                  0x000048   0x10  Data  Gb  ram.o [1]
SIO_buff                  0x000038   0x10  Data  Gb  ram.o [1]
SIO_cnt                   0x0000ad    0x1  Data  Gb  ram.o [1]
SPI1_IRQHandler           0x009d0d    0x1  Code  Gb  stm8l15x_it.o [1]
START_AD_SAMPLER          0x00947f   0x27  Code  Gb  ad.o [1]
SWITCH_CSS_BREAK_DAC_IRQHandler
                          0x009d06    0x1  Code  Gb  stm8l15x_it.o [1]
SendTxData                0x0093d6   0xa9  Code  Gb  EXIT_FUN.o [1]
Send_char                 0x009b5c   0x1d  Code  Gb  uart.o [1]
SetFixedLengthCode        0x0098e9   0x32  Code  Gb  EXIT_FUN.o [1]
SetTxData                 0x008dca  0x135  Code  Gb  EXIT_FUN.o [1]
SysClock_Init             0x00991b   0x2e  Code  Gb  initial.o [1]
TB_100ms                  0x0000ab    0x1  Data  Gb  ram.o [1]
TB_5s                     0x0000ac    0x1  Data  Gb  ram.o [1]
TIM1_CC_IRQHandler        0x009d0c    0x1  Code  Gb  stm8l15x_it.o [1]
TIM1_UPD_OVF_TRG_COM_IRQHandler
                          0x009d0b    0x1  Code  Gb  stm8l15x_it.o [1]
TIM2_CC_USART2_RX_IRQHandler
                          0x009d08    0x1  Code  Gb  stm8l15x_it.o [1]
TIM2_UPD_OVF_TRG_BRK_USART2_TX_IRQHandler
                          0x009d07    0x1  Code  Gb  stm8l15x_it.o [1]
TIM3_CC_USART3_RX_IRQHandler
                          0x009d0a    0x1  Code  Gb  stm8l15x_it.o [1]
TIM3_UPD_OVF_TRG_BRK_USART3_TX_IRQHandler
                          0x009d09    0x1  Code  Gb  stm8l15x_it.o [1]
TIM3_init                 0x009949   0x2d  Code  Gb  Timer.o [1]
TIM4_Init                 0x009c51   0x11  Code  Gb  Timer.o [1]
TIM4_UPD_OVF              0x009b05   0x1d  Code  Gb  Timer.o [1]
TIM4_UPD_OVF_TRG_IRQHandler
                          0x009bed   0x16  Code  Gb  stm8l15x_it.o [1]
TIME_10s                  0x00009d    0x2  Data  Gb  ram.o [1]
TIME_2s_RestTX            0x0000bb    0x1  Data  Gb  ram.o [1]
TIME_BEEP_freq            0x0000aa    0x1  Data  Gb  ram.o [1]
TIME_BEEP_off             0x0000a8    0x1  Data  Gb  ram.o [1]
TIME_BEEP_on              0x000085    0x2  Data  Gb  ram.o [1]
TIME_Once_twice_switch    0x00009b    0x2  Data  Gb  ram.o [1]
TRAP_IRQHandler           0x009cf6    0x1  Code  Gb  stm8l15x_it.o [1]
Tone_OFF                  0x009cce    0x9  Code  Gb  Timer.o [1]
UART1_INIT                0x009b22   0x1d  Code  Gb  uart.o [1]
UART1_RX_RXNE             0x0097cd   0x4d  Code  Gb  uart.o [1]
UART1_end                 0x009b3f   0x1d  Code  Gb  uart.o [1]
USART1_DR {Abs}         0x00005231    0x1  Data  Wk  uart.o [1]
USART1_RX_TIM5_CC_IRQHandler
                          0x009c03   0x16  Code  Gb  stm8l15x_it.o [1]
USART1_TX_TIM5_UPD_OVF_TRG_BRK_IRQHandler
                          0x009d0e    0x1  Code  Gb  stm8l15x_it.o [1]
UnlockFlash               0x008a95   0x15  Code  Gb  eeprom.o [1]
VHF_GPIO_INIT             0x009524   0xa1  Code  Gb  initial.o [1]
WDT_init                  0x009c73   0x11  Code  Gb  initial.o [1]
WriteByteToFLASH          0x008a90    0x5  Code  Gb  eeprom.o [1]
_ClearSpecialMultiKeyState
                          0x0082d5   0x15  Code  Gb  key_and_Other.o [1]
_DupliFuncClear           0x008080   0x15  Code  Gb  key_and_Other.o [1]
_DupliFuncSetMode         0x008095  0x240  Code  Gb  key_and_Other.o [1]
_FuncAutoTxStart          0x00832e    0x1  Code  Gb  key_and_Other.o [1]
_FuncAutoTxStop           0x00832d    0x1  Code  Gb  key_and_Other.o [1]
_FuncCloseReg             0x00857e   0x35  Code  Gb  key_and_Other.o [1]
_FuncNoPush               0x00830d   0x20  Code  Gb  key_and_Other.o [1]
_FuncOpenReg              0x0085b3   0x38  Code  Gb  key_and_Other.o [1]
_FuncOpenStop             0x0085eb   0x1c  Code  Gb  key_and_Other.o [1]
_FuncReg                  0x008480   0x7f  Code  Gb  key_and_Other.o [1]
_FuncStop                 0x00832f  0x151  Code  Gb  key_and_Other.o [1]
_FuncStopReg              0x008516   0x33  Code  Gb  key_and_Other.o [1]
_FuncVentReg              0x008549   0x35  Code  Gb  key_and_Other.o [1]
_GetNoPushState           0x0082ea   0x1a  Code  Gb  key_and_Other.o [1]
_GetRegMode               0x009ce7    0x3  Code  Gb  key_and_Other.o [1]
_IdClear                  0x0099f4   0x26  Code  Gb  key_and_Other.o [1]
_Init_RAM                 0x0099cd   0x27  Code  Gb  initial.o [1]
_KeyInTx                  0x008607  0x1aa  Code  Gb  key_and_Other.o [1]
_Pass3secKey              0x0084ff   0x17  Code  Gb  key_and_Other.o [1]
_RegistrationMode         0x00902d  0x117  Code  Gb  key_and_Other.o [1]
_ReqBuzzer                0x009aab   0x1e  Code  Gb  key_and_Other.o [1]
_ReqTxdEdit               0x00923c   0xe9  Code  Gb  key_and_Other.o [1]
_SetKeyChatterCount       0x008304    0x9  Code  Gb  key_and_Other.o [1]
_SetRegistrationMode      0x009a65   0x1f  Code  Gb  key_and_Other.o [1]
_SwIn                     0x009c94   0x10  Code  Gb  key_and_Other.o [1]
_SwIn_One_button          0x009a1a   0x26  Code  Gb  key_and_Other.o [1]
__DebugBreak              0x009d10    0x1  Code  Gb  __dbg_break.o [3]
__exit                    0x009c19   0x14  Code  Gb  __dbg_xxexit.o [3]
__iar_data_init2          0x009baa   0x17  Code  Gb  init.o [4]
__iar_program_start       0x009c2d         Code  Gb  cstartup.o [4]
__iar_unhandled_exception
                          0x009cf3         Code  Gb  unhandled_exception.o [4]
__iar_zero_init2          0x009ae7         Code  Gb  init_small.o [4]
__intvec                  0x008000         Data  Gb  interrupt.o [4]
__low_level_init          0x009ced    0x3  Code  Gb  low_level_init.o [4]
_exit                     0x009ce2         Code  Gb  cexit.o [4]
_interrupt_1              0x009cf6         Code  Gb  stm8l15x_it.o [1]
_interrupt_10             0x009cfe         Code  Gb  stm8l15x_it.o [1]
_interrupt_11             0x009cff         Code  Gb  stm8l15x_it.o [1]
_interrupt_12             0x009d00         Code  Gb  stm8l15x_it.o [1]
_interrupt_13             0x009d01         Code  Gb  stm8l15x_it.o [1]
_interrupt_14             0x009bc1         Code  Gb  stm8l15x_it.o [1]
_interrupt_15             0x009d02         Code  Gb  stm8l15x_it.o [1]
_interrupt_16             0x009d03         Code  Gb  stm8l15x_it.o [1]
_interrupt_17             0x009d04         Code  Gb  stm8l15x_it.o [1]
_interrupt_18             0x009d05         Code  Gb  stm8l15x_it.o [1]
_interrupt_19             0x009d06         Code  Gb  stm8l15x_it.o [1]
_interrupt_2              0x009cea         Code  Wk  interrupt.o [4]
_interrupt_20             0x009bd7         Code  Gb  stm8l15x_it.o [1]
_interrupt_21             0x009d07         Code  Gb  stm8l15x_it.o [1]
_interrupt_22             0x009d08         Code  Gb  stm8l15x_it.o [1]
_interrupt_23             0x009d09         Code  Gb  stm8l15x_it.o [1]
_interrupt_24             0x009d0a         Code  Gb  stm8l15x_it.o [1]
_interrupt_25             0x009d0b         Code  Gb  stm8l15x_it.o [1]
_interrupt_26             0x009d0c         Code  Gb  stm8l15x_it.o [1]
_interrupt_27             0x009bed         Code  Gb  stm8l15x_it.o [1]
_interrupt_28             0x009d0d         Code  Gb  stm8l15x_it.o [1]
_interrupt_29             0x009d0e         Code  Gb  stm8l15x_it.o [1]
_interrupt_3              0x009cf7         Code  Gb  stm8l15x_it.o [1]
_interrupt_30             0x009c03         Code  Gb  stm8l15x_it.o [1]
_interrupt_31             0x009d0f         Code  Gb  stm8l15x_it.o [1]
_interrupt_4              0x009cf8         Code  Gb  stm8l15x_it.o [1]
_interrupt_5              0x009cf9         Code  Gb  stm8l15x_it.o [1]
_interrupt_6              0x009cfa         Code  Gb  stm8l15x_it.o [1]
_interrupt_7              0x009cfb         Code  Gb  stm8l15x_it.o [1]
_interrupt_8              0x009cfc         Code  Gb  stm8l15x_it.o [1]
_interrupt_9              0x009cfd         Code  Gb  stm8l15x_it.o [1]
asc_hex                   0x009cbb    0xa  Code  Gb  uart.o [1]
asc_hex_2                 0x009b92   0x18  Code  Gb  uart.o [1]
atol                      0x00981a   0x4a  Code  Gb  key_and_Other.o [1]
ct_KeyDataTable           0x009c40   0x11  Data  Gb  key_and_Other.o [1]
dd_set_ADF7021_Power_on
                          0x0099a3   0x2a  Code  Gb  adf7012.o [1]
dd_set_ADF7021_Power_on_Init
                          0x00977d   0x50  Code  Gb  adf7012.o [1]
dd_set_TX_mode            0x009720   0x5d  Code  Gb  adf7012.o [1]
dd_write_7021_reg         0x009651   0x6f  Code  Gb  adf7012.o [1]
eeprom_sys_load           0x008ac6  0x161  Code  Gb  eeprom.o [1]
exit                      0x009cf0    0x3  Code  Gb  exit.o [4]
hex_asc                   0x009ca4    0xc  Code  Gb  uart.o [1]
key_Value                 0x00009f    0x2  Data  Gb  ram.o [1]
key_check                 0x008eff  0x12e  Code  Gb  key_and_Other.o [1]
m_ChatterCount            0x000089    0x2  Data  Gb  ram.o [1]
m_KeyCloseCount           0x0000b3    0x1  Data  Gb  ram.o [1]
m_KeyCount                0x0000b6    0x1  Data  Gb  ram.o [1]
m_KeyDupli1stTimer        0x00008d    0x2  Data  Gb  ram.o [1]
m_KeyDupliSetTimeout      0x00008f    0x2  Data  Gb  ram.o [1]
m_KeyNew                  0x0000ae    0x1  Data  Gb  ram.o [1]
m_KeyNo                   0x0000b1    0x1  Data  Gb  ram.o [1]
m_KeyOld                  0x0000b0    0x1  Data  Gb  ram.o [1]
m_KeyOpenCount            0x0000b2    0x1  Data  Gb  ram.o [1]
m_KeyOptSetMode           0x0000b4    0x1  Data  Gb  ram.o [1]
m_KindOfKey               0x0000af    0x1  Data  Gb  ram.o [1]
m_RFNormalBuf             0x000010   0x28  Data  Gb  ram.o [1]
m_RegDigit                0x0000b8    0x1  Data  Gb  ram.o [1]
m_RegID                   0x000068    0x9  Data  Gb  ram.o [1]
m_RegMode                 0x0000b7    0x1  Data  Gb  ram.o [1]
m_TimerKey                0x00008b    0x2  Data  Gb  ram.o [1]
m_TimerKeyMonitor         0x000093    0x2  Data  Gb  ram.o [1]
m_TimerRegMode            0x000095    0x2  Data  Gb  ram.o [1]
main                      0x0095c5   0x8c  Code  Gb  main.o [1]
rom_KeyOpt                0x0000b5    0x1  Data  Gb  ram.o [1]
test_mode_control         0x009144   0xf8  Code  Gb  key_and_Other.o [1]
time_control              0x009976   0x2d  Code  Gb  key_and_Other.o [1]
time_led                  0x000091    0x2  Data  Gb  ram.o [1]
txphase                   0x000081    0x2  Data  Gb  ram.o [1]
txphase_Repeat            0x0000a6    0x1  Data  Gb  ram.o [1]
txphase_end               0x000083    0x2  Data  Gb  ram.o [1]


[1] = F:\Source Code\bunka-s\Bunka STM8L051F3 TX Source\Bunka STM8L051F3 TX Source Ver2.0.1_One-button test(CPU 1MHz)\Debug\Obj
[2] = command line
[3] = dbgstm8ssd.a
[4] = dlstm8ssn.a

  7 272 bytes of readonly  code memory
    169 bytes of readonly  data memory
    444 bytes of readwrite data memory

Errors: none
Warnings: none
