###############################################################################
#
# IAR ELF Linker V2.20.1.176 for STM8                     01/Aug/2018  16:24:47
# Copyright 2010-2015 IAR Systems AB.
#
#    Output file  =  
#        F:\Source Code\bunka-s\Bunka STM8L051F3 TX Source\Bunka STM8L051F3 TX
#        Source Ver1.14\Debug\Exe\Bunka STM8S003F3 TX Source.out
#    Map file     =  
#        F:\Source Code\bunka-s\Bunka STM8L051F3 TX Source\Bunka STM8L051F3 TX
#        Source Ver1.14\Debug\List\Bunka STM8S003F3 TX Source.map
#    Command line =  
#        "F:\Source Code\bunka-s\Bunka STM8L051F3 TX Source\Bunka STM8L051F3 TX
#        Source Ver1.14\Debug\Obj\ad.o" "F:\Source Code\bunka-s\Bunka
#        STM8L051F3 TX Source\Bunka STM8L051F3 TX Source
#        Ver1.14\Debug\Obj\adf7012.o" "F:\Source Code\bunka-s\Bunka STM8L051F3
#        TX Source\Bunka STM8L051F3 TX Source Ver1.14\Debug\Obj\eeprom.o"
#        "F:\Source Code\bunka-s\Bunka STM8L051F3 TX Source\Bunka STM8L051F3 TX
#        Source Ver1.14\Debug\Obj\EXIT_FUN.o" "F:\Source Code\bunka-s\Bunka
#        STM8L051F3 TX Source\Bunka STM8L051F3 TX Source
#        Ver1.14\Debug\Obj\initial.o" "F:\Source Code\bunka-s\Bunka STM8L051F3
#        TX Source\Bunka STM8L051F3 TX Source
#        Ver1.14\Debug\Obj\key_and_Other.o" "F:\Source Code\bunka-s\Bunka
#        STM8L051F3 TX Source\Bunka STM8L051F3 TX Source
#        Ver1.14\Debug\Obj\main.o" "F:\Source Code\bunka-s\Bunka STM8L051F3 TX
#        Source\Bunka STM8L051F3 TX Source Ver1.14\Debug\Obj\ram.o" "F:\Source
#        Code\bunka-s\Bunka STM8L051F3 TX Source\Bunka STM8L051F3 TX Source
#        Ver1.14\Debug\Obj\stm8l15x_it.o" "F:\Source Code\bunka-s\Bunka
#        STM8L051F3 TX Source\Bunka STM8L051F3 TX Source
#        Ver1.14\Debug\Obj\Timer.o" "F:\Source Code\bunka-s\Bunka STM8L051F3 TX
#        Source\Bunka STM8L051F3 TX Source Ver1.14\Debug\Obj\uart.o" --redirect
#        _Printf=_PrintfFullNoMb --redirect _Scanf=_ScanfFullNoMb -o "F:\Source
#        Code\bunka-s\Bunka STM8L051F3 TX Source\Bunka STM8L051F3 TX Source
#        Ver1.14\Debug\Exe\Bunka STM8S003F3 TX Source.out" --map "F:\Source
#        Code\bunka-s\Bunka STM8L051F3 TX Source\Bunka STM8L051F3 TX Source
#        Ver1.14\Debug\List\Bunka STM8S003F3 TX Source.map" --config
#        "C:\Program Files (x86)\IAR Systems\Embedded Workbench
#        7.3\stm8\config\lnkstm8l151f3.icf" --config_def _CSTACK_SIZE=0x100
#        --config_def _HEAP_SIZE=0x100 --entry __iar_program_start --debug_lib
#
###############################################################################

*******************************************************************************
*** RUNTIME MODEL ATTRIBUTES
***

__SystemLibrary            = DLib
__code_model               = small
__core                     = stm8
__data_model               = small
__dlib_file_descriptor     = 0
__dlib_full_locale_support = 0
__rt_version               = 4


*******************************************************************************
*** PLACEMENT SUMMARY
***

"A1":  place at start of [0x000000-0x0000ff] { rw section .vregs };
"P1":  place in [from 0x000000 to 0x0000ff] {
          rw section .tiny.bss, rw section .tiny.data, rw section .tiny.noinit,
          rw section .tiny.rodata };
"A2":  place at end of [0x000000-0x0003ff] { block CSTACK };
"A3":  place at start of [0x008000-0x009fff] { block INTVEC };
"P3":  place in [from 0x008000 to 0x009fff] {
          ro section __DLIB_PERTHREAD_init, ro section .far.data_init,
          ro section .far_func.textrw_init, ro section .huge.data_init,
          ro section .huge_func.textrw_init, ro section .iar.init_table,
          ro section .init_array, ro section .near.data_init,
          ro section .near.rodata, ro section .near_func.text,
          ro section .near_func.textrw_init, ro section .tiny.data_init,
          ro section .tiny.rodata_init };

  Section          Kind      Address    Size  Object
  -------          ----      -------    ----  ------
"A1":                                   0x10
  .vregs           uninit   0x000000    0x10  vregs.o [4]
                          - 0x000010    0x10

"P1":                                   0xab
  .tiny.bss        zero     0x000010    0x28  ram.o [1]
  .tiny.bss        zero     0x000038    0x10  ram.o [1]
  .tiny.bss        zero     0x000048    0x10  ram.o [1]
  .tiny.bss        zero     0x000058    0x10  ram.o [1]
  .tiny.bss        zero     0x000068     0x9  ram.o [1]
  .tiny.bss        zero     0x000071     0x4  ram.o [1]
  .tiny.bss        zero     0x000075     0x4  ram.o [1]
  .tiny.bss        zero     0x000079     0x4  ram.o [1]
  .tiny.bss        zero     0x00007d     0x4  ram.o [1]
  .tiny.bss        zero     0x000081     0x2  ram.o [1]
  .tiny.bss        zero     0x000083     0x2  ram.o [1]
  .tiny.bss        zero     0x000085     0x2  ram.o [1]
  .tiny.bss        zero     0x000087     0x2  ram.o [1]
  .tiny.bss        zero     0x000089     0x2  ram.o [1]
  .tiny.bss        zero     0x00008b     0x2  ram.o [1]
  .tiny.bss        zero     0x00008d     0x2  ram.o [1]
  .tiny.bss        zero     0x00008f     0x2  ram.o [1]
  .tiny.bss        zero     0x000091     0x2  ram.o [1]
  .tiny.bss        zero     0x000093     0x2  ram.o [1]
  .tiny.bss        zero     0x000095     0x2  ram.o [1]
  .tiny.bss        zero     0x000097     0x2  ram.o [1]
  .tiny.bss        zero     0x000099     0x2  ram.o [1]
  .tiny.bss        zero     0x00009b     0x2  ram.o [1]
  .tiny.bss        zero     0x00009d     0x2  ram.o [1]
  .tiny.bss        zero     0x00009f     0x2  ram.o [1]
  .tiny.bss        zero     0x0000a1     0x1  ram.o [1]
  .tiny.bss        zero     0x0000a2     0x1  ram.o [1]
  .tiny.bss        zero     0x0000a3     0x1  ram.o [1]
  .tiny.bss        zero     0x0000a4     0x1  ram.o [1]
  .tiny.bss        zero     0x0000a5     0x1  ram.o [1]
  .tiny.bss        zero     0x0000a6     0x1  ram.o [1]
  .tiny.bss        zero     0x0000a7     0x1  ram.o [1]
  .tiny.bss        zero     0x0000a8     0x1  ram.o [1]
  .tiny.bss        zero     0x0000a9     0x1  ram.o [1]
  .tiny.bss        zero     0x0000aa     0x1  ram.o [1]
  .tiny.bss        zero     0x0000ab     0x1  ram.o [1]
  .tiny.bss        zero     0x0000ac     0x1  ram.o [1]
  .tiny.bss        zero     0x0000ad     0x1  ram.o [1]
  .tiny.bss        zero     0x0000ae     0x1  ram.o [1]
  .tiny.bss        zero     0x0000af     0x1  ram.o [1]
  .tiny.bss        zero     0x0000b0     0x1  ram.o [1]
  .tiny.bss        zero     0x0000b1     0x1  ram.o [1]
  .tiny.bss        zero     0x0000b2     0x1  ram.o [1]
  .tiny.bss        zero     0x0000b3     0x1  ram.o [1]
  .tiny.bss        zero     0x0000b4     0x1  ram.o [1]
  .tiny.bss        zero     0x0000b5     0x1  ram.o [1]
  .tiny.bss        zero     0x0000b6     0x1  ram.o [1]
  .tiny.bss        zero     0x0000b7     0x1  ram.o [1]
  .tiny.bss        zero     0x0000b8     0x1  ram.o [1]
  .tiny.bss        zero     0x0000b9     0x1  ram.o [1]
  .tiny.bss        zero     0x0000ba     0x1  ram.o [1]
                          - 0x0000bb    0xab

"A2":                                  0x100
  CSTACK                    0x000300   0x100  <Block>
    CSTACK         uninit   0x000300   0x100  <Block tail>
                          - 0x000400   0x100

Absolute sections, part 1 of 21:         0x4
  .near.noinit     uninit   0x005000     0x1  initial.o [1]
  .near.noinit     uninit   0x005001     0x1  key_and_Other.o [1]
  .near.noinit     uninit   0x005002     0x1  initial.o [1]
  .near.noinit     uninit   0x005003     0x1  initial.o [1]
                          - 0x005004     0x4

Absolute sections, part 2 of 21:         0x9
  .near.noinit     uninit   0x005005     0x1  main.o [1]
  .near.noinit     uninit   0x005006     0x1  key_and_Other.o [1]
  .near.noinit     uninit   0x005007     0x1  initial.o [1]
  .near.noinit     uninit   0x005008     0x1  initial.o [1]
  .near.noinit     uninit   0x005009     0x1  EXIT_FUN.o [1]
  .near.noinit     uninit   0x00500a     0x1  main.o [1]
  .near.noinit     uninit   0x00500b     0x1  main.o [1]
  .near.noinit     uninit   0x00500c     0x1  initial.o [1]
  .near.noinit     uninit   0x00500d     0x1  initial.o [1]
                          - 0x00500e     0x9

Absolute sections, part 3 of 21:         0x3
  .near.noinit     uninit   0x005010     0x1  key_and_Other.o [1]
  .near.noinit     uninit   0x005011     0x1  initial.o [1]
  .near.noinit     uninit   0x005012     0x1  initial.o [1]
                          - 0x005013     0x3

Absolute sections, part 4 of 21:         0x2
  .near.noinit     uninit   0x005050     0x1  eeprom.o [1]
  .near.noinit     uninit   0x005051     0x1  eeprom.o [1]
                          - 0x005052     0x2

Absolute sections, part 5 of 21:         0x2
  .near.noinit     uninit   0x005053     0x1  eeprom.o [1]
  .near.noinit     uninit   0x005054     0x1  eeprom.o [1]
                          - 0x005055     0x2

Absolute sections, part 6 of 21:         0x1
  .near.noinit     uninit   0x0050a1     0x1  EXIT_FUN.o [1]
                          - 0x0050a2     0x1

Absolute sections, part 7 of 21:         0x1
  .near.noinit     uninit   0x0050a3     0x1  EXIT_FUN.o [1]
                          - 0x0050a4     0x1

Absolute sections, part 8 of 21:         0x1
  .near.noinit     uninit   0x0050c0     0x1  initial.o [1]
                          - 0x0050c1     0x1

Absolute sections, part 9 of 21:         0x3
  .near.noinit     uninit   0x0050c2     0x1  initial.o [1]
  .near.noinit     uninit   0x0050c3     0x1  initial.o [1]
  .near.noinit     uninit   0x0050c4     0x1  initial.o [1]
                          - 0x0050c5     0x3

Absolute sections, part 10 of 21:        0x2
  .near.noinit     uninit   0x0050c8     0x1  initial.o [1]
  .near.noinit     uninit   0x0050c9     0x1  initial.o [1]
                          - 0x0050ca     0x2

Absolute sections, part 11 of 21:        0x1
  .near.noinit     uninit   0x0050cb     0x1  initial.o [1]
                          - 0x0050cc     0x1

Absolute sections, part 12 of 21:        0x3
  .near.noinit     uninit   0x0050e0     0x1  initial.o [1]
  .near.noinit     uninit   0x0050e1     0x1  initial.o [1]
  .near.noinit     uninit   0x0050e2     0x1  initial.o [1]
                          - 0x0050e3     0x3

Absolute sections, part 13 of 21:        0x1
  .near.noinit     uninit   0x0050f3     0x1  key_and_Other.o [1]
                          - 0x0050f4     0x1

Absolute sections, part 14 of 21:        0x9
  .near.noinit     uninit   0x005230     0x1  uart.o [1]
  .near.noinit     uninit   0x005231     0x1  uart.o [1]
  .near.noinit     uninit   0x005232     0x1  uart.o [1]
  .near.noinit     uninit   0x005233     0x1  uart.o [1]
  .near.noinit     uninit   0x005234     0x1  uart.o [1]
  .near.noinit     uninit   0x005235     0x1  uart.o [1]
  .near.noinit     uninit   0x005236     0x1  uart.o [1]
  .near.noinit     uninit   0x005237     0x1  uart.o [1]
  .near.noinit     uninit   0x005238     0x1  uart.o [1]
                          - 0x005239     0x9

Absolute sections, part 15 of 21:        0x1
  .near.noinit     uninit   0x0052e0     0x1  Timer.o [1]
                          - 0x0052e1     0x1

Absolute sections, part 16 of 21:        0x2
  .near.noinit     uninit   0x0052e4     0x1  Timer.o [1]
  .near.noinit     uninit   0x0052e5     0x1  Timer.o [1]
                          - 0x0052e6     0x2

Absolute sections, part 17 of 21:        0x2
  .near.noinit     uninit   0x0052e8     0x1  Timer.o [1]
  .near.noinit     uninit   0x0052e9     0x1  Timer.o [1]
                          - 0x0052ea     0x2

Absolute sections, part 18 of 21:        0x1
  .near.noinit     uninit   0x005340     0x1  ad.o [1]
                          - 0x005341     0x1

Absolute sections, part 19 of 21:        0x4
  .near.noinit     uninit   0x005342     0x1  ad.o [1]
  .near.noinit     uninit   0x005343     0x1  ad.o [1]
  .near.noinit     uninit   0x005344     0x1  ad.o [1]
  .near.noinit     uninit   0x005345     0x1  ad.o [1]
                          - 0x005346     0x4

Absolute sections, part 20 of 21:        0x1
  .near.noinit     uninit   0x00534a     0x1  ad.o [1]
                          - 0x00534b     0x1

Absolute sections, part 21 of 21:        0x1
  .near.noinit     uninit   0x00534e     0x1  ad.o [1]
                          - 0x00534f     0x1

"A3":                                   0x80
  INTVEC                    0x008000    0x80  <Block>
    .intvec        const    0x008000    0x80  interrupt.o [4]
                          - 0x008080    0x80

"P3":                                 0x1c76
  .near_func.text  ro code  0x008080   0x9e8  key_and_Other.o [1]
  .near_func.text  ro code  0x008a68   0x2cd  uart.o [1]
  .near_func.text  ro code  0x008d35   0x1a3  long.o [4]
  .near_func.text  ro code  0x008ed8   0x187  eeprom.o [1]
  .near_func.text  ro code  0x00905f   0x13c  key_and_Other.o [1]
  .near_func.text  ro code  0x00919b   0x135  EXIT_FUN.o [1]
  .near_func.text  ro code  0x0092d0   0x104  key_and_Other.o [1]
  .near_func.text  ro code  0x0093d4    0xb1  vreg_util.o [4]
  .near_func.text  ro code  0x009485    0xaa  EXIT_FUN.o [1]
  .near_func.text  ro code  0x00952f    0xa1  ad.o [1]
  .near_func.text  ro code  0x0095d0    0xa1  initial.o [1]
  .near_func.text  ro code  0x009671    0x8c  main.o [1]
  .near_func.text  ro code  0x0096fd    0x6d  adf7012.o [1]
  .near_func.text  ro code  0x00976a    0x60  EXIT_FUN.o [1]
  .near_func.text  ro code  0x0097ca    0x5d  adf7012.o [1]
  .near_func.text  ro code  0x009827    0x50  adf7012.o [1]
  .near_func.text  ro code  0x009877    0x4c  uart.o [1]
  .near_func.text  ro code  0x0098c3    0x47  long_util.o [4]
  .near_func.text  ro code  0x00990a    0x3d  ad.o [1]
  .near_func.text  ro code  0x009947    0x32  EXIT_FUN.o [1]
  .near_func.text  ro code  0x009979    0x2e  initial.o [1]
  .near_func.text  ro code  0x0099a7    0x2a  adf7012.o [1]
  .near_func.text  ro code  0x0099d1    0x27  initial.o [1]
  .near_func.text  ro code  0x0099f8    0x25  dc_util.o [4]
  .near_func.text  ro code  0x009a1d    0x23  key_and_Other.o [1]
  .near_func.text  ro code  0x009a40    0x21  initial.o [1]
  .iar.init_table  const    0x009a61     0x8  - Linker created -
  .near_func.text  ro code  0x009a69    0x1f  move.o [4]
  .near_func.text  ro code  0x009a88    0x1e  short.o [4]
  .near_func.text  ro code  0x009aa6    0x1e  init_small.o [4]
  .near_func.text  ro code  0x009ac4    0x1d  Timer.o [1]
  .near_func.text  ro code  0x009ae1    0x1d  uart.o [1]
  .near_func.text  ro code  0x009afe    0x1d  uart.o [1]
  .near_func.text  ro code  0x009b1b    0x1d  uart.o [1]
  .near_func.text  ro code  0x009b38    0x1b  uart.o [1]
  .near_func.text  ro code  0x009b53    0x1a  key_and_Other.o [1]
  .near_func.text  ro code  0x009b6d    0x18  uart.o [1]
  .near_func.text  ro code  0x009b85    0x17  init.o [4]
  .near_func.text  ro code  0x009b9c    0x16  stm8l15x_it.o [1]
  .near_func.text  ro code  0x009bb2    0x16  stm8l15x_it.o [1]
  .near_func.text  ro code  0x009bc8    0x16  stm8l15x_it.o [1]
  .near_func.text  ro code  0x009bde    0x16  stm8l15x_it.o [1]
  .near_func.text  ro code  0x009bf4    0x15  eeprom.o [1]
  .near_func.text  ro code  0x009c09    0x14  initial.o [1]
  .near_func.text  ro code  0x009c1d    0x14  __dbg_xxexit.o [3]
  .near_func.text  ro code  0x009c31    0x13  cstartup.o [4]
  .near_func.text  ro code  0x009c44    0x12  uart.o [1]
  .near.rodata     const    0x009c56    0x11  key_and_Other.o [1]
  .near_func.text  ro code  0x009c67    0x11  eeprom.o [1]
  .near_func.text  ro code  0x009c78    0x11  initial.o [1]
  .near_func.text  ro code  0x009c89    0x11  Timer.o [1]
  .near.rodata     const    0x009c9a    0x10  ram.o [1]
  .near_func.text  ro code  0x009caa     0x9  EXIT_FUN.o [1]
  .near_func.text  ro code  0x009cb3     0x9  initial.o [1]
  .near_func.text  ro code  0x009cbc     0x6  char.o [4]
  .near_func.text  ro code  0x009cc2     0x5  initial.o [1]
  .near_func.text  ro code  0x009cc7     0x5  cexit.o [4]
  .near_func.text  ro code  0x009ccc     0x3  key_and_Other.o [1]
  .near_func.text  ro code  0x009ccf     0x3  interrupt.o [4]
  .near_func.text  ro code  0x009cd2     0x3  low_level_init.o [4]
  .near_func.text  ro code  0x009cd5     0x3  exit.o [4]
  .near_func.text  ro code  0x009cd8     0x3  unhandled_exception.o [4]
  .near_func.text  ro code  0x009cdb     0x1  stm8l15x_it.o [1]
  .near_func.text  ro code  0x009cdc     0x1  stm8l15x_it.o [1]
  .near_func.text  ro code  0x009cdd     0x1  stm8l15x_it.o [1]
  .near_func.text  ro code  0x009cde     0x1  stm8l15x_it.o [1]
  .near_func.text  ro code  0x009cdf     0x1  stm8l15x_it.o [1]
  .near_func.text  ro code  0x009ce0     0x1  stm8l15x_it.o [1]
  .near_func.text  ro code  0x009ce1     0x1  stm8l15x_it.o [1]
  .near_func.text  ro code  0x009ce2     0x1  stm8l15x_it.o [1]
  .near_func.text  ro code  0x009ce3     0x1  stm8l15x_it.o [1]
  .near_func.text  ro code  0x009ce4     0x1  stm8l15x_it.o [1]
  .near_func.text  ro code  0x009ce5     0x1  stm8l15x_it.o [1]
  .near_func.text  ro code  0x009ce6     0x1  stm8l15x_it.o [1]
  .near_func.text  ro code  0x009ce7     0x1  stm8l15x_it.o [1]
  .near_func.text  ro code  0x009ce8     0x1  stm8l15x_it.o [1]
  .near_func.text  ro code  0x009ce9     0x1  stm8l15x_it.o [1]
  .near_func.text  ro code  0x009cea     0x1  stm8l15x_it.o [1]
  .near_func.text  ro code  0x009ceb     0x1  stm8l15x_it.o [1]
  .near_func.text  ro code  0x009cec     0x1  stm8l15x_it.o [1]
  .near_func.text  ro code  0x009ced     0x1  stm8l15x_it.o [1]
  .near_func.text  ro code  0x009cee     0x1  stm8l15x_it.o [1]
  .near_func.text  ro code  0x009cef     0x1  stm8l15x_it.o [1]
  .near_func.text  ro code  0x009cf0     0x1  stm8l15x_it.o [1]
  .near_func.text  ro code  0x009cf1     0x1  stm8l15x_it.o [1]
  .near_func.text  ro code  0x009cf2     0x1  stm8l15x_it.o [1]
  .near_func.text  ro code  0x009cf3     0x1  stm8l15x_it.o [1]
  .near_func.text  ro code  0x009cf4     0x1  stm8l15x_it.o [1]
  .near_func.text  ro code  0x009cf5     0x1  __dbg_break.o [3]
                          - 0x009cf6  0x1c76


*******************************************************************************
*** INIT TABLE
***

          Address   Size
          -------   ----
Zero (__iar_zero_init2)
    1 destination range, total size 0xab:
          0x000010  0xab



*******************************************************************************
*** MODULE SUMMARY
***

    Module                 ro code  ro data  rw data  rw data
                                                       (abs)
    ------                 -------  -------  -------  -------
F:\Source Code\bunka-s\Bunka STM8L051F3 TX Source\Bunka STM8L051F3 TX Source Ver1.14\Debug\Obj: [1]
    EXIT_FUN.o                 634                          3
    Timer.o                     46                          5
    ad.o                       222                          7
    adf7012.o                  324
    eeprom.o                   429                          4
    initial.o                  330                         19
    key_and_Other.o          3 176       17                 4
    main.o                     140                          3
    ram.o                                16      171
    stm8l15x_it.o              114
    uart.o                     949                          9
    ---------------------------------------------------------
    Total:                   6 364       33      171       54

command line: [2]
    ---------------------------------------------------------
    Total:

dbgstm8ssd.a: [3]
    __dbg_break.o                1
    __dbg_xxexit.o              20
    ---------------------------------------------------------
    Total:                      21

dlstm8ssn.a: [4]
    cexit.o                      5
    char.o                       6
    cstartup.o                  19
    dc_util.o                   37
    exit.o                       3
    init.o                      23
    init_small.o                30
    interrupt.o                  3      128
    long.o                     419
    long_util.o                 71
    low_level_init.o             3
    move.o                      31
    short.o                     30
    unhandled_exception.o        3
    vreg_util.o                177
    vregs.o                                       16
    ---------------------------------------------------------
    Total:                     860      128       16

    Linker created                        8      256
-------------------------------------------------------------
    Grand Total:             7 245      169      443       54


*******************************************************************************
*** ENTRY LIST
***

Entry                    Address   Size  Type      Object
-----                    -------   ----  ----      ------
.iar.init_table$$Base   0x009a61          --   Gb  - Linker created -
.iar.init_table$$Limit  0x009a69          --   Gb  - Linker created -
?add32_l0_l0_0x         0x008d38         Code  Gb  long.o [4]
?add32_l0_l0_l1         0x008d35         Code  Gb  long.o [4]
?and32_l0_l0_0x         0x008eb5         Code  Gb  long.o [4]
?and32_l0_l0_l1         0x008eb2         Code  Gb  long.o [4]
?b0                     0x000000         Data  Gb  vregs.o [4]
?b1                     0x000001         Data  Gb  vregs.o [4]
?b10                    0x00000a         Data  Gb  vregs.o [4]
?b11                    0x00000b         Data  Gb  vregs.o [4]
?b12                    0x00000c         Data  Gb  vregs.o [4]
?b13                    0x00000d         Data  Gb  vregs.o [4]
?b14                    0x00000e         Data  Gb  vregs.o [4]
?b15                    0x00000f         Data  Gb  vregs.o [4]
?b2                     0x000002         Data  Gb  vregs.o [4]
?b3                     0x000003         Data  Gb  vregs.o [4]
?b4                     0x000004         Data  Gb  vregs.o [4]
?b5                     0x000005         Data  Gb  vregs.o [4]
?b6                     0x000006         Data  Gb  vregs.o [4]
?b7                     0x000007         Data  Gb  vregs.o [4]
?b8                     0x000008         Data  Gb  vregs.o [4]
?b9                     0x000009         Data  Gb  vregs.o [4]
?dc32_l0                0x0099f8         Code  Gb  dc_util.o [4]
?dc32_l1                0x009a05         Code  Gb  dc_util.o [4]
?dc32_px                0x009a12         Code  Gb  dc_util.o [4]
?e0                     0x000001         Data  Gb  vregs.o [4]
?e1                     0x000005         Data  Gb  vregs.o [4]
?e2                     0x000009         Data  Gb  vregs.o [4]
?e3                     0x00000d         Data  Gb  vregs.o [4]
?epilogue_l2_w6         0x009471         Code  Gb  vreg_util.o [4]
?l0                     0x000000         Data  Gb  vregs.o [4]
?l1                     0x000004         Data  Gb  vregs.o [4]
?l2                     0x000008         Data  Gb  vregs.o [4]
?l3                     0x00000c         Data  Gb  vregs.o [4]
?load32_0x_l0           0x0098fc         Code  Gb  long_util.o [4]
?load32_asp_l0          0x0098f0         Code  Gb  long_util.o [4]
?load32_dbsp_l0         0x0098eb         Code  Gb  long_util.o [4]
?load32_l0_0x           0x0098d3         Code  Gb  long_util.o [4]
?load32_l0_asp          0x0098c8         Code  Gb  long_util.o [4]
?load32_l0_dbsp         0x0098c3         Code  Gb  long_util.o [4]
?load32_l0_xsp          0x0098ca         Code  Gb  long_util.o [4]
?load32_l1_0x           0x0098df         Code  Gb  long_util.o [4]
?load32_xsp_l0          0x0098f2         Code  Gb  long_util.o [4]
?longfarg16_v_w0_a      0x009a76         Code  Gb  move.o [4]
?longfarg16_v_w0_x      0x009a78         Code  Gb  move.o [4]
?mov_e1_e3              0x00947b         Code  Gb  vreg_util.o [4]
?mov_l1_l3              0x009478         Code  Gb  vreg_util.o [4]
?mov_w3_w7              0x00947e         Code  Gb  vreg_util.o [4]
?move1616_v_x_y_a       0x009a69         Code  Gb  move.o [4]
?mul16_x_x_w0           0x009a88         Code  Gb  short.o [4]
?mul32_l0_l0_0x         0x008d70         Code  Gb  long.o [4]
?mul32_l0_l0_dl         0x008d6d         Code  Gb  long.o [4]
?mul32_l0_l0_l1         0x008d79         Code  Gb  long.o [4]
?pop_l0                 0x00943d         Code  Gb  vreg_util.o [4]
?pop_l1                 0x009448         Code  Gb  vreg_util.o [4]
?pop_l2                 0x009453         Code  Gb  vreg_util.o [4]
?pop_l3                 0x00945e         Code  Gb  vreg_util.o [4]
?pop_w5                 0x0093f6         Code  Gb  vreg_util.o [4]
?pop_w6                 0x0093fd         Code  Gb  vreg_util.o [4]
?push_l0                0x00940c         Code  Gb  vreg_util.o [4]
?push_l1                0x009411         Code  Gb  vreg_util.o [4]
?push_l2                0x009416         Code  Gb  vreg_util.o [4]
?push_l3                0x00941b         Code  Gb  vreg_util.o [4]
?push_w4                0x0093d4         Code  Gb  vreg_util.o [4]
?push_w5                0x0093d9         Code  Gb  vreg_util.o [4]
?push_w6                0x0093de         Code  Gb  vreg_util.o [4]
?sdiv32_l0_dl_l1        0x008e67         Code  Gb  long.o [4]
?sdiv32_l0_l0_l1        0x008e6c         Code  Gb  long.o [4]
?sext32_l0_x            0x008ecd         Code  Gb  long.o [4]
?smod32_l1_l0_l1        0x008e6c         Code  Gb  long.o [4]
?srl8_a_a_5             0x009cbd         Code  Gb  char.o [4]
?srl8_a_a_6             0x009cbc         Code  Gb  char.o [4]
?sub32_l0_l0_0x         0x008d55         Code  Gb  long.o [4]
?sub32_l0_l0_dl         0x008d50         Code  Gb  long.o [4]
?udiv32_l0_l0_dl        0x008df7         Code  Gb  long.o [4]
?udiv32_l0_l0_l1        0x008dfa         Code  Gb  long.o [4]
?umod32_l1_l0_l1        0x008dfa         Code  Gb  long.o [4]
?w0                     0x000000         Data  Gb  vregs.o [4]
?w1                     0x000002         Data  Gb  vregs.o [4]
?w2                     0x000004         Data  Gb  vregs.o [4]
?w3                     0x000006         Data  Gb  vregs.o [4]
?w4                     0x000008         Data  Gb  vregs.o [4]
?w5                     0x00000a         Data  Gb  vregs.o [4]
?w6                     0x00000c         Data  Gb  vregs.o [4]
?w7                     0x00000e         Data  Gb  vregs.o [4]
ADC1_COMP_IRQHandler    0x009bb2   0x16  Code  Gb  stm8l15x_it.o [1]
ADC2_EOC_INT            0x009556   0x7a  Code  Gb  ad.o [1]
AD_DATA_BUFF            0x000097    0x2  Data  Gb  ram.o [1]
AD_control              0x00990a   0x3d  Code  Gb  ad.o [1]
BASE_TIME_BEEP_off      0x0000a9    0x1  Data  Gb  ram.o [1]
BASE_TIME_BEEP_on       0x000087    0x2  Data  Gb  ram.o [1]
BAT_Voltage_value       0x00007d    0x4  Data  Gb  ram.o [1]
BAT_out                 0x0000ba    0x1  Data  Gb  ram.o [1]
CLK_SWR                 0x0050c8    0x1  Data  Gb  initial.o [1]
CSTACK$$Base            0x000300          --   Gb  - Linker created -
CSTACK$$Limit           0x000400          --   Gb  - Linker created -
ClearWDT                0x009cc2    0x5  Code  Gb  initial.o [1]
Control_code            0x0000a5    0x1  Data  Gb  ram.o [1]
DMA1_CHANNEL0_1_IRQHandler
                        0x009cdd    0x1  Code  Gb  stm8l15x_it.o [1]
DMA1_CHANNEL2_3_IRQHandler
                        0x009cde    0x1  Code  Gb  stm8l15x_it.o [1]
Default_adf7012_value   0x009c9a   0x10  Data  Gb  ram.o [1]
Delayus                 0x009c09   0x14  Code  Gb  initial.o [1]
EXIT_init               0x009caa    0x9  Code  Gb  EXIT_FUN.o [1]
EXTI0_IRQHandler        0x009ce3    0x1  Code  Gb  stm8l15x_it.o [1]
EXTI1_IRQHandler        0x009ce4    0x1  Code  Gb  stm8l15x_it.o [1]
EXTI2_IRQHandler        0x009ce5    0x1  Code  Gb  stm8l15x_it.o [1]
EXTI3_IRQHandler        0x009ce6    0x1  Code  Gb  stm8l15x_it.o [1]
EXTI4_IRQHandler        0x009b9c   0x16  Code  Gb  stm8l15x_it.o [1]
EXTI5_IRQHandler        0x009ce7    0x1  Code  Gb  stm8l15x_it.o [1]
EXTI6_IRQHandler        0x009ce8    0x1  Code  Gb  stm8l15x_it.o [1]
EXTI7_IRQHandler        0x009ce9    0x1  Code  Gb  stm8l15x_it.o [1]
EXTIB_G_IRQHandler      0x009ce1    0x1  Code  Gb  stm8l15x_it.o [1]
EXTID_H_IRQHandler      0x009ce2    0x1  Code  Gb  stm8l15x_it.o [1]
EXTIE_F_PVD_IRQHandler  0x009ce0    0x1  Code  Gb  stm8l15x_it.o [1]
EXTI_PORTA1             0x00976a   0x60  Code  Gb  EXIT_FUN.o [1]
FLASH_DUKR              0x005053    0x1  Data  Gb  eeprom.o [1]
FLASH_IRQHandler        0x009cdc    0x1  Code  Gb  stm8l15x_it.o [1]
I2C1_SPI2_IRQHandler    0x009cf4    0x1  Code  Gb  stm8l15x_it.o [1]
ID_INT_CODE             0x0000a7    0x1  Data  Gb  ram.o [1]
ID_data                 0x000071    0x4  Data  Gb  ram.o [1]
ID_data_add             0x000075    0x4  Data  Gb  ram.o [1]
INTVEC$$Base            0x008000          --   Gb  - Linker created -
INTVEC$$Limit           0x008080          --   Gb  - Linker created -
IWDG_RLR                0x0050e2    0x1  Data  Gb  initial.o [1]
InitialFlashReg         0x009c67   0x11  Code  Gb  eeprom.o [1]
KeyOpt_EEPROM_write     0x009048   0x17  Code  Gb  eeprom.o [1]
LCD_AES_IRQHandler      0x009cea    0x1  Code  Gb  stm8l15x_it.o [1]
LockFlash               0x008ed8    0xd  Code  Gb  eeprom.o [1]
PC_PRG                  0x008a68  0x2cd  Code  Gb  uart.o [1]
RAM_BAT_AVG             0x000099    0x2  Data  Gb  ram.o [1]
RAM_BAT_CNT             0x0000b9    0x1  Data  Gb  ram.o [1]
RAM_BAT_SUM             0x000079    0x4  Data  Gb  ram.o [1]
RAM_OP1                 0x0000a1    0x1  Data  Gb  ram.o [1]
RAM_OP2                 0x0000a2    0x1  Data  Gb  ram.o [1]
RAM_RegSW               0x0000a3    0x1  Data  Gb  ram.o [1]
RAM_SW                  0x0000a4    0x1  Data  Gb  ram.o [1]
RAM_clean               0x009cb3    0x9  Code  Gb  initial.o [1]
ROM_adf7012_value       0x000058   0x10  Data  Gb  ram.o [1]
RTC_CSSLSE_IRQHandler   0x009cdf    0x1  Code  Gb  stm8l15x_it.o [1]
ReadByteEEPROM          0x008ee5    0x5  Code  Gb  eeprom.o [1]
Region$$Table$$Base     0x009a61          --   Gb  - Linker created -
Region$$Table$$Limit    0x009a69          --   Gb  - Linker created -
SIO_DATA                0x000048   0x10  Data  Gb  ram.o [1]
SIO_buff                0x000038   0x10  Data  Gb  ram.o [1]
SIO_cnt                 0x0000ad    0x1  Data  Gb  ram.o [1]
SPI1_IRQHandler         0x009cf2    0x1  Code  Gb  stm8l15x_it.o [1]
START_AD_SAMPLER        0x00952f   0x27  Code  Gb  ad.o [1]
SWITCH_CSS_BREAK_DAC_IRQHandler
                        0x009ceb    0x1  Code  Gb  stm8l15x_it.o [1]
SendTxData              0x009485   0xaa  Code  Gb  EXIT_FUN.o [1]
Send_char               0x009b1b   0x1d  Code  Gb  uart.o [1]
SetFixedLengthCode      0x009947   0x32  Code  Gb  EXIT_FUN.o [1]
SetTxData               0x00919b  0x135  Code  Gb  EXIT_FUN.o [1]
SysClock_Init           0x009979   0x2e  Code  Gb  initial.o [1]
TB_100ms                0x0000ab    0x1  Data  Gb  ram.o [1]
TB_5s                   0x0000ac    0x1  Data  Gb  ram.o [1]
TIM1_CC_IRQHandler      0x009cf1    0x1  Code  Gb  stm8l15x_it.o [1]
TIM1_UPD_OVF_TRG_COM_IRQHandler
                        0x009cf0    0x1  Code  Gb  stm8l15x_it.o [1]
TIM2_CC_USART2_RX_IRQHandler
                        0x009ced    0x1  Code  Gb  stm8l15x_it.o [1]
TIM2_UPD_OVF_TRG_BRK_USART2_TX_IRQHandler
                        0x009cec    0x1  Code  Gb  stm8l15x_it.o [1]
TIM3_CC_USART3_RX_IRQHandler
                        0x009cef    0x1  Code  Gb  stm8l15x_it.o [1]
TIM3_UPD_OVF_TRG_BRK_USART3_TX_IRQHandler
                        0x009cee    0x1  Code  Gb  stm8l15x_it.o [1]
TIM4_Init               0x009c89   0x11  Code  Gb  Timer.o [1]
TIM4_UPD_OVF            0x009ac4   0x1d  Code  Gb  Timer.o [1]
TIM4_UPD_OVF_TRG_IRQHandler
                        0x009bc8   0x16  Code  Gb  stm8l15x_it.o [1]
TIME_10s                0x00009d    0x2  Data  Gb  ram.o [1]
TIME_BEEP_freq          0x0000aa    0x1  Data  Gb  ram.o [1]
TIME_BEEP_off           0x0000a8    0x1  Data  Gb  ram.o [1]
TIME_BEEP_on            0x000085    0x2  Data  Gb  ram.o [1]
TIME_Once_twice_switch  0x00009b    0x2  Data  Gb  ram.o [1]
TRAP_IRQHandler         0x009cdb    0x1  Code  Gb  stm8l15x_it.o [1]
UART1_INIT              0x009ae1   0x1d  Code  Gb  uart.o [1]
UART1_RX_RXNE           0x009877   0x4c  Code  Gb  uart.o [1]
UART1_end               0x009afe   0x1d  Code  Gb  uart.o [1]
USART1_DR               0x005231    0x1  Data  Gb  uart.o [1]
USART1_RX_TIM5_CC_IRQHandler
                        0x009bde   0x16  Code  Gb  stm8l15x_it.o [1]
USART1_TX_TIM5_UPD_OVF_TRG_BRK_IRQHandler
                        0x009cf3    0x1  Code  Gb  stm8l15x_it.o [1]
UnlockFlash             0x009bf4   0x15  Code  Gb  eeprom.o [1]
VHF_GPIO_INIT           0x0095d0   0xa1  Code  Gb  initial.o [1]
WDT_init                0x009c78   0x11  Code  Gb  initial.o [1]
WriteByteToFLASH        0x008eea    0x5  Code  Gb  eeprom.o [1]
_A_ADC1_CR1             0x005340    0x1  Data  Gb  ad.o [1]
_A_ADC1_CR3             0x005342    0x1  Data  Gb  ad.o [1]
_A_ADC1_DRH             0x005344    0x1  Data  Gb  ad.o [1]
_A_ADC1_DRL             0x005345    0x1  Data  Gb  ad.o [1]
_A_ADC1_SQR1            0x00534a    0x1  Data  Gb  ad.o [1]
_A_ADC1_SR              0x005343    0x1  Data  Gb  ad.o [1]
_A_ADC1_TRIGR1          0x00534e    0x1  Data  Gb  ad.o [1]
_A_BEEP_CSR2            0x0050f3    0x1  Data  Gb  key_and_Other.o [1]
_A_CLK_CBEEPR           0x0050cb    0x1  Data  Gb  initial.o [1]
_A_CLK_CKDIVR           0x0050c0    0x1  Data  Gb  initial.o [1]
_A_CLK_ICKCR            0x0050c2    0x1  Data  Gb  initial.o [1]
_A_CLK_PCKENR1          0x0050c3    0x1  Data  Gb  initial.o [1]
_A_CLK_PCKENR2          0x0050c4    0x1  Data  Gb  initial.o [1]
_A_CLK_SWCR             0x0050c9    0x1  Data  Gb  initial.o [1]
_A_EXTI_CR2             0x0050a1    0x1  Data  Gb  EXIT_FUN.o [1]
_A_EXTI_SR1             0x0050a3    0x1  Data  Gb  EXIT_FUN.o [1]
_A_FLASH_CR1            0x005050    0x1  Data  Gb  eeprom.o [1]
_A_FLASH_CR2            0x005051    0x1  Data  Gb  eeprom.o [1]
_A_FLASH_IAPSR          0x005054    0x1  Data  Gb  eeprom.o [1]
_A_IWDG_KR              0x0050e0    0x1  Data  Gb  initial.o [1]
_A_IWDG_PR              0x0050e1    0x1  Data  Gb  initial.o [1]
_A_PA_CR1               0x005003    0x1  Data  Gb  initial.o [1]
_A_PA_DDR               0x005002    0x1  Data  Gb  initial.o [1]
_A_PA_IDR               0x005001    0x1  Data  Gb  key_and_Other.o [1]
_A_PA_ODR               0x005000    0x1  Data  Gb  initial.o [1]
_A_PB_CR1               0x005008    0x1  Data  Gb  initial.o [1]
_A_PB_CR2               0x005009    0x1  Data  Gb  EXIT_FUN.o [1]
_A_PB_DDR               0x005007    0x1  Data  Gb  initial.o [1]
_A_PB_IDR               0x005006    0x1  Data  Gb  key_and_Other.o [1]
_A_PB_ODR               0x005005    0x1  Data  Gb  main.o [1]
_A_PC_CR1               0x00500d    0x1  Data  Gb  initial.o [1]
_A_PC_DDR               0x00500c    0x1  Data  Gb  initial.o [1]
_A_PC_IDR               0x00500b    0x1  Data  Gb  main.o [1]
_A_PC_ODR               0x00500a    0x1  Data  Gb  main.o [1]
_A_PD_CR1               0x005012    0x1  Data  Gb  initial.o [1]
_A_PD_DDR               0x005011    0x1  Data  Gb  initial.o [1]
_A_PD_IDR               0x005010    0x1  Data  Gb  key_and_Other.o [1]
_A_TIM4_ARR             0x0052e9    0x1  Data  Gb  Timer.o [1]
_A_TIM4_CR1             0x0052e0    0x1  Data  Gb  Timer.o [1]
_A_TIM4_IER             0x0052e4    0x1  Data  Gb  Timer.o [1]
_A_TIM4_PSCR            0x0052e8    0x1  Data  Gb  Timer.o [1]
_A_TIM4_SR1             0x0052e5    0x1  Data  Gb  Timer.o [1]
_A_USART1_BRR1          0x005232    0x1  Data  Gb  uart.o [1]
_A_USART1_BRR2          0x005233    0x1  Data  Gb  uart.o [1]
_A_USART1_CR1           0x005234    0x1  Data  Gb  uart.o [1]
_A_USART1_CR2           0x005235    0x1  Data  Gb  uart.o [1]
_A_USART1_CR3           0x005236    0x1  Data  Gb  uart.o [1]
_A_USART1_CR4           0x005237    0x1  Data  Gb  uart.o [1]
_A_USART1_CR5           0x005238    0x1  Data  Gb  uart.o [1]
_A_USART1_SR            0x005230    0x1  Data  Gb  uart.o [1]
_ClearSpecialMultiKeyState
                        0x008569   0x15  Code  Gb  key_and_Other.o [1]
_DupliFuncClear         0x008080   0x14  Code  Gb  key_and_Other.o [1]
_DupliFuncSetMode       0x0080b1  0x244  Code  Gb  key_and_Other.o [1]
_FuncAutoTxStart        0x00859f    0x1  Code  Gb  key_and_Other.o [1]
_FuncAutoTxStop         0x00859e    0x1  Code  Gb  key_and_Other.o [1]
_FuncCloseReg           0x0085ee   0x35  Code  Gb  key_and_Other.o [1]
_FuncNoPush             0x00857e   0x20  Code  Gb  key_and_Other.o [1]
_FuncOpenReg            0x008656   0x38  Code  Gb  key_and_Other.o [1]
_FuncOpenStop           0x00868e   0x1a  Code  Gb  key_and_Other.o [1]
_FuncReg                0x008818   0x80  Code  Gb  key_and_Other.o [1]
_FuncStop               0x0086a8  0x14b  Code  Gb  key_and_Other.o [1]
_FuncStopReg            0x008623   0x33  Code  Gb  key_and_Other.o [1]
_FuncVentReg            0x0085b9   0x35  Code  Gb  key_and_Other.o [1]
_GetNoPushState         0x009b53   0x1a  Code  Gb  key_and_Other.o [1]
_GetRegMode             0x009ccc    0x3  Code  Gb  key_and_Other.o [1]
_IdClear                0x00841e   0x24  Code  Gb  key_and_Other.o [1]
_Init_RAM               0x0099d1   0x27  Code  Gb  initial.o [1]
_KeyInTx                0x0088b1  0x1b7  Code  Gb  key_and_Other.o [1]
_Pass3secKey            0x0085a0   0x19  Code  Gb  key_and_Other.o [1]
_RegistrationMode       0x008442  0x127  Code  Gb  key_and_Other.o [1]
_ReqBuzzer              0x008094   0x1d  Code  Gb  key_and_Other.o [1]
_ReqTxdEdit             0x0082f5   0xe0  Code  Gb  key_and_Other.o [1]
_SetKeyChatterCount     0x008898    0x9  Code  Gb  key_and_Other.o [1]
_SetRegistrationMode    0x0087f3   0x25  Code  Gb  key_and_Other.o [1]
_SwIn                   0x0088a1   0x10  Code  Gb  key_and_Other.o [1]
__DebugBreak            0x009cf5    0x1  Code  Gb  __dbg_break.o [3]
__exit                  0x009c1d   0x14  Code  Gb  __dbg_xxexit.o [3]
__iar_data_init2        0x009b85   0x17  Code  Gb  init.o [4]
__iar_program_start     0x009c31         Code  Gb  cstartup.o [4]
__iar_unhandled_exception
                        0x009cd8         Code  Gb  unhandled_exception.o [4]
__iar_zero_init2        0x009aa6         Code  Gb  init_small.o [4]
__intvec                0x008000         Data  Gb  interrupt.o [4]
__low_level_init        0x009cd2    0x3  Code  Gb  low_level_init.o [4]
_exit                   0x009cc7         Code  Gb  cexit.o [4]
_interrupt_1            0x009cdb         Code  Gb  stm8l15x_it.o [1]
_interrupt_10           0x009ce3         Code  Gb  stm8l15x_it.o [1]
_interrupt_11           0x009ce4         Code  Gb  stm8l15x_it.o [1]
_interrupt_12           0x009ce5         Code  Gb  stm8l15x_it.o [1]
_interrupt_13           0x009ce6         Code  Gb  stm8l15x_it.o [1]
_interrupt_14           0x009b9c         Code  Gb  stm8l15x_it.o [1]
_interrupt_15           0x009ce7         Code  Gb  stm8l15x_it.o [1]
_interrupt_16           0x009ce8         Code  Gb  stm8l15x_it.o [1]
_interrupt_17           0x009ce9         Code  Gb  stm8l15x_it.o [1]
_interrupt_18           0x009cea         Code  Gb  stm8l15x_it.o [1]
_interrupt_19           0x009ceb         Code  Gb  stm8l15x_it.o [1]
_interrupt_20           0x009bb2         Code  Gb  stm8l15x_it.o [1]
_interrupt_21           0x009cec         Code  Gb  stm8l15x_it.o [1]
_interrupt_22           0x009ced         Code  Gb  stm8l15x_it.o [1]
_interrupt_23           0x009cee         Code  Gb  stm8l15x_it.o [1]
_interrupt_24           0x009cef         Code  Gb  stm8l15x_it.o [1]
_interrupt_25           0x009cf0         Code  Gb  stm8l15x_it.o [1]
_interrupt_26           0x009cf1         Code  Gb  stm8l15x_it.o [1]
_interrupt_27           0x009bc8         Code  Gb  stm8l15x_it.o [1]
_interrupt_28           0x009cf2         Code  Gb  stm8l15x_it.o [1]
_interrupt_29           0x009cf3         Code  Gb  stm8l15x_it.o [1]
_interrupt_3            0x009cdc         Code  Gb  stm8l15x_it.o [1]
_interrupt_30           0x009bde         Code  Gb  stm8l15x_it.o [1]
_interrupt_31           0x009cf4         Code  Gb  stm8l15x_it.o [1]
_interrupt_4            0x009cdd         Code  Gb  stm8l15x_it.o [1]
_interrupt_5            0x009cde         Code  Gb  stm8l15x_it.o [1]
_interrupt_6            0x009cdf         Code  Gb  stm8l15x_it.o [1]
_interrupt_7            0x009ce0         Code  Gb  stm8l15x_it.o [1]
_interrupt_8            0x009ce1         Code  Gb  stm8l15x_it.o [1]
_interrupt_9            0x009ce2         Code  Gb  stm8l15x_it.o [1]
asc_hex                 0x009c44   0x12  Code  Gb  uart.o [1]
asc_hex_2               0x009b38   0x1b  Code  Gb  uart.o [1]
atol                    0x0083d5   0x49  Code  Gb  key_and_Other.o [1]
beep_init               0x009a40   0x21  Code  Gb  initial.o [1]
ct_KeyDataTable         0x009c56   0x11  Data  Gb  key_and_Other.o [1]
dd_set_ADF7021_Power_on
                        0x0099a7   0x2a  Code  Gb  adf7012.o [1]
dd_set_ADF7021_Power_on_Init
                        0x009827   0x50  Code  Gb  adf7012.o [1]
dd_set_TX_mode          0x0097ca   0x5d  Code  Gb  adf7012.o [1]
dd_write_7021_reg       0x0096fd   0x6d  Code  Gb  adf7012.o [1]
eeprom_sys_load         0x008eef  0x159  Code  Gb  eeprom.o [1]
exit                    0x009cd5    0x3  Code  Gb  exit.o [4]
hex_asc                 0x009b6d   0x18  Code  Gb  uart.o [1]
key_Value               0x00009f    0x2  Data  Gb  ram.o [1]
key_check               0x00905f  0x13c  Code  Gb  key_and_Other.o [1]
m_ChatterCount          0x000089    0x2  Data  Gb  ram.o [1]
m_KeyCloseCount         0x0000b3    0x1  Data  Gb  ram.o [1]
m_KeyCount              0x0000b6    0x1  Data  Gb  ram.o [1]
m_KeyDupli1stTimer      0x00008d    0x2  Data  Gb  ram.o [1]
m_KeyDupliSetTimeout    0x00008f    0x2  Data  Gb  ram.o [1]
m_KeyNew                0x0000ae    0x1  Data  Gb  ram.o [1]
m_KeyNo                 0x0000b1    0x1  Data  Gb  ram.o [1]
m_KeyOld                0x0000b0    0x1  Data  Gb  ram.o [1]
m_KeyOpenCount          0x0000b2    0x1  Data  Gb  ram.o [1]
m_KeyOptSetMode         0x0000b4    0x1  Data  Gb  ram.o [1]
m_KindOfKey             0x0000af    0x1  Data  Gb  ram.o [1]
m_RFNormalBuf           0x000010   0x28  Data  Gb  ram.o [1]
m_RegDigit              0x0000b8    0x1  Data  Gb  ram.o [1]
m_RegID                 0x000068    0x9  Data  Gb  ram.o [1]
m_RegMode               0x0000b7    0x1  Data  Gb  ram.o [1]
m_TimerKey              0x00008b    0x2  Data  Gb  ram.o [1]
m_TimerKeyMonitor       0x000093    0x2  Data  Gb  ram.o [1]
m_TimerRegMode          0x000095    0x2  Data  Gb  ram.o [1]
main                    0x009671   0x8c  Code  Gb  main.o [1]
rom_KeyOpt              0x0000b5    0x1  Data  Gb  ram.o [1]
test_mode_control       0x0092d0  0x104  Code  Gb  key_and_Other.o [1]
time_control            0x009a1d   0x23  Code  Gb  key_and_Other.o [1]
time_led                0x000091    0x2  Data  Gb  ram.o [1]
txphase                 0x000081    0x2  Data  Gb  ram.o [1]
txphase_Repeat          0x0000a6    0x1  Data  Gb  ram.o [1]
txphase_end             0x000083    0x2  Data  Gb  ram.o [1]


[1] = F:\Source Code\bunka-s\Bunka STM8L051F3 TX Source\Bunka STM8L051F3 TX Source Ver1.14\Debug\Obj
[2] = command line
[3] = dbgstm8ssd.a
[4] = dlstm8ssn.a

  7 245 bytes of readonly  code memory
    169 bytes of readonly  data memory
    443 bytes of readwrite data memory (+ 54 absolute)

Errors: none
Warnings: none
